     kworker/1:0-17    [001] d...   337.619748: sched_switch: prev_comm=kworker/1:0 prev_pid=17 prev_prio=120 prev_state=I ==> next_comm=rngd next_pid=353 next_prio=120
            rngd-353   [001] d...   337.619788: sched_switch: prev_comm=rngd prev_pid=353 prev_prio=120 prev_state=S ==> next_comm=swapper/1 next_pid=0 next_prio=120
          <idle>-0     [001] d...   337.723482: sched_switch: prev_comm=swapper/1 prev_pid=0 prev_prio=120 prev_state=R ==> next_comm=kworker/1:0 next_pid=17 next_prio=120
     kworker/1:0-17    [001] d...   337.723500: sched_switch: prev_comm=kworker/1:0 prev_pid=17 prev_prio=120 prev_state=I ==> next_comm=rngd next_pid=353 next_prio=120
            rngd-353   [001] d...   337.723538: sched_switch: prev_comm=rngd prev_pid=353 prev_prio=120 prev_state=S ==> next_comm=swapper/1 next_pid=0 next_prio=120
          <idle>-0     [001] d...   337.821595: sched_switch: prev_comm=swapper/1 prev_pid=0 prev_prio=120 prev_state=R ==> next_comm=rngd next_pid=353 next_prio=120
            rngd-353   [001] d...   337.821612: sched_switch: prev_comm=rngd prev_pid=353 prev_prio=120 prev_state=S ==> next_comm=swapper/1 next_pid=0 next_prio=120
          <idle>-0     [002] d...   337.832670: sched_switch: prev_comm=swapper/2 prev_pid=0 prev_prio=120 prev_state=R ==> next_comm=kworker/2:1 next_pid=33 next_prio=120
     kworker/2:1-33    [002] d...   337.832719: sched_switch: prev_comm=kworker/2:1 prev_pid=33 prev_prio=120 prev_state=D ==> next_comm=ksoftirqd/2 next_pid=21 next_prio=120
     ksoftirqd/2-21    [002] d...   337.832741: sched_switch: prev_comm=ksoftirqd/2 prev_pid=21 prev_prio=120 prev_state=S ==> next_comm=kworker/2:1 next_pid=33 next_prio=120
     kworker/2:1-33    [002] d...   337.832770: sched_switch: prev_comm=kworker/2:1 prev_pid=33 prev_prio=120 prev_state=I ==> next_comm=kworker/2:0 next_pid=885 next_prio=120
     kworker/2:0-885   [002] d...   337.832818: sched_switch: prev_comm=kworker/2:0 prev_pid=885 prev_prio=120 prev_state=I ==> next_comm=swapper/2 next_pid=0 next_prio=120
          <idle>-0     [001] d...   337.925474: sched_switch: prev_comm=swapper/1 prev_pid=0 prev_prio=120 prev_state=R ==> next_comm=rngd next_pid=353 next_prio=120
            rngd-353   [001] d...   337.925512: sched_switch: prev_comm=rngd prev_pid=353 prev_prio=120 prev_state=S ==> next_comm=swapper/1 next_pid=0 next_prio=120
          <idle>-0     [003] d...   338.002666: sched_switch: prev_comm=swapper/3 prev_pid=0 prev_prio=120 prev_state=R ==> next_comm=kworker/3:1 next_pid=876 next_prio=120
     kworker/3:1-876   [003] d...   338.002712: sched_switch: prev_comm=kworker/3:1 prev_pid=876 prev_prio=120 prev_state=I ==> next_comm=swapper/3 next_pid=0 next_prio=120
          <idle>-0     [001] d...   338.027593: sched_switch: prev_comm=swapper/1 prev_pid=0 prev_prio=120 prev_state=R ==> next_comm=rngd next_pid=353 next_prio=120
            rngd-353   [001] d...   338.027606: sched_switch: prev_comm=rngd prev_pid=353 prev_prio=120 prev_state=S ==> next_comm=swapper/1 next_pid=0 next_prio=120
          <idle>-0     [000] d...   338.027988: sched_switch: prev_comm=swapper/0 prev_pid=0 prev_prio=120 prev_state=R ==> next_comm=lxpanel next_pid=720 next_prio=120
         lxpanel-720   [000] d...   338.028045: sched_switch: prev_comm=lxpanel prev_pid=720 prev_prio=120 prev_state=S ==> next_comm=swapper/0 next_pid=0 next_prio=120
          <idle>-0     [000] d...   338.060104: sched_switch: prev_comm=swapper/0 prev_pid=0 prev_prio=120 prev_state=R ==> next_comm=lxpanel next_pid=720 next_prio=120
         lxpanel-720   [000] d...   338.062048: sched_switch: prev_comm=lxpanel prev_pid=720 prev_prio=120 prev_state=S ==> next_comm=Xorg next_pid=527 next_prio=120
            Xorg-527   [000] d...   338.062227: sched_switch: prev_comm=Xorg prev_pid=527 prev_prio=120 prev_state=S ==> next_comm=lxpanel next_pid=720 next_prio=120
         lxpanel-720   [000] d...   338.062754: sched_switch: prev_comm=lxpanel prev_pid=720 prev_prio=120 prev_state=R ==> next_comm=kworker/0:2 next_pid=164 next_prio=120
          <idle>-0     [003] d...   338.062764: sched_switch: prev_comm=swapper/3 prev_pid=0 prev_prio=120 prev_state=R ==> next_comm=rcu_sched next_pid=10 next_prio=120
          <idle>-0     [002] d...   338.062793: sched_switch: prev_comm=swapper/2 prev_pid=0 prev_prio=120 prev_state=R ==> next_comm=kworker/2:0 next_pid=885 next_prio=120
       rcu_sched-10    [003] d...   338.062794: sched_switch: prev_comm=rcu_sched prev_pid=10 prev_prio=120 prev_state=I ==> next_comm=kworker/3:1 next_pid=876 next_prio=120
     kworker/0:2-164   [000] d...   338.062803: sched_switch: prev_comm=kworker/0:2 prev_pid=164 prev_prio=120 prev_state=I ==> next_comm=lxpanel next_pid=720 next_prio=120
     kworker/3:1-876   [003] d...   338.062838: sched_switch: prev_comm=kworker/3:1 prev_pid=876 prev_prio=120 prev_state=I ==> next_comm=swapper/3 next_pid=0 next_prio=120
     kworker/2:0-885   [002] d...   338.062853: sched_switch: prev_comm=kworker/2:0 prev_pid=885 prev_prio=120 prev_state=I ==> next_comm=swapper/2 next_pid=0 next_prio=120
         lxpanel-720   [000] d...   338.063830: sched_switch: prev_comm=lxpanel prev_pid=720 prev_prio=120 prev_state=S ==> next_comm=Xorg next_pid=527 next_prio=120
            Xorg-527   [000] d...   338.064402: sched_switch: prev_comm=Xorg prev_pid=527 prev_prio=120 prev_state=S ==> next_comm=swapper/0 next_pid=0 next_prio=120
          <idle>-0     [003] d...   338.082682: sched_switch: prev_comm=swapper/3 prev_pid=0 prev_prio=120 prev_state=R ==> next_comm=rcu_sched next_pid=10 next_prio=120
       rcu_sched-10    [003] d...   338.082714: sched_switch: prev_comm=rcu_sched prev_pid=10 prev_prio=120 prev_state=I ==> next_comm=swapper/3 next_pid=0 next_prio=120
          <idle>-0     [003] d...   338.102663: sched_switch: prev_comm=swapper/3 prev_pid=0 prev_prio=120 prev_state=R ==> next_comm=rcu_sched next_pid=10 next_prio=120
       rcu_sched-10    [003] d...   338.102746: sched_switch: prev_comm=rcu_sched prev_pid=10 prev_prio=120 prev_state=I ==> next_comm=swapper/3 next_pid=0 next_prio=120
          <idle>-0     [003] d...   338.102765: sched_switch: prev_comm=swapper/3 prev_pid=0 prev_prio=120 prev_state=R ==> next_comm=kworker/3:1 next_pid=876 next_prio=120
     kworker/3:1-876   [003] d...   338.102792: sched_switch: prev_comm=kworker/3:1 prev_pid=876 prev_prio=120 prev_state=I ==> next_comm=swapper/3 next_pid=0 next_prio=120
          <idle>-0     [001] d...   338.125736: sched_switch: prev_comm=swapper/1 prev_pid=0 prev_prio=120 prev_state=R ==> next_comm=rngd next_pid=353 next_prio=120
            rngd-353   [001] d...   338.125756: sched_switch: prev_comm=rngd prev_pid=353 prev_prio=120 prev_state=S ==> next_comm=swapper/1 next_pid=0 next_prio=120
          <idle>-0     [001] d...   338.229605: sched_switch: prev_comm=swapper/1 prev_pid=0 prev_prio=120 prev_state=R ==> next_comm=kworker/1:0 next_pid=17 next_prio=120
     kworker/1:0-17    [001] d...   338.229626: sched_switch: prev_comm=kworker/1:0 prev_pid=17 prev_prio=120 prev_state=I ==> next_comm=rngd next_pid=353 next_prio=120
            rngd-353   [001] d...   338.229721: sched_switch: prev_comm=rngd prev_pid=353 prev_prio=120 prev_state=S ==> next_comm=swapper/1 next_pid=0 next_prio=120
          <idle>-0     [001] d...   338.331730: sched_switch: prev_comm=swapper/1 prev_pid=0 prev_prio=120 prev_state=R ==> next_comm=kworker/1:0 next_pid=17 next_prio=120
     kworker/1:0-17    [001] d...   338.331749: sched_switch: prev_comm=kworker/1:0 prev_pid=17 prev_prio=120 prev_state=I ==> next_comm=rngd next_pid=353 next_prio=120
            rngd-353   [001] d...   338.331810: sched_switch: prev_comm=rngd prev_pid=353 prev_prio=120 prev_state=S ==> next_comm=swapper/1 next_pid=0 next_prio=120
          <idle>-0     [003] d...   338.392674: sched_switch: prev_comm=swapper/3 prev_pid=0 prev_prio=120 prev_state=R ==> next_comm=kworker/3:2H next_pid=87 next_prio=100
    kworker/3:2H-87    [003] d...   338.392696: sched_switch: prev_comm=kworker/3:2H prev_pid=87 prev_prio=100 prev_state=I ==> next_comm=jbd2/mmcblk0p2- next_pid=75 next_prio=120
 jbd2/mmcblk0p2--75    [003] d...   338.392983: sched_switch: prev_comm=jbd2/mmcblk0p2- prev_pid=75 prev_prio=120 prev_state=R+ ==> next_comm=kworker/3:2H next_pid=87 next_prio=100
    kworker/3:2H-87    [003] d...   338.393107: sched_switch: prev_comm=kworker/3:2H prev_pid=87 prev_prio=100 prev_state=I ==> next_comm=jbd2/mmcblk0p2- next_pid=75 next_prio=120
 jbd2/mmcblk0p2--75    [003] d...   338.393119: sched_switch: prev_comm=jbd2/mmcblk0p2- prev_pid=75 prev_prio=120 prev_state=D ==> next_comm=kworker/3:1 next_pid=876 next_prio=120
     kworker/3:1-876   [003] d...   338.393176: sched_switch: prev_comm=kworker/3:1 prev_pid=876 prev_prio=120 prev_state=I ==> next_comm=swapper/3 next_pid=0 next_prio=120
          <idle>-0     [001] d...   338.435484: sched_switch: prev_comm=swapper/1 prev_pid=0 prev_prio=120 prev_state=R ==> next_comm=kworker/1:0 next_pid=17 next_prio=120
     kworker/1:0-17    [001] d...   338.435502: sched_switch: prev_comm=kworker/1:0 prev_pid=17 prev_prio=120 prev_state=I ==> next_comm=rngd next_pid=353 next_prio=120
            rngd-353   [001] d...   338.435569: sched_switch: prev_comm=rngd prev_pid=353 prev_prio=120 prev_state=S ==> next_comm=swapper/1 next_pid=0 next_prio=120
          <idle>-0     [001] d...   338.533722: sched_switch: prev_comm=swapper/1 prev_pid=0 prev_prio=120 prev_state=R ==> next_comm=rngd next_pid=353 next_prio=120
            rngd-353   [001] d...   338.533760: sched_switch: prev_comm=rngd prev_pid=353 prev_prio=120 prev_state=S ==> next_comm=swapper/1 next_pid=0 next_prio=120
          <idle>-0     [003] d...   338.552670: sched_switch: prev_comm=swapper/3 prev_pid=0 prev_prio=120 prev_state=R ==> next_comm=kworker/3:1 next_pid=876 next_prio=120
     kworker/3:1-876   [003] d...   338.552721: sched_switch: prev_comm=kworker/3:1 prev_pid=876 prev_prio=120 prev_state=D ==> next_comm=kworker/3:3 next_pid=438 next_prio=120
     kworker/3:3-438   [003] d...   338.552747: sched_switch: prev_comm=kworker/3:3 prev_pid=438 prev_prio=120 prev_state=I ==> next_comm=kworker/3:1 next_pid=876 next_prio=120
     kworker/3:1-876   [003] d...   338.552813: sched_switch: prev_comm=kworker/3:1 prev_pid=876 prev_prio=120 prev_state=I ==> next_comm=swapper/3 next_pid=0 next_prio=120
          <idle>-0     [000] d...   338.579364: sched_switch: prev_comm=swapper/0 prev_pid=0 prev_prio=120 prev_state=R ==> next_comm=kworker/0:2 next_pid=164 next_prio=120
     kworker/0:2-164   [000] d...   338.579381: sched_switch: prev_comm=kworker/0:2 prev_pid=164 prev_prio=120 prev_state=I ==> next_comm=kworker/0:1H next_pid=73 next_prio=100
    kworker/0:1H-73    [000] d...   338.579421: sched_switch: prev_comm=kworker/0:1H prev_pid=73 prev_prio=100 prev_state=D ==> next_comm=ksoftirqd/0 next_pid=9 next_prio=120
     ksoftirqd/0-9     [000] d...   338.579464: sched_switch: prev_comm=ksoftirqd/0 prev_pid=9 prev_prio=120 prev_state=S ==> next_comm=kworker/0:1H next_pid=73 next_prio=100
    kworker/0:1H-73    [000] d...   338.579488: sched_switch: prev_comm=kworker/0:1H prev_pid=73 prev_prio=100 prev_state=I ==> next_comm=kworker/0:2 next_pid=164 next_prio=120
     kworker/0:2-164   [000] d...   338.579547: sched_switch: prev_comm=kworker/0:2 prev_pid=164 prev_prio=120 prev_state=I ==> next_comm=swapper/0 next_pid=0 next_prio=120
          <idle>-0     [003] d...   338.579552: sched_switch: prev_comm=swapper/3 prev_pid=0 prev_prio=120 prev_state=R ==> next_comm=jbd2/mmcblk0p2- next_pid=75 next_prio=120
 jbd2/mmcblk0p2--75    [003] d...   338.579632: sched_switch: prev_comm=jbd2/mmcblk0p2- prev_pid=75 prev_prio=120 prev_state=R+ ==> next_comm=kworker/3:2H next_pid=87 next_prio=100
    kworker/3:2H-87    [003] d...   338.579691: sched_switch: prev_comm=kworker/3:2H prev_pid=87 prev_prio=100 prev_state=I ==> next_comm=jbd2/mmcblk0p2- next_pid=75 next_prio=120
 jbd2/mmcblk0p2--75    [003] d...   338.579702: sched_switch: prev_comm=jbd2/mmcblk0p2- prev_pid=75 prev_prio=120 prev_state=D ==> next_comm=kworker/3:1 next_pid=876 next_prio=120
     kworker/3:1-876   [003] d...   338.579732: sched_switch: prev_comm=kworker/3:1 prev_pid=876 prev_prio=120 prev_state=I ==> next_comm=swapper/3 next_pid=0 next_prio=120
          <idle>-0     [000] d...   338.581851: sched_switch: prev_comm=swapper/0 prev_pid=0 prev_prio=120 prev_state=R ==> next_comm=kworker/0:1H next_pid=73 next_prio=100
    kworker/0:1H-73    [000] d...   338.581880: sched_switch: prev_comm=kworker/0:1H prev_pid=73 prev_prio=100 prev_state=D ==> next_comm=kworker/0:2 next_pid=164 next_prio=120
     kworker/0:2-164   [000] d...   338.581892: sched_switch: prev_comm=kworker/0:2 prev_pid=164 prev_prio=120 prev_state=I ==> next_comm=ksoftirqd/0 next_pid=9 next_prio=120
     ksoftirqd/0-9     [000] d...   338.581914: sched_switch: prev_comm=ksoftirqd/0 prev_pid=9 prev_prio=120 prev_state=R+ ==> next_comm=kworker/0:1H next_pid=73 next_prio=100
    kworker/0:1H-73    [000] d...   338.581932: sched_switch: prev_comm=kworker/0:1H prev_pid=73 prev_prio=100 prev_state=I ==> next_comm=kworker/0:2 next_pid=164 next_prio=120
     kworker/0:2-164   [000] d...   338.581946: sched_switch: prev_comm=kworker/0:2 prev_pid=164 prev_prio=120 prev_state=I ==> next_comm=ksoftirqd/0 next_pid=9 next_prio=120
          <idle>-0     [003] d...   338.581950: sched_switch: prev_comm=swapper/3 prev_pid=0 prev_prio=120 prev_state=R ==> next_comm=jbd2/mmcblk0p2- next_pid=75 next_prio=120
     ksoftirqd/0-9     [000] d...   338.581980: sched_switch: prev_comm=ksoftirqd/0 prev_pid=9 prev_prio=120 prev_state=S ==> next_comm=swapper/0 next_pid=0 next_prio=120
 jbd2/mmcblk0p2--75    [003] d...   338.582000: sched_switch: prev_comm=jbd2/mmcblk0p2- prev_pid=75 prev_prio=120 prev_state=S ==> next_comm=swapper/3 next_pid=0 next_prio=120
          <idle>-0     [000] d...   338.629398: sched_switch: prev_comm=swapper/0 prev_pid=0 prev_prio=120 prev_state=R ==> next_comm=lxpanel next_pid=720 next_prio=120
          <idle>-0     [001] d...   338.629477: sched_switch: prev_comm=swapper/1 prev_pid=0 prev_prio=120 prev_state=R ==> next_comm=rngd next_pid=353 next_prio=120
            rngd-353   [001] d...   338.629516: sched_switch: prev_comm=rngd prev_pid=353 prev_prio=120 prev_state=S ==> next_comm=swapper/1 next_pid=0 next_prio=120
         lxpanel-720   [000] d...   338.629551: sched_switch: prev_comm=lxpanel prev_pid=720 prev_prio=120 prev_state=S ==> next_comm=swapper/0 next_pid=0 next_prio=120
          <idle>-0     [001] d...   338.731731: sched_switch: prev_comm=swapper/1 prev_pid=0 prev_prio=120 prev_state=R ==> next_comm=kworker/1:0 next_pid=17 next_prio=120
     kworker/1:0-17    [001] d...   338.731752: sched_switch: prev_comm=kworker/1:0 prev_pid=17 prev_prio=120 prev_state=I ==> next_comm=rngd next_pid=353 next_prio=120
            rngd-353   [001] d...   338.731839: sched_switch: prev_comm=rngd prev_pid=353 prev_prio=120 prev_state=S ==> next_comm=swapper/1 next_pid=0 next_prio=120
          <idle>-0     [001] d...   338.829725: sched_switch: prev_comm=swapper/1 prev_pid=0 prev_prio=120 prev_state=R ==> next_comm=rngd next_pid=353 next_prio=120
            rngd-353   [001] d...   338.829785: sched_switch: prev_comm=rngd prev_pid=353 prev_prio=120 prev_state=S ==> next_comm=swapper/1 next_pid=0 next_prio=120
          <idle>-0     [002] d...   338.872687: sched_switch: prev_comm=swapper/2 prev_pid=0 prev_prio=120 prev_state=R ==> next_comm=kworker/2:0 next_pid=885 next_prio=120
     kworker/2:0-885   [002] d...   338.872727: sched_switch: prev_comm=kworker/2:0 prev_pid=885 prev_prio=120 prev_state=R+ ==> next_comm=ksoftirqd/2 next_pid=21 next_prio=120
     ksoftirqd/2-21    [002] d...   338.872746: sched_switch: prev_comm=ksoftirqd/2 prev_pid=21 prev_prio=120 prev_state=S ==> next_comm=kworker/2:0 next_pid=885 next_prio=120
     kworker/2:0-885   [002] d...   338.872809: sched_switch: prev_comm=kworker/2:0 prev_pid=885 prev_prio=120 prev_state=D ==> next_comm=kworker/2:1 next_pid=33 next_prio=120
     kworker/2:1-33    [002] d...   338.872895: sched_switch: prev_comm=kworker/2:1 prev_pid=33 prev_prio=120 prev_state=I ==> next_comm=swapper/2 next_pid=0 next_prio=120
          <idle>-0     [002] d...   338.872907: sched_switch: prev_comm=swapper/2 prev_pid=0 prev_prio=120 prev_state=R ==> next_comm=kworker/2:0 next_pid=885 next_prio=120
     kworker/2:0-885   [002] d...   338.872945: sched_switch: prev_comm=kworker/2:0 prev_pid=885 prev_prio=120 prev_state=D ==> next_comm=swapper/2 next_pid=0 next_prio=120
          <idle>-0     [002] d...   338.873001: sched_switch: prev_comm=swapper/2 prev_pid=0 prev_prio=120 prev_state=R ==> next_comm=kworker/2:0 next_pid=885 next_prio=120
     kworker/2:0-885   [002] d...   338.873028: sched_switch: prev_comm=kworker/2:0 prev_pid=885 prev_prio=120 prev_state=D ==> next_comm=swapper/2 next_pid=0 next_prio=120
          <idle>-0     [002] d...   338.873083: sched_switch: prev_comm=swapper/2 prev_pid=0 prev_prio=120 prev_state=R ==> next_comm=kworker/2:0 next_pid=885 next_prio=120
     kworker/2:0-885   [002] d...   338.873110: sched_switch: prev_comm=kworker/2:0 prev_pid=885 prev_prio=120 prev_state=D ==> next_comm=swapper/2 next_pid=0 next_prio=120
          <idle>-0     [002] d...   338.873166: sched_switch: prev_comm=swapper/2 prev_pid=0 prev_prio=120 prev_state=R ==> next_comm=kworker/2:0 next_pid=885 next_prio=120
     kworker/2:0-885   [002] d...   338.873180: sched_switch: prev_comm=kworker/2:0 prev_pid=885 prev_prio=120 prev_state=I ==> next_comm=swapper/2 next_pid=0 next_prio=120
          <idle>-0     [001] d...   338.915722: sched_switch: prev_comm=swapper/1 prev_pid=0 prev_prio=120 prev_state=R ==> next_comm=rngd next_pid=353 next_prio=120
            rngd-353   [001] d...   338.915760: sched_switch: prev_comm=rngd prev_pid=353 prev_prio=120 prev_state=S ==> next_comm=swapper/1 next_pid=0 next_prio=120
          <idle>-0     [003] d...   338.947773: sched_switch: prev_comm=swapper/3 prev_pid=0 prev_prio=120 prev_state=R ==> next_comm=gmain next_pid=691 next_prio=120
           gmain-691   [003] d...   338.947871: sched_switch: prev_comm=gmain prev_pid=691 prev_prio=120 prev_state=S ==> next_comm=swapper/3 next_pid=0 next_prio=120
          <idle>-0     [002] d...   338.952677: sched_switch: prev_comm=swapper/2 prev_pid=0 prev_prio=120 prev_state=R ==> next_comm=kworker/2:0 next_pid=885 next_prio=120
     kworker/2:0-885   [002] d...   338.952741: sched_switch: prev_comm=kworker/2:0 prev_pid=885 prev_prio=120 prev_state=I ==> next_comm=swapper/2 next_pid=0 next_prio=120
          <idle>-0     [003] d...   339.002683: sched_switch: prev_comm=swapper/3 prev_pid=0 prev_prio=120 prev_state=R ==> next_comm=kworker/3:1 next_pid=876 next_prio=120
     kworker/3:1-876   [003] d...   339.002732: sched_switch: prev_comm=kworker/3:1 prev_pid=876 prev_prio=120 prev_state=I ==> next_comm=swapper/3 next_pid=0 next_prio=120
          <idle>-0     [001] d...   339.019473: sched_switch: prev_comm=swapper/1 prev_pid=0 prev_prio=120 prev_state=R ==> next_comm=rngd next_pid=353 next_prio=120
            rngd-353   [001] d...   339.019486: sched_switch: prev_comm=rngd prev_pid=353 prev_prio=120 prev_state=S ==> next_comm=swapper/1 next_pid=0 next_prio=120
          <idle>-0     [001] d...   339.117603: sched_switch: prev_comm=swapper/1 prev_pid=0 prev_prio=120 prev_state=R ==> next_comm=kworker/1:0 next_pid=17 next_prio=120
     kworker/1:0-17    [001] d...   339.117621: sched_switch: prev_comm=kworker/1:0 prev_pid=17 prev_prio=120 prev_state=I ==> next_comm=rngd next_pid=353 next_prio=120
            rngd-353   [001] d...   339.117686: sched_switch: prev_comm=rngd prev_pid=353 prev_prio=120 prev_state=S ==> next_comm=swapper/1 next_pid=0 next_prio=120
          <idle>-0     [001] d...   339.221484: sched_switch: prev_comm=swapper/1 prev_pid=0 prev_prio=120 prev_state=R ==> next_comm=kworker/1:0 next_pid=17 next_prio=120
     kworker/1:0-17    [001] d...   339.221502: sched_switch: prev_comm=kworker/1:0 prev_pid=17 prev_prio=120 prev_state=I ==> next_comm=rngd next_pid=353 next_prio=120
            rngd-353   [001] d...   339.221541: sched_switch: prev_comm=rngd prev_pid=353 prev_prio=120 prev_state=S ==> next_comm=swapper/1 next_pid=0 next_prio=120
          <idle>-0     [000] d...   339.230154: sched_switch: prev_comm=swapper/0 prev_pid=0 prev_prio=120 prev_state=R ==> next_comm=lxpanel next_pid=720 next_prio=120
         lxpanel-720   [000] d...   339.230254: sched_switch: prev_comm=lxpanel prev_pid=720 prev_prio=120 prev_state=S ==> next_comm=swapper/0 next_pid=0 next_prio=120
          <idle>-0     [001] d...   339.243760: sched_switch: prev_comm=swapper/1 prev_pid=0 prev_prio=120 prev_state=R ==> next_comm=rngd next_pid=353 next_prio=120
            rngd-353   [001] d...   339.243773: sched_switch: prev_comm=rngd prev_pid=353 prev_prio=120 prev_state=S ==> next_comm=swapper/1 next_pid=0 next_prio=120
          <idle>-0     [001] d...   339.243802: sched_switch: prev_comm=swapper/1 prev_pid=0 prev_prio=120 prev_state=R ==> next_comm=thd next_pid=335 next_prio=120
          <idle>-0     [000] d...   339.243836: sched_switch: prev_comm=swapper/0 prev_pid=0 prev_prio=120 prev_state=R ==> next_comm=kworker/0:2 next_pid=164 next_prio=120
     kworker/0:2-164   [000] d...   339.243861: sched_switch: prev_comm=kworker/0:2 prev_pid=164 prev_prio=120 prev_state=I ==> next_comm=ksoftirqd/0 next_pid=9 next_prio=120
     ksoftirqd/0-9     [000] d...   339.243876: sched_switch: prev_comm=ksoftirqd/0 prev_pid=9 prev_prio=120 prev_state=S ==> next_comm=InputThread next_pid=578 next_prio=120
             thd-335   [001] d...   339.243953: sched_switch: prev_comm=thd prev_pid=335 prev_prio=120 prev_state=S ==> next_comm=swapper/1 next_pid=0 next_prio=120
     InputThread-578   [000] d...   339.244061: sched_switch: prev_comm=InputThread prev_pid=578 prev_prio=120 prev_state=S ==> next_comm=Xorg next_pid=527 next_prio=120
          <idle>-0     [001] d...   339.244546: sched_switch: prev_comm=swapper/1 prev_pid=0 prev_prio=120 prev_state=R ==> next_comm=lxterminal next_pid=836 next_prio=120
            Xorg-527   [000] d...   339.244600: sched_switch: prev_comm=Xorg prev_pid=527 prev_prio=120 prev_state=S ==> next_comm=swapper/0 next_pid=0 next_prio=120
      lxterminal-836   [001] d...   339.245178: sched_switch: prev_comm=lxterminal prev_pid=836 prev_prio=120 prev_state=R ==> next_comm=kworker/u8:2 next_pid=97 next_prio=120
    kworker/u8:2-97    [001] d...   339.245221: sched_switch: prev_comm=kworker/u8:2 prev_pid=97 prev_prio=120 prev_state=I ==> next_comm=bash next_pid=855 next_prio=120
          <idle>-0     [002] d...   339.246155: sched_switch: prev_comm=swapper/2 prev_pid=0 prev_prio=120 prev_state=R ==> next_comm=bash next_pid=886 next_prio=120
            bash-855   [001] d...   339.246428: sched_switch: prev_comm=bash prev_pid=855 prev_prio=120 prev_state=S ==> next_comm=kworker/u8:2 next_pid=97 next_prio=120
    kworker/u8:2-97    [001] d...   339.246468: sched_switch: prev_comm=kworker/u8:2 prev_pid=97 prev_prio=120 prev_state=I ==> next_comm=lxterminal next_pid=836 next_prio=120
          <idle>-0     [000] d...   339.246777: sched_switch: prev_comm=swapper/0 prev_pid=0 prev_prio=120 prev_state=R ==> next_comm=Xorg next_pid=527 next_prio=120
            Xorg-527   [000] d...   339.247066: sched_switch: prev_comm=Xorg prev_pid=527 prev_prio=120 prev_state=S ==> next_comm=openbox next_pid=714 next_prio=120
      lxterminal-836   [001] d...   339.247171: sched_switch: prev_comm=lxterminal prev_pid=836 prev_prio=120 prev_state=S ==> next_comm=swapper/1 next_pid=0 next_prio=120
         openbox-714   [000] d...   339.247234: sched_switch: prev_comm=openbox prev_pid=714 prev_prio=120 prev_state=S ==> next_comm=lxpanel next_pid=720 next_prio=120
         lxpanel-720   [000] d...   339.247430: sched_switch: prev_comm=lxpanel prev_pid=720 prev_prio=120 prev_state=S ==> next_comm=Xorg next_pid=527 next_prio=120
            bash-886   [002] d...   339.247484: sched_switch: prev_comm=bash prev_pid=886 prev_prio=120 prev_state=D ==> next_comm=kworker/2:1H next_pid=72 next_prio=100
            Xorg-527   [000] d...   339.247527: sched_switch: prev_comm=Xorg prev_pid=527 prev_prio=120 prev_state=S ==> next_comm=openbox next_pid=714 next_prio=120
    kworker/2:1H-72    [002] d...   339.247596: sched_switch: prev_comm=kworker/2:1H prev_pid=72 prev_prio=100 prev_state=I ==> next_comm=kworker/2:0 next_pid=885 next_prio=120
         openbox-714   [000] d...   339.247636: sched_switch: prev_comm=openbox prev_pid=714 prev_prio=120 prev_state=S ==> next_comm=Xorg next_pid=527 next_prio=120
     kworker/2:0-885   [002] d...   339.247662: sched_switch: prev_comm=kworker/2:0 prev_pid=885 prev_prio=120 prev_state=I ==> next_comm=swapper/2 next_pid=0 next_prio=120
            Xorg-527   [000] d...   339.247728: sched_switch: prev_comm=Xorg prev_pid=527 prev_prio=120 prev_state=S ==> next_comm=openbox next_pid=714 next_prio=120
         openbox-714   [000] d...   339.247869: sched_switch: prev_comm=openbox prev_pid=714 prev_prio=120 prev_state=S ==> next_comm=swapper/0 next_pid=0 next_prio=120
          <idle>-0     [000] d...   339.248359: sched_switch: prev_comm=swapper/0 prev_pid=0 prev_prio=120 prev_state=R ==> next_comm=kworker/0:2 next_pid=164 next_prio=120
     kworker/0:2-164   [000] d...   339.248377: sched_switch: prev_comm=kworker/0:2 prev_pid=164 prev_prio=120 prev_state=I ==> next_comm=kworker/0:1H next_pid=73 next_prio=100
    kworker/0:1H-73    [000] d...   339.248438: sched_switch: prev_comm=kworker/0:1H prev_pid=73 prev_prio=100 prev_state=I ==> next_comm=swapper/0 next_pid=0 next_prio=120
          <idle>-0     [002] d...   339.248442: sched_switch: prev_comm=swapper/2 prev_pid=0 prev_prio=120 prev_state=R ==> next_comm=bash next_pid=886 next_prio=120
          <idle>-0     [003] d...   339.252815: sched_switch: prev_comm=swapper/3 prev_pid=0 prev_prio=120 prev_state=R ==> next_comm=rcu_sched next_pid=10 next_prio=120
       rcu_sched-10    [003] d...   339.252857: sched_switch: prev_comm=rcu_sched prev_pid=10 prev_prio=120 prev_state=I ==> next_comm=swapper/3 next_pid=0 next_prio=120
          <idle>-0     [001] d...   339.254626: sched_switch: prev_comm=swapper/1 prev_pid=0 prev_prio=120 prev_state=R ==> next_comm=kworker/u8:2 next_pid=97 next_prio=120
    kworker/u8:2-97    [001] d...   339.254674: sched_switch: prev_comm=kworker/u8:2 prev_pid=97 prev_prio=120 prev_state=I ==> next_comm=lxterminal next_pid=836 next_prio=120
      lxterminal-836   [001] d...   339.254944: sched_switch: prev_comm=lxterminal prev_pid=836 prev_prio=120 prev_state=S ==> next_comm=swapper/1 next_pid=0 next_prio=120
