          <idle>-0     [001] d...   335.804457: sched_switch: prev_comm=swapper/1 prev_pid=0 prev_prio=120 prev_state=R ==> next_comm=lxterminal next_pid=836 next_prio=120
            Xorg-527   [000] d...   335.804508: sched_switch: prev_comm=Xorg prev_pid=527 prev_prio=120 prev_state=S ==> next_comm=swapper/0 next_pid=0 next_prio=120
          <idle>-0     [000] d...   335.805016: sched_switch: prev_comm=swapper/0 prev_pid=0 prev_prio=120 prev_state=R ==> next_comm=kworker/u8:2 next_pid=97 next_prio=120
    kworker/u8:2-97    [000] d...   335.805058: sched_switch: prev_comm=kworker/u8:2 prev_pid=97 prev_prio=120 prev_state=I ==> next_comm=bash next_pid=855 next_prio=120
            bash-855   [000] d...   335.805176: sched_switch: prev_comm=bash prev_pid=855 prev_prio=120 prev_state=R+ ==> next_comm=Xorg next_pid=527 next_prio=120
      lxterminal-836   [001] d...   335.805263: sched_switch: prev_comm=lxterminal prev_pid=836 prev_prio=120 prev_state=S ==> next_comm=swapper/1 next_pid=0 next_prio=120
          <idle>-0     [001] d...   335.805301: sched_switch: prev_comm=swapper/1 prev_pid=0 prev_prio=120 prev_state=R ==> next_comm=lxterminal next_pid=836 next_prio=120
            Xorg-527   [000] d...   335.805392: sched_switch: prev_comm=Xorg prev_pid=527 prev_prio=120 prev_state=S ==> next_comm=openbox next_pid=714 next_prio=120
      lxterminal-836   [001] d...   335.805453: sched_switch: prev_comm=lxterminal prev_pid=836 prev_prio=120 prev_state=S ==> next_comm=swapper/1 next_pid=0 next_prio=120
         openbox-714   [000] d...   335.805614: sched_switch: prev_comm=openbox prev_pid=714 prev_prio=120 prev_state=S ==> next_comm=lxpanel next_pid=720 next_prio=120
          <idle>-0     [001] d...   335.805736: sched_switch: prev_comm=swapper/1 prev_pid=0 prev_prio=120 prev_state=R ==> next_comm=rngd next_pid=353 next_prio=120
            rngd-353   [001] d...   335.805807: sched_switch: prev_comm=rngd prev_pid=353 prev_prio=120 prev_state=S ==> next_comm=bash next_pid=855 next_prio=120
         lxpanel-720   [000] d...   335.805846: sched_switch: prev_comm=lxpanel prev_pid=720 prev_prio=120 prev_state=S ==> next_comm=Xorg next_pid=527 next_prio=120
            bash-855   [001] d...   335.805878: sched_switch: prev_comm=bash prev_pid=855 prev_prio=120 prev_state=S ==> next_comm=kworker/u8:2 next_pid=97 next_prio=120
    kworker/u8:2-97    [001] d...   335.805906: sched_switch: prev_comm=kworker/u8:2 prev_pid=97 prev_prio=120 prev_state=I ==> next_comm=lxterminal next_pid=836 next_prio=120
            Xorg-527   [000] d...   335.805939: sched_switch: prev_comm=Xorg prev_pid=527 prev_prio=120 prev_state=S ==> next_comm=openbox next_pid=714 next_prio=120
      lxterminal-836   [001] d...   335.806035: sched_switch: prev_comm=lxterminal prev_pid=836 prev_prio=120 prev_state=S ==> next_comm=swapper/1 next_pid=0 next_prio=120
         openbox-714   [000] d...   335.806044: sched_switch: prev_comm=openbox prev_pid=714 prev_prio=120 prev_state=S ==> next_comm=Xorg next_pid=527 next_prio=120
            Xorg-527   [000] d...   335.806142: sched_switch: prev_comm=Xorg prev_pid=527 prev_prio=120 prev_state=S ==> next_comm=openbox next_pid=714 next_prio=120
         openbox-714   [000] d...   335.806263: sched_switch: prev_comm=openbox prev_pid=714 prev_prio=120 prev_state=S ==> next_comm=swapper/0 next_pid=0 next_prio=120
          <idle>-0     [001] d...   335.816090: sched_switch: prev_comm=swapper/1 prev_pid=0 prev_prio=120 prev_state=R ==> next_comm=kworker/1:0 next_pid=17 next_prio=120
     kworker/1:0-17    [001] d...   335.816120: sched_switch: prev_comm=kworker/1:0 prev_pid=17 prev_prio=120 prev_state=I ==> next_comm=lxterminal next_pid=836 next_prio=120
      lxterminal-836   [001] d...   335.816408: sched_switch: prev_comm=lxterminal prev_pid=836 prev_prio=120 prev_state=S ==> next_comm=swapper/1 next_pid=0 next_prio=120
          <idle>-0     [001] d...   335.831368: sched_switch: prev_comm=swapper/1 prev_pid=0 prev_prio=120 prev_state=R ==> next_comm=lxterminal next_pid=836 next_prio=120
          <idle>-0     [000] d...   335.832104: sched_switch: prev_comm=swapper/0 prev_pid=0 prev_prio=120 prev_state=R ==> next_comm=Xorg next_pid=527 next_prio=120
      lxterminal-836   [001] d...   335.832158: sched_switch: prev_comm=lxterminal prev_pid=836 prev_prio=120 prev_state=S ==> next_comm=swapper/1 next_pid=0 next_prio=120
            Xorg-527   [000] d...   335.832479: sched_switch: prev_comm=Xorg prev_pid=527 prev_prio=120 prev_state=S ==> next_comm=swapper/0 next_pid=0 next_prio=120
          <idle>-0     [001] d...   335.862210: sched_switch: prev_comm=swapper/1 prev_pid=0 prev_prio=120 prev_state=R ==> next_comm=lxterminal next_pid=836 next_prio=120
      lxterminal-836   [001] d...   335.862372: sched_switch: prev_comm=lxterminal prev_pid=836 prev_prio=120 prev_state=S ==> next_comm=swapper/1 next_pid=0 next_prio=120
          <idle>-0     [001] d...   335.884864: sched_switch: prev_comm=swapper/1 prev_pid=0 prev_prio=120 prev_state=R ==> next_comm=wpa_supplicant next_pid=345 next_prio=120
  wpa_supplicant-345   [001] d...   335.884932: sched_switch: prev_comm=wpa_supplicant prev_pid=345 prev_prio=120 prev_state=S ==> next_comm=swapper/1 next_pid=0 next_prio=120
          <idle>-0     [001] d...   335.909604: sched_switch: prev_comm=swapper/1 prev_pid=0 prev_prio=120 prev_state=R ==> next_comm=rngd next_pid=353 next_prio=120
            rngd-353   [001] d...   335.909657: sched_switch: prev_comm=rngd prev_pid=353 prev_prio=120 prev_state=S ==> next_comm=swapper/1 next_pid=0 next_prio=120
          <idle>-0     [001] d...   335.955789: sched_switch: prev_comm=swapper/1 prev_pid=0 prev_prio=120 prev_state=R ==> next_comm=kworker/1:0 next_pid=17 next_prio=120
     kworker/1:0-17    [001] d...   335.955837: sched_switch: prev_comm=kworker/1:0 prev_pid=17 prev_prio=120 prev_state=I ==> next_comm=thd next_pid=335 next_prio=120
          <idle>-0     [000] d...   335.955869: sched_switch: prev_comm=swapper/0 prev_pid=0 prev_prio=120 prev_state=R ==> next_comm=kworker/0:2 next_pid=164 next_prio=120
     kworker/0:2-164   [000] d...   335.955899: sched_switch: prev_comm=kworker/0:2 prev_pid=164 prev_prio=120 prev_state=I ==> next_comm=ksoftirqd/0 next_pid=9 next_prio=120
     ksoftirqd/0-9     [000] d...   335.955917: sched_switch: prev_comm=ksoftirqd/0 prev_pid=9 prev_prio=120 prev_state=S ==> next_comm=InputThread next_pid=578 next_prio=120
             thd-335   [001] d...   335.955960: sched_switch: prev_comm=thd prev_pid=335 prev_prio=120 prev_state=S ==> next_comm=rngd next_pid=353 next_prio=120
            rngd-353   [001] d...   335.956064: sched_switch: prev_comm=rngd prev_pid=353 prev_prio=120 prev_state=S ==> next_comm=swapper/1 next_pid=0 next_prio=120
     InputThread-578   [000] d...   335.956092: sched_switch: prev_comm=InputThread prev_pid=578 prev_prio=120 prev_state=S ==> next_comm=Xorg next_pid=527 next_prio=120
          <idle>-0     [001] d...   335.956273: sched_switch: prev_comm=swapper/1 prev_pid=0 prev_prio=120 prev_state=R ==> next_comm=lxterminal next_pid=836 next_prio=120
            Xorg-527   [000] d...   335.956690: sched_switch: prev_comm=Xorg prev_pid=527 prev_prio=120 prev_state=S ==> next_comm=swapper/0 next_pid=0 next_prio=120
          <idle>-0     [000] d...   335.957218: sched_switch: prev_comm=swapper/0 prev_pid=0 prev_prio=120 prev_state=R ==> next_comm=Xorg next_pid=527 next_prio=120
      lxterminal-836   [001] d...   335.957243: sched_switch: prev_comm=lxterminal prev_pid=836 prev_prio=120 prev_state=S ==> next_comm=kworker/u8:2 next_pid=97 next_prio=120
    kworker/u8:2-97    [001] d...   335.957289: sched_switch: prev_comm=kworker/u8:2 prev_pid=97 prev_prio=120 prev_state=I ==> next_comm=bash next_pid=855 next_prio=120
            Xorg-527   [000] d...   335.957415: sched_switch: prev_comm=Xorg prev_pid=527 prev_prio=120 prev_state=S ==> next_comm=openbox next_pid=714 next_prio=120
            bash-855   [001] d...   335.957444: sched_switch: prev_comm=bash prev_pid=855 prev_prio=120 prev_state=S ==> next_comm=kworker/u8:2 next_pid=97 next_prio=120
    kworker/u8:2-97    [001] d...   335.957464: sched_switch: prev_comm=kworker/u8:2 prev_pid=97 prev_prio=120 prev_state=I ==> next_comm=lxterminal next_pid=836 next_prio=120
         openbox-714   [000] d...   335.957643: sched_switch: prev_comm=openbox prev_pid=714 prev_prio=120 prev_state=S ==> next_comm=lxpanel next_pid=720 next_prio=120
      lxterminal-836   [001] d...   335.957746: sched_switch: prev_comm=lxterminal prev_pid=836 prev_prio=120 prev_state=S ==> next_comm=swapper/1 next_pid=0 next_prio=120
         lxpanel-720   [000] d...   335.957860: sched_switch: prev_comm=lxpanel prev_pid=720 prev_prio=120 prev_state=S ==> next_comm=Xorg next_pid=527 next_prio=120
            Xorg-527   [000] d...   335.957955: sched_switch: prev_comm=Xorg prev_pid=527 prev_prio=120 prev_state=S ==> next_comm=openbox next_pid=714 next_prio=120
         openbox-714   [000] d...   335.958056: sched_switch: prev_comm=openbox prev_pid=714 prev_prio=120 prev_state=S ==> next_comm=Xorg next_pid=527 next_prio=120
            Xorg-527   [000] d...   335.958147: sched_switch: prev_comm=Xorg prev_pid=527 prev_prio=120 prev_state=S ==> next_comm=openbox next_pid=714 next_prio=120
         openbox-714   [000] d...   335.958267: sched_switch: prev_comm=openbox prev_pid=714 prev_prio=120 prev_state=S ==> next_comm=swapper/0 next_pid=0 next_prio=120
          <idle>-0     [001] d...   335.967730: sched_switch: prev_comm=swapper/1 prev_pid=0 prev_prio=120 prev_state=R ==> next_comm=lxterminal next_pid=836 next_prio=120
      lxterminal-836   [001] d...   335.967916: sched_switch: prev_comm=lxterminal prev_pid=836 prev_prio=120 prev_state=S ==> next_comm=swapper/1 next_pid=0 next_prio=120
          <idle>-0     [001] d...   335.982971: sched_switch: prev_comm=swapper/1 prev_pid=0 prev_prio=120 prev_state=R ==> next_comm=lxterminal next_pid=836 next_prio=120
          <idle>-0     [000] d...   335.983678: sched_switch: prev_comm=swapper/0 prev_pid=0 prev_prio=120 prev_state=R ==> next_comm=Xorg next_pid=527 next_prio=120
      lxterminal-836   [001] d...   335.983739: sched_switch: prev_comm=lxterminal prev_pid=836 prev_prio=120 prev_state=S ==> next_comm=swapper/1 next_pid=0 next_prio=120
            Xorg-527   [000] d...   335.984047: sched_switch: prev_comm=Xorg prev_pid=527 prev_prio=120 prev_state=S ==> next_comm=swapper/0 next_pid=0 next_prio=120
          <idle>-0     [002] d...   335.991912: sched_switch: prev_comm=swapper/2 prev_pid=0 prev_prio=120 prev_state=R ==> next_comm=wpa_supplicant next_pid=424 next_prio=120
  wpa_supplicant-424   [002] d...   335.992052: sched_switch: prev_comm=wpa_supplicant prev_pid=424 prev_prio=120 prev_state=S ==> next_comm=swapper/2 next_pid=0 next_prio=120
          <idle>-0     [001] d...   336.011735: sched_switch: prev_comm=swapper/1 prev_pid=0 prev_prio=120 prev_state=R ==> next_comm=rngd next_pid=353 next_prio=120
            rngd-353   [001] d...   336.011834: sched_switch: prev_comm=rngd prev_pid=353 prev_prio=120 prev_state=S ==> next_comm=swapper/1 next_pid=0 next_prio=120
          <idle>-0     [001] d...   336.013786: sched_switch: prev_comm=swapper/1 prev_pid=0 prev_prio=120 prev_state=R ==> next_comm=lxterminal next_pid=836 next_prio=120
      lxterminal-836   [001] d...   336.013873: sched_switch: prev_comm=lxterminal prev_pid=836 prev_prio=120 prev_state=S ==> next_comm=swapper/1 next_pid=0 next_prio=120
          <idle>-0     [001] d...   336.067786: sched_switch: prev_comm=swapper/1 prev_pid=0 prev_prio=120 prev_state=R ==> next_comm=kworker/1:0 next_pid=17 next_prio=120
     kworker/1:0-17    [001] d...   336.067837: sched_switch: prev_comm=kworker/1:0 prev_pid=17 prev_prio=120 prev_state=I ==> next_comm=thd next_pid=335 next_prio=120
          <idle>-0     [000] d...   336.067853: sched_switch: prev_comm=swapper/0 prev_pid=0 prev_prio=120 prev_state=R ==> next_comm=ksoftirqd/0 next_pid=9 next_prio=120
     ksoftirqd/0-9     [000] d...   336.067875: sched_switch: prev_comm=ksoftirqd/0 prev_pid=9 prev_prio=120 prev_state=S ==> next_comm=kworker/0:2 next_pid=164 next_prio=120
     kworker/0:2-164   [000] d...   336.067900: sched_switch: prev_comm=kworker/0:2 prev_pid=164 prev_prio=120 prev_state=I ==> next_comm=InputThread next_pid=578 next_prio=120
             thd-335   [001] d...   336.067932: sched_switch: prev_comm=thd prev_pid=335 prev_prio=120 prev_state=S ==> next_comm=rngd next_pid=353 next_prio=120
     InputThread-578   [000] d...   336.068077: sched_switch: prev_comm=InputThread prev_pid=578 prev_prio=120 prev_state=S ==> next_comm=Xorg next_pid=527 next_prio=120
            rngd-353   [001] d...   336.068088: sched_switch: prev_comm=rngd prev_pid=353 prev_prio=120 prev_state=S ==> next_comm=swapper/1 next_pid=0 next_prio=120
          <idle>-0     [001] d...   336.068271: sched_switch: prev_comm=swapper/1 prev_pid=0 prev_prio=120 prev_state=R ==> next_comm=lxterminal next_pid=836 next_prio=120
            Xorg-527   [000] d...   336.068300: sched_switch: prev_comm=Xorg prev_pid=527 prev_prio=120 prev_state=S ==> next_comm=swapper/0 next_pid=0 next_prio=120
      lxterminal-836   [001] d...   336.068676: sched_switch: prev_comm=lxterminal prev_pid=836 prev_prio=120 prev_state=S ==> next_comm=swapper/1 next_pid=0 next_prio=120
          <idle>-0     [001] d...   336.115478: sched_switch: prev_comm=swapper/1 prev_pid=0 prev_prio=120 prev_state=R ==> next_comm=rngd next_pid=353 next_prio=120
            rngd-353   [001] d...   336.115532: sched_switch: prev_comm=rngd prev_pid=353 prev_prio=120 prev_state=S ==> next_comm=swapper/1 next_pid=0 next_prio=120
          <idle>-0     [001] d...   336.131758: sched_switch: prev_comm=swapper/1 prev_pid=0 prev_prio=120 prev_state=R ==> next_comm=rngd next_pid=353 next_prio=120
            rngd-353   [001] d...   336.131771: sched_switch: prev_comm=rngd prev_pid=353 prev_prio=120 prev_state=S ==> next_comm=swapper/1 next_pid=0 next_prio=120
          <idle>-0     [001] d...   336.131785: sched_switch: prev_comm=swapper/1 prev_pid=0 prev_prio=120 prev_state=R ==> next_comm=thd next_pid=335 next_prio=120
          <idle>-0     [000] d...   336.131825: sched_switch: prev_comm=swapper/0 prev_pid=0 prev_prio=120 prev_state=R ==> next_comm=ksoftirqd/0 next_pid=9 next_prio=120
     ksoftirqd/0-9     [000] d...   336.131842: sched_switch: prev_comm=ksoftirqd/0 prev_pid=9 prev_prio=120 prev_state=S ==> next_comm=kworker/0:2 next_pid=164 next_prio=120
     kworker/0:2-164   [000] d...   336.131869: sched_switch: prev_comm=kworker/0:2 prev_pid=164 prev_prio=120 prev_state=I ==> next_comm=InputThread next_pid=578 next_prio=120
             thd-335   [001] d...   336.131953: sched_switch: prev_comm=thd prev_pid=335 prev_prio=120 prev_state=S ==> next_comm=swapper/1 next_pid=0 next_prio=120
     InputThread-578   [000] d...   336.131987: sched_switch: prev_comm=InputThread prev_pid=578 prev_prio=120 prev_state=S ==> next_comm=Xorg next_pid=527 next_prio=120
          <idle>-0     [001] d...   336.132403: sched_switch: prev_comm=swapper/1 prev_pid=0 prev_prio=120 prev_state=R ==> next_comm=lxterminal next_pid=836 next_prio=120
            Xorg-527   [000] d...   336.132448: sched_switch: prev_comm=Xorg prev_pid=527 prev_prio=120 prev_state=S ==> next_comm=swapper/0 next_pid=0 next_prio=120
      lxterminal-836   [001] d...   336.133002: sched_switch: prev_comm=lxterminal prev_pid=836 prev_prio=120 prev_state=R ==> next_comm=kworker/u8:2 next_pid=97 next_prio=120
    kworker/u8:2-97    [001] d...   336.133042: sched_switch: prev_comm=kworker/u8:2 prev_pid=97 prev_prio=120 prev_state=I ==> next_comm=bash next_pid=855 next_prio=120
            bash-855   [001] d...   336.133182: sched_switch: prev_comm=bash prev_pid=855 prev_prio=120 prev_state=S ==> next_comm=kworker/u8:2 next_pid=97 next_prio=120
    kworker/u8:2-97    [001] d...   336.133200: sched_switch: prev_comm=kworker/u8:2 prev_pid=97 prev_prio=120 prev_state=I ==> next_comm=lxterminal next_pid=836 next_prio=120
          <idle>-0     [000] d...   336.133392: sched_switch: prev_comm=swapper/0 prev_pid=0 prev_prio=120 prev_state=R ==> next_comm=Xorg next_pid=527 next_prio=120
      lxterminal-836   [001] d...   336.133577: sched_switch: prev_comm=lxterminal prev_pid=836 prev_prio=120 prev_state=S ==> next_comm=swapper/1 next_pid=0 next_prio=120
          <idle>-0     [001] d...   336.133621: sched_switch: prev_comm=swapper/1 prev_pid=0 prev_prio=120 prev_state=R ==> next_comm=lxterminal next_pid=836 next_prio=120
            Xorg-527   [000] d...   336.133740: sched_switch: prev_comm=Xorg prev_pid=527 prev_prio=120 prev_state=S ==> next_comm=openbox next_pid=714 next_prio=120
      lxterminal-836   [001] d...   336.133774: sched_switch: prev_comm=lxterminal prev_pid=836 prev_prio=120 prev_state=S ==> next_comm=swapper/1 next_pid=0 next_prio=120
         openbox-714   [000] d...   336.133885: sched_switch: prev_comm=openbox prev_pid=714 prev_prio=120 prev_state=S ==> next_comm=lxpanel next_pid=720 next_prio=120
         lxpanel-720   [000] d...   336.134072: sched_switch: prev_comm=lxpanel prev_pid=720 prev_prio=120 prev_state=S ==> next_comm=Xorg next_pid=527 next_prio=120
            Xorg-527   [000] d...   336.134160: sched_switch: prev_comm=Xorg prev_pid=527 prev_prio=120 prev_state=S ==> next_comm=openbox next_pid=714 next_prio=120
         openbox-714   [000] d...   336.134262: sched_switch: prev_comm=openbox prev_pid=714 prev_prio=120 prev_state=S ==> next_comm=Xorg next_pid=527 next_prio=120
            Xorg-527   [000] d...   336.134351: sched_switch: prev_comm=Xorg prev_pid=527 prev_prio=120 prev_state=S ==> next_comm=openbox next_pid=714 next_prio=120
         openbox-714   [000] d...   336.134459: sched_switch: prev_comm=openbox prev_pid=714 prev_prio=120 prev_state=S ==> next_comm=swapper/0 next_pid=0 next_prio=120
          <idle>-0     [001] d...   336.143807: sched_switch: prev_comm=swapper/1 prev_pid=0 prev_prio=120 prev_state=R ==> next_comm=lxterminal next_pid=836 next_prio=120
      lxterminal-836   [001] d...   336.143993: sched_switch: prev_comm=lxterminal prev_pid=836 prev_prio=120 prev_state=S ==> next_comm=swapper/1 next_pid=0 next_prio=120
          <idle>-0     [001] d...   336.159049: sched_switch: prev_comm=swapper/1 prev_pid=0 prev_prio=120 prev_state=R ==> next_comm=lxterminal next_pid=836 next_prio=120
          <idle>-0     [000] d...   336.159755: sched_switch: prev_comm=swapper/0 prev_pid=0 prev_prio=120 prev_state=R ==> next_comm=Xorg next_pid=527 next_prio=120
      lxterminal-836   [001] d...   336.159805: sched_switch: prev_comm=lxterminal prev_pid=836 prev_prio=120 prev_state=S ==> next_comm=swapper/1 next_pid=0 next_prio=120
            Xorg-527   [000] d...   336.160122: sched_switch: prev_comm=Xorg prev_pid=527 prev_prio=120 prev_state=S ==> next_comm=swapper/0 next_pid=0 next_prio=120
          <idle>-0     [001] d...   336.189878: sched_switch: prev_comm=swapper/1 prev_pid=0 prev_prio=120 prev_state=R ==> next_comm=kworker/1:0 next_pid=17 next_prio=120
     kworker/1:0-17    [001] d...   336.189914: sched_switch: prev_comm=kworker/1:0 prev_pid=17 prev_prio=120 prev_state=I ==> next_comm=lxterminal next_pid=836 next_prio=120
      lxterminal-836   [001] d...   336.190104: sched_switch: prev_comm=lxterminal prev_pid=836 prev_prio=120 prev_state=S ==> next_comm=swapper/1 next_pid=0 next_prio=120
          <idle>-0     [001] d...   336.213730: sched_switch: prev_comm=swapper/1 prev_pid=0 prev_prio=120 prev_state=R ==> next_comm=rngd next_pid=353 next_prio=120
            rngd-353   [001] d...   336.213748: sched_switch: prev_comm=rngd prev_pid=353 prev_prio=120 prev_state=S ==> next_comm=swapper/1 next_pid=0 next_prio=120
          <idle>-0     [000] d...   336.226172: sched_switch: prev_comm=swapper/0 prev_pid=0 prev_prio=120 prev_state=R ==> next_comm=lxpanel next_pid=720 next_prio=120
         lxpanel-720   [000] d...   336.226320: sched_switch: prev_comm=lxpanel prev_pid=720 prev_prio=120 prev_state=S ==> next_comm=swapper/0 next_pid=0 next_prio=120
          <idle>-0     [001] d...   336.307782: sched_switch: prev_comm=swapper/1 prev_pid=0 prev_prio=120 prev_state=R ==> next_comm=kworker/1:0 next_pid=17 next_prio=120
     kworker/1:0-17    [001] d...   336.307805: sched_switch: prev_comm=kworker/1:0 prev_pid=17 prev_prio=120 prev_state=I ==> next_comm=rngd next_pid=353 next_prio=120
            rngd-353   [001] d...   336.307827: sched_switch: prev_comm=rngd prev_pid=353 prev_prio=120 prev_state=R ==> next_comm=thd next_pid=335 next_prio=120
          <idle>-0     [000] d...   336.307865: sched_switch: prev_comm=swapper/0 prev_pid=0 prev_prio=120 prev_state=R ==> next_comm=ksoftirqd/0 next_pid=9 next_prio=120
     ksoftirqd/0-9     [000] d...   336.307885: sched_switch: prev_comm=ksoftirqd/0 prev_pid=9 prev_prio=120 prev_state=S ==> next_comm=kworker/0:2 next_pid=164 next_prio=120
     kworker/0:2-164   [000] d...   336.307910: sched_switch: prev_comm=kworker/0:2 prev_pid=164 prev_prio=120 prev_state=I ==> next_comm=InputThread next_pid=578 next_prio=120
             thd-335   [001] d...   336.307954: sched_switch: prev_comm=thd prev_pid=335 prev_prio=120 prev_state=S ==> next_comm=rngd next_pid=353 next_prio=120
            rngd-353   [001] d...   336.308032: sched_switch: prev_comm=rngd prev_pid=353 prev_prio=120 prev_state=S ==> next_comm=swapper/1 next_pid=0 next_prio=120
     InputThread-578   [000] d...   336.308091: sched_switch: prev_comm=InputThread prev_pid=578 prev_prio=120 prev_state=S ==> next_comm=Xorg next_pid=527 next_prio=120
          <idle>-0     [001] d...   336.308280: sched_switch: prev_comm=swapper/1 prev_pid=0 prev_prio=120 prev_state=R ==> next_comm=lxterminal next_pid=836 next_prio=120
            Xorg-527   [000] d...   336.308696: sched_switch: prev_comm=Xorg prev_pid=527 prev_prio=120 prev_state=S ==> next_comm=swapper/0 next_pid=0 next_prio=120
      lxterminal-836   [001] d...   336.309075: sched_switch: prev_comm=lxterminal prev_pid=836 prev_prio=120 prev_state=R ==> next_comm=kworker/u8:2 next_pid=97 next_prio=120
    kworker/u8:2-97    [001] d...   336.309117: sched_switch: prev_comm=kworker/u8:2 prev_pid=97 prev_prio=120 prev_state=I ==> next_comm=bash next_pid=855 next_prio=120
            bash-855   [001] d...   336.309258: sched_switch: prev_comm=bash prev_pid=855 prev_prio=120 prev_state=S ==> next_comm=kworker/u8:2 next_pid=97 next_prio=120
    kworker/u8:2-97    [001] d...   336.309274: sched_switch: prev_comm=kworker/u8:2 prev_pid=97 prev_prio=120 prev_state=I ==> next_comm=lxterminal next_pid=836 next_prio=120
          <idle>-0     [000] d...   336.309502: sched_switch: prev_comm=swapper/0 prev_pid=0 prev_prio=120 prev_state=R ==> next_comm=Xorg next_pid=527 next_prio=120
      lxterminal-836   [001] d...   336.309627: sched_switch: prev_comm=lxterminal prev_pid=836 prev_prio=120 prev_state=S ==> next_comm=swapper/1 next_pid=0 next_prio=120
          <idle>-0     [001] d...   336.309670: sched_switch: prev_comm=swapper/1 prev_pid=0 prev_prio=120 prev_state=R ==> next_comm=lxterminal next_pid=836 next_prio=120
            Xorg-527   [000] d...   336.309676: sched_switch: prev_comm=Xorg prev_pid=527 prev_prio=120 prev_state=R ==> next_comm=lxpanel next_pid=720 next_prio=120
      lxterminal-836   [001] d...   336.309829: sched_switch: prev_comm=lxterminal prev_pid=836 prev_prio=120 prev_state=S ==> next_comm=swapper/1 next_pid=0 next_prio=120
         lxpanel-720   [000] d...   336.309882: sched_switch: prev_comm=lxpanel prev_pid=720 prev_prio=120 prev_state=S ==> next_comm=Xorg next_pid=527 next_prio=120
            Xorg-527   [000] d...   336.309971: sched_switch: prev_comm=Xorg prev_pid=527 prev_prio=120 prev_state=S ==> next_comm=openbox next_pid=714 next_prio=120
         openbox-714   [000] d...   336.310113: sched_switch: prev_comm=openbox prev_pid=714 prev_prio=120 prev_state=S ==> next_comm=Xorg next_pid=527 next_prio=120
            Xorg-527   [000] d...   336.310189: sched_switch: prev_comm=Xorg prev_pid=527 prev_prio=120 prev_state=S ==> next_comm=openbox next_pid=714 next_prio=120
         openbox-714   [000] d...   336.310279: sched_switch: prev_comm=openbox prev_pid=714 prev_prio=120 prev_state=S ==> next_comm=Xorg next_pid=527 next_prio=120
            Xorg-527   [000] d...   336.310366: sched_switch: prev_comm=Xorg prev_pid=527 prev_prio=120 prev_state=S ==> next_comm=openbox next_pid=714 next_prio=120
         openbox-714   [000] d...   336.310482: sched_switch: prev_comm=openbox prev_pid=714 prev_prio=120 prev_state=S ==> next_comm=swapper/0 next_pid=0 next_prio=120
          <idle>-0     [001] d...   336.317494: sched_switch: prev_comm=swapper/1 prev_pid=0 prev_prio=120 prev_state=R ==> next_comm=rngd next_pid=353 next_prio=120
            rngd-353   [001] d...   336.317513: sched_switch: prev_comm=rngd prev_pid=353 prev_prio=120 prev_state=S ==> next_comm=swapper/1 next_pid=0 next_prio=120
          <idle>-0     [001] d...   336.319845: sched_switch: prev_comm=swapper/1 prev_pid=0 prev_prio=120 prev_state=R ==> next_comm=lxterminal next_pid=836 next_prio=120
      lxterminal-836   [001] d...   336.320034: sched_switch: prev_comm=lxterminal prev_pid=836 prev_prio=120 prev_state=S ==> next_comm=swapper/1 next_pid=0 next_prio=120
          <idle>-0     [001] d...   336.335093: sched_switch: prev_comm=swapper/1 prev_pid=0 prev_prio=120 prev_state=R ==> next_comm=lxterminal next_pid=836 next_prio=120
          <idle>-0     [000] d...   336.335801: sched_switch: prev_comm=swapper/0 prev_pid=0 prev_prio=120 prev_state=R ==> next_comm=Xorg next_pid=527 next_prio=120
      lxterminal-836   [001] d...   336.335851: sched_switch: prev_comm=lxterminal prev_pid=836 prev_prio=120 prev_state=S ==> next_comm=swapper/1 next_pid=0 next_prio=120
            Xorg-527   [000] d...   336.336165: sched_switch: prev_comm=Xorg prev_pid=527 prev_prio=120 prev_state=S ==> next_comm=swapper/0 next_pid=0 next_prio=120
          <idle>-0     [001] d...   336.355782: sched_switch: prev_comm=swapper/1 prev_pid=0 prev_prio=120 prev_state=R ==> next_comm=rngd next_pid=353 next_prio=120
            rngd-353   [001] d...   336.355809: sched_switch: prev_comm=rngd prev_pid=353 prev_prio=120 prev_state=S ==> next_comm=swapper/1 next_pid=0 next_prio=120
          <idle>-0     [001] d...   336.355829: sched_switch: prev_comm=swapper/1 prev_pid=0 prev_prio=120 prev_state=R ==> next_comm=thd next_pid=335 next_prio=120
          <idle>-0     [000] d...   336.355868: sched_switch: prev_comm=swapper/0 prev_pid=0 prev_prio=120 prev_state=R ==> next_comm=ksoftirqd/0 next_pid=9 next_prio=120
     ksoftirqd/0-9     [000] d...   336.355889: sched_switch: prev_comm=ksoftirqd/0 prev_pid=9 prev_prio=120 prev_state=S ==> next_comm=kworker/0:2 next_pid=164 next_prio=120
     kworker/0:2-164   [000] d...   336.355925: sched_switch: prev_comm=kworker/0:2 prev_pid=164 prev_prio=120 prev_state=I ==> next_comm=InputThread next_pid=578 next_prio=120
             thd-335   [001] d...   336.356004: sched_switch: prev_comm=thd prev_pid=335 prev_prio=120 prev_state=S ==> next_comm=swapper/1 next_pid=0 next_prio=120
     InputThread-578   [000] d...   336.356088: sched_switch: prev_comm=InputThread prev_pid=578 prev_prio=120 prev_state=S ==> next_comm=Xorg next_pid=527 next_prio=120
          <idle>-0     [001] d...   336.356268: sched_switch: prev_comm=swapper/1 prev_pid=0 prev_prio=120 prev_state=R ==> next_comm=lxterminal next_pid=836 next_prio=120
            Xorg-527   [000] d...   336.356354: sched_switch: prev_comm=Xorg prev_pid=527 prev_prio=120 prev_state=S ==> next_comm=swapper/0 next_pid=0 next_prio=120
      lxterminal-836   [001] d...   336.356672: sched_switch: prev_comm=lxterminal prev_pid=836 prev_prio=120 prev_state=S ==> next_comm=swapper/1 next_pid=0 next_prio=120
          <idle>-0     [001] d...   336.366731: sched_switch: prev_comm=swapper/1 prev_pid=0 prev_prio=120 prev_state=R ==> next_comm=lxterminal next_pid=836 next_prio=120
      lxterminal-836   [001] d...   336.366818: sched_switch: prev_comm=lxterminal prev_pid=836 prev_prio=120 prev_state=S ==> next_comm=swapper/1 next_pid=0 next_prio=120
          <idle>-0     [001] d...   336.419745: sched_switch: prev_comm=swapper/1 prev_pid=0 prev_prio=120 prev_state=R ==> next_comm=kworker/1:0 next_pid=17 next_prio=120
     kworker/1:0-17    [001] d...   336.419780: sched_switch: prev_comm=kworker/1:0 prev_pid=17 prev_prio=120 prev_state=I ==> next_comm=rngd next_pid=353 next_prio=120
            rngd-353   [001] d...   336.419882: sched_switch: prev_comm=rngd prev_pid=353 prev_prio=120 prev_state=S ==> next_comm=swapper/1 next_pid=0 next_prio=120
          <idle>-0     [003] d...   336.472685: sched_switch: prev_comm=swapper/3 prev_pid=0 prev_prio=120 prev_state=R ==> next_comm=kworker/3:1 next_pid=876 next_prio=120
     kworker/3:1-876   [003] d...   336.472789: sched_switch: prev_comm=kworker/3:1 prev_pid=876 prev_prio=120 prev_state=D ==> next_comm=swapper/3 next_pid=0 next_prio=120
          <idle>-0     [003] d...   336.472803: sched_switch: prev_comm=swapper/3 prev_pid=0 prev_prio=120 prev_state=R ==> next_comm=kworker/3:1 next_pid=876 next_prio=120
     kworker/3:1-876   [003] d...   336.472827: sched_switch: prev_comm=kworker/3:1 prev_pid=876 prev_prio=120 prev_state=I ==> next_comm=swapper/3 next_pid=0 next_prio=120
          <idle>-0     [001] d...   336.517596: sched_switch: prev_comm=swapper/1 prev_pid=0 prev_prio=120 prev_state=R ==> next_comm=rngd next_pid=353 next_prio=120
            rngd-353   [001] d...   336.517657: sched_switch: prev_comm=rngd prev_pid=353 prev_prio=120 prev_state=S ==> next_comm=swapper/1 next_pid=0 next_prio=120
          <idle>-0     [001] d...   336.523773: sched_switch: prev_comm=swapper/1 prev_pid=0 prev_prio=120 prev_state=R ==> next_comm=kworker/1:0 next_pid=17 next_prio=120
     kworker/1:0-17    [001] d...   336.523804: sched_switch: prev_comm=kworker/1:0 prev_pid=17 prev_prio=120 prev_state=I ==> next_comm=thd next_pid=335 next_prio=120
          <idle>-0     [000] d...   336.523834: sched_switch: prev_comm=swapper/0 prev_pid=0 prev_prio=120 prev_state=R ==> next_comm=ksoftirqd/0 next_pid=9 next_prio=120
     ksoftirqd/0-9     [000] d...   336.523854: sched_switch: prev_comm=ksoftirqd/0 prev_pid=9 prev_prio=120 prev_state=S ==> next_comm=kworker/0:2 next_pid=164 next_prio=120
     kworker/0:2-164   [000] d...   336.523879: sched_switch: prev_comm=kworker/0:2 prev_pid=164 prev_prio=120 prev_state=I ==> next_comm=InputThread next_pid=578 next_prio=120
             thd-335   [001] d...   336.523890: sched_switch: prev_comm=thd prev_pid=335 prev_prio=120 prev_state=S ==> next_comm=rngd next_pid=353 next_prio=120
            rngd-353   [001] d...   336.523975: sched_switch: prev_comm=rngd prev_pid=353 prev_prio=120 prev_state=S ==> next_comm=swapper/1 next_pid=0 next_prio=120
     InputThread-578   [000] d...   336.524008: sched_switch: prev_comm=InputThread prev_pid=578 prev_prio=120 prev_state=S ==> next_comm=Xorg next_pid=527 next_prio=120
          <idle>-0     [001] d...   336.524445: sched_switch: prev_comm=swapper/1 prev_pid=0 prev_prio=120 prev_state=R ==> next_comm=lxterminal next_pid=836 next_prio=120
            Xorg-527   [000] d...   336.524491: sched_switch: prev_comm=Xorg prev_pid=527 prev_prio=120 prev_state=S ==> next_comm=swapper/0 next_pid=0 next_prio=120
      lxterminal-836   [001] d...   336.525098: sched_switch: prev_comm=lxterminal prev_pid=836 prev_prio=120 prev_state=R ==> next_comm=kworker/u8:2 next_pid=97 next_prio=120
    kworker/u8:2-97    [001] d...   336.525138: sched_switch: prev_comm=kworker/u8:2 prev_pid=97 prev_prio=120 prev_state=I ==> next_comm=bash next_pid=855 next_prio=120
            bash-855   [001] d...   336.525961: sched_switch: prev_comm=bash prev_pid=855 prev_prio=120 prev_state=S ==> next_comm=kworker/u8:2 next_pid=97 next_prio=120
    kworker/u8:2-97    [001] d...   336.525985: sched_switch: prev_comm=kworker/u8:2 prev_pid=97 prev_prio=120 prev_state=I ==> next_comm=lxterminal next_pid=836 next_prio=120
          <idle>-0     [000] d...   336.526222: sched_switch: prev_comm=swapper/0 prev_pid=0 prev_prio=120 prev_state=R ==> next_comm=Xorg next_pid=527 next_prio=120
      lxterminal-836   [001] d...   336.526421: sched_switch: prev_comm=lxterminal prev_pid=836 prev_prio=120 prev_state=S ==> next_comm=swapper/1 next_pid=0 next_prio=120
          <idle>-0     [001] d...   336.526451: sched_switch: prev_comm=swapper/1 prev_pid=0 prev_prio=120 prev_state=R ==> next_comm=lxterminal next_pid=836 next_prio=120
            Xorg-527   [000] d...   336.526480: sched_switch: prev_comm=Xorg prev_pid=527 prev_prio=120 prev_state=R ==> next_comm=lxpanel next_pid=720 next_prio=120
      lxterminal-836   [001] d...   336.526610: sched_switch: prev_comm=lxterminal prev_pid=836 prev_prio=120 prev_state=S ==> next_comm=swapper/1 next_pid=0 next_prio=120
         lxpanel-720   [000] d...   336.526678: sched_switch: prev_comm=lxpanel prev_pid=720 prev_prio=120 prev_state=S ==> next_comm=Xorg next_pid=527 next_prio=120
            Xorg-527   [000] d...   336.526729: sched_switch: prev_comm=Xorg prev_pid=527 prev_prio=120 prev_state=R ==> next_comm=openbox next_pid=714 next_prio=120
         openbox-714   [000] d...   336.526866: sched_switch: prev_comm=openbox prev_pid=714 prev_prio=120 prev_state=S ==> next_comm=Xorg next_pid=527 next_prio=120
            Xorg-527   [000] d...   336.526973: sched_switch: prev_comm=Xorg prev_pid=527 prev_prio=120 prev_state=R ==> next_comm=openbox next_pid=714 next_prio=120
         openbox-714   [000] d...   336.527058: sched_switch: prev_comm=openbox prev_pid=714 prev_prio=120 prev_state=S ==> next_comm=Xorg next_pid=527 next_prio=120
            Xorg-527   [000] d...   336.527107: sched_switch: prev_comm=Xorg prev_pid=527 prev_prio=120 prev_state=R ==> next_comm=openbox next_pid=714 next_prio=120
         openbox-714   [000] d...   336.527141: sched_switch: prev_comm=openbox prev_pid=714 prev_prio=120 prev_state=S ==> next_comm=Xorg next_pid=527 next_prio=120
            Xorg-527   [000] d...   336.527168: sched_switch: prev_comm=Xorg prev_pid=527 prev_prio=120 prev_state=R ==> next_comm=openbox next_pid=714 next_prio=120
         openbox-714   [000] d...   336.527239: sched_switch: prev_comm=openbox prev_pid=714 prev_prio=120 prev_state=S ==> next_comm=Xorg next_pid=527 next_prio=120
            Xorg-527   [000] d...   336.527317: sched_switch: prev_comm=Xorg prev_pid=527 prev_prio=120 prev_state=S ==> next_comm=swapper/0 next_pid=0 next_prio=120
          <idle>-0     [003] d...   336.532714: sched_switch: prev_comm=swapper/3 prev_pid=0 prev_prio=120 prev_state=R ==> next_comm=rcu_sched next_pid=10 next_prio=120
       rcu_sched-10    [003] d...   336.532741: sched_switch: prev_comm=rcu_sched prev_pid=10 prev_prio=120 prev_state=I ==> next_comm=swapper/3 next_pid=0 next_prio=120
          <idle>-0     [001] d...   336.536627: sched_switch: prev_comm=swapper/1 prev_pid=0 prev_prio=120 prev_state=R ==> next_comm=lxterminal next_pid=836 next_prio=120
      lxterminal-836   [001] d...   336.536842: sched_switch: prev_comm=lxterminal prev_pid=836 prev_prio=120 prev_state=S ==> next_comm=swapper/1 next_pid=0 next_prio=120
          <idle>-0     [001] d...   336.551889: sched_switch: prev_comm=swapper/1 prev_pid=0 prev_prio=120 prev_state=R ==> next_comm=lxterminal next_pid=836 next_prio=120
          <idle>-0     [003] d...   336.552699: sched_switch: prev_comm=swapper/3 prev_pid=0 prev_prio=120 prev_state=R ==> next_comm=rcu_sched next_pid=10 next_prio=120
          <idle>-0     [000] d...   336.552701: sched_switch: prev_comm=swapper/0 prev_pid=0 prev_prio=120 prev_state=R ==> next_comm=Xorg next_pid=527 next_prio=120
       rcu_sched-10    [003] d...   336.552724: sched_switch: prev_comm=rcu_sched prev_pid=10 prev_prio=120 prev_state=I ==> next_comm=swapper/3 next_pid=0 next_prio=120
      lxterminal-836   [001] d...   336.552760: sched_switch: prev_comm=lxterminal prev_pid=836 prev_prio=120 prev_state=S ==> next_comm=swapper/1 next_pid=0 next_prio=120
            Xorg-527   [000] d...   336.553168: sched_switch: prev_comm=Xorg prev_pid=527 prev_prio=120 prev_state=S ==> next_comm=swapper/0 next_pid=0 next_prio=120
          <idle>-0     [000] d...   336.559733: sched_switch: prev_comm=swapper/0 prev_pid=0 prev_prio=120 prev_state=R ==> next_comm=lxpanel next_pid=720 next_prio=120
         lxpanel-720   [000] d...   336.561625: sched_switch: prev_comm=lxpanel prev_pid=720 prev_prio=120 prev_state=S ==> next_comm=Xorg next_pid=527 next_prio=120
            Xorg-527   [000] d...   336.561786: sched_switch: prev_comm=Xorg prev_pid=527 prev_prio=120 prev_state=S ==> next_comm=lxpanel next_pid=720 next_prio=120
         lxpanel-720   [000] d...   336.563280: sched_switch: prev_comm=lxpanel prev_pid=720 prev_prio=120 prev_state=S ==> next_comm=Xorg next_pid=527 next_prio=120
            Xorg-527   [000] d...   336.563947: sched_switch: prev_comm=Xorg prev_pid=527 prev_prio=120 prev_state=S ==> next_comm=swapper/0 next_pid=0 next_prio=120
          <idle>-0     [003] d...   336.572676: sched_switch: prev_comm=swapper/3 prev_pid=0 prev_prio=120 prev_state=R ==> next_comm=rcu_sched next_pid=10 next_prio=120
       rcu_sched-10    [003] d...   336.572702: sched_switch: prev_comm=rcu_sched prev_pid=10 prev_prio=120 prev_state=I ==> next_comm=swapper/3 next_pid=0 next_prio=120
          <idle>-0     [001] d...   336.582811: sched_switch: prev_comm=swapper/1 prev_pid=0 prev_prio=120 prev_state=R ==> next_comm=lxterminal next_pid=836 next_prio=120
      lxterminal-836   [001] d...   336.582951: sched_switch: prev_comm=lxterminal prev_pid=836 prev_prio=120 prev_state=S ==> next_comm=swapper/1 next_pid=0 next_prio=120
          <idle>-0     [003] d...   336.592657: sched_switch: prev_comm=swapper/3 prev_pid=0 prev_prio=120 prev_state=R ==> next_comm=rcu_sched next_pid=10 next_prio=120
       rcu_sched-10    [003] d...   336.592677: sched_switch: prev_comm=rcu_sched prev_pid=10 prev_prio=120 prev_state=I ==> next_comm=swapper/3 next_pid=0 next_prio=120
          <idle>-0     [001] d...   336.611786: sched_switch: prev_comm=swapper/1 prev_pid=0 prev_prio=120 prev_state=R ==> next_comm=rngd next_pid=353 next_prio=120
            rngd-353   [001] d...   336.611839: sched_switch: prev_comm=rngd prev_pid=353 prev_prio=120 prev_state=S ==> next_comm=swapper/1 next_pid=0 next_prio=120
          <idle>-0     [001] d...   336.611855: sched_switch: prev_comm=swapper/1 prev_pid=0 prev_prio=120 prev_state=R ==> next_comm=thd next_pid=335 next_prio=120
          <idle>-0     [000] d...   336.611870: sched_switch: prev_comm=swapper/0 prev_pid=0 prev_prio=120 prev_state=R ==> next_comm=ksoftirqd/0 next_pid=9 next_prio=120
     ksoftirqd/0-9     [000] d...   336.611894: sched_switch: prev_comm=ksoftirqd/0 prev_pid=9 prev_prio=120 prev_state=S ==> next_comm=kworker/0:2 next_pid=164 next_prio=120
     kworker/0:2-164   [000] d...   336.611927: sched_switch: prev_comm=kworker/0:2 prev_pid=164 prev_prio=120 prev_state=I ==> next_comm=InputThread next_pid=578 next_prio=120
             thd-335   [001] d...   336.611997: sched_switch: prev_comm=thd prev_pid=335 prev_prio=120 prev_state=S ==> next_comm=swapper/1 next_pid=0 next_prio=120
     InputThread-578   [000] d...   336.612095: sched_switch: prev_comm=InputThread prev_pid=578 prev_prio=120 prev_state=S ==> next_comm=Xorg next_pid=527 next_prio=120
          <idle>-0     [001] d...   336.612293: sched_switch: prev_comm=swapper/1 prev_pid=0 prev_prio=120 prev_state=R ==> next_comm=lxterminal next_pid=836 next_prio=120
            Xorg-527   [000] d...   336.612344: sched_switch: prev_comm=Xorg prev_pid=527 prev_prio=120 prev_state=S ==> next_comm=swapper/0 next_pid=0 next_prio=120
          <idle>-0     [003] d...   336.612657: sched_switch: prev_comm=swapper/3 prev_pid=0 prev_prio=120 prev_state=R ==> next_comm=rcu_sched next_pid=10 next_prio=120
       rcu_sched-10    [003] d...   336.612673: sched_switch: prev_comm=rcu_sched prev_pid=10 prev_prio=120 prev_state=I ==> next_comm=swapper/3 next_pid=0 next_prio=120
      lxterminal-836   [001] d...   336.612830: sched_switch: prev_comm=lxterminal prev_pid=836 prev_prio=120 prev_state=S ==> next_comm=swapper/1 next_pid=0 next_prio=120
          <idle>-0     [001] d...   336.621484: sched_switch: prev_comm=swapper/1 prev_pid=0 prev_prio=120 prev_state=R ==> next_comm=rngd next_pid=353 next_prio=120
            rngd-353   [001] d...   336.621503: sched_switch: prev_comm=rngd prev_pid=353 prev_prio=120 prev_state=S ==> next_comm=swapper/1 next_pid=0 next_prio=120
          <idle>-0     [003] d...   336.632671: sched_switch: prev_comm=swapper/3 prev_pid=0 prev_prio=120 prev_state=R ==> next_comm=kworker/3:1 next_pid=876 next_prio=120
     kworker/3:1-876   [003] d...   336.632704: sched_switch: prev_comm=kworker/3:1 prev_pid=876 prev_prio=120 prev_state=I ==> next_comm=rcu_sched next_pid=10 next_prio=120
       rcu_sched-10    [003] d...   336.632784: sched_switch: prev_comm=rcu_sched prev_pid=10 prev_prio=120 prev_state=I ==> next_comm=swapper/3 next_pid=0 next_prio=120
          <idle>-0     [001] d...   336.723722: sched_switch: prev_comm=swapper/1 prev_pid=0 prev_prio=120 prev_state=R ==> next_comm=rngd next_pid=353 next_prio=120
            rngd-353   [001] d...   336.723787: sched_switch: prev_comm=rngd prev_pid=353 prev_prio=120 prev_state=S ==> next_comm=swapper/1 next_pid=0 next_prio=120
          <idle>-0     [003] d...   336.752672: sched_switch: prev_comm=swapper/3 prev_pid=0 prev_prio=120 prev_state=R ==> next_comm=kworker/3:1 next_pid=876 next_prio=120
     kworker/3:1-876   [003] d...   336.752690: sched_switch: prev_comm=kworker/3:1 prev_pid=876 prev_prio=120 prev_state=I ==> next_comm=swapper/3 next_pid=0 next_prio=120
          <idle>-0     [002] d...   336.792693: sched_switch: prev_comm=swapper/2 prev_pid=0 prev_prio=120 prev_state=R ==> next_comm=kworker/2:2 next_pid=63 next_prio=120
     kworker/2:2-63    [002] d...   336.792759: sched_switch: prev_comm=kworker/2:2 prev_pid=63 prev_prio=120 prev_state=D ==> next_comm=kworker/2:1 next_pid=33 next_prio=120
     kworker/2:1-33    [002] d...   336.792818: sched_switch: prev_comm=kworker/2:1 prev_pid=33 prev_prio=120 prev_state=D ==> next_comm=kworker/2:3 next_pid=70 next_prio=120
     kworker/2:3-70    [002] d...   336.792863: sched_switch: prev_comm=kworker/2:3 prev_pid=70 prev_prio=120 prev_state=D ==> next_comm=ksoftirqd/2 next_pid=21 next_prio=120
          <idle>-0     [003] d...   336.792870: sched_switch: prev_comm=swapper/3 prev_pid=0 prev_prio=120 prev_state=R ==> next_comm=kthreadd next_pid=2 next_prio=120
     ksoftirqd/2-21    [002] d...   336.792901: sched_switch: prev_comm=ksoftirqd/2 prev_pid=21 prev_prio=120 prev_state=S ==> next_comm=kworker/2:1 next_pid=33 next_prio=120
     kworker/2:1-33    [002] d...   336.792939: sched_switch: prev_comm=kworker/2:1 prev_pid=33 prev_prio=120 prev_state=D ==> next_comm=kworker/2:2 next_pid=63 next_prio=120
     kworker/2:2-63    [002] d...   336.793079: sched_switch: prev_comm=kworker/2:2 prev_pid=63 prev_prio=120 prev_state=I ==> next_comm=kthreadd next_pid=885 next_prio=120
        kthreadd-2     [003] d...   336.793097: sched_switch: prev_comm=kthreadd prev_pid=2 prev_prio=120 prev_state=S ==> next_comm=swapper/3 next_pid=0 next_prio=120
     kworker/2:0-885   [002] d...   336.793099: sched_switch: prev_comm=kthreadd prev_pid=885 prev_prio=120 prev_state=R+ ==> next_comm=kworker/2:1 next_pid=33 next_prio=120
     kworker/2:1-33    [002] d...   336.793129: sched_switch: prev_comm=kworker/2:1 prev_pid=33 prev_prio=120 prev_state=D ==> next_comm=kthreadd next_pid=885 next_prio=120
     kworker/2:0-885   [002] d...   336.793143: sched_switch: prev_comm=kthreadd prev_pid=885 prev_prio=120 prev_state=D ==> next_comm=kworker/2:3 next_pid=70 next_prio=120
     kworker/2:3-70    [002] d...   336.793177: sched_switch: prev_comm=kworker/2:3 prev_pid=70 prev_prio=120 prev_state=I ==> next_comm=kworker/2:0 next_pid=885 next_prio=120
     kworker/2:0-885   [002] d...   336.793190: sched_switch: prev_comm=kworker/2:0 prev_pid=885 prev_prio=120 prev_state=R ==> next_comm=kworker/2:1 next_pid=33 next_prio=120
     kworker/2:1-33    [002] d...   336.793216: sched_switch: prev_comm=kworker/2:1 prev_pid=33 prev_prio=120 prev_state=D ==> next_comm=kworker/2:0 next_pid=885 next_prio=120
     kworker/2:0-885   [002] d...   336.793251: sched_switch: prev_comm=kworker/2:0 prev_pid=885 prev_prio=120 prev_state=I ==> next_comm=swapper/2 next_pid=0 next_prio=120
          <idle>-0     [002] d...   336.793266: sched_switch: prev_comm=swapper/2 prev_pid=0 prev_prio=120 prev_state=R ==> next_comm=kworker/2:1 next_pid=33 next_prio=120
     kworker/2:1-33    [002] d...   336.793280: sched_switch: prev_comm=kworker/2:1 prev_pid=33 prev_prio=120 prev_state=I ==> next_comm=swapper/2 next_pid=0 next_prio=120
          <idle>-0     [001] d...   336.805475: sched_switch: prev_comm=swapper/1 prev_pid=0 prev_prio=120 prev_state=R ==> next_comm=rngd next_pid=353 next_prio=120
            rngd-353   [001] d...   336.805489: sched_switch: prev_comm=rngd prev_pid=353 prev_prio=120 prev_state=S ==> next_comm=swapper/1 next_pid=0 next_prio=120
          <idle>-0     [000] d...   336.826548: sched_switch: prev_comm=swapper/0 prev_pid=0 prev_prio=120 prev_state=R ==> next_comm=lxpanel next_pid=720 next_prio=120
         lxpanel-720   [000] d...   336.826678: sched_switch: prev_comm=lxpanel prev_pid=720 prev_prio=120 prev_state=S ==> next_comm=swapper/0 next_pid=0 next_prio=120
          <idle>-0     [001] d...   336.907733: sched_switch: prev_comm=swapper/1 prev_pid=0 prev_prio=120 prev_state=R ==> next_comm=kworker/1:0 next_pid=17 next_prio=120
     kworker/1:0-17    [001] d...   336.907756: sched_switch: prev_comm=kworker/1:0 prev_pid=17 prev_prio=120 prev_state=I ==> next_comm=rngd next_pid=353 next_prio=120
            rngd-353   [001] d...   336.907864: sched_switch: prev_comm=rngd prev_pid=353 prev_prio=120 prev_state=S ==> next_comm=swapper/1 next_pid=0 next_prio=120
          <idle>-0     [001] d...   337.005727: sched_switch: prev_comm=swapper/1 prev_pid=0 prev_prio=120 prev_state=R ==> next_comm=rngd next_pid=353 next_prio=120
            rngd-353   [001] d...   337.005767: sched_switch: prev_comm=rngd prev_pid=353 prev_prio=120 prev_state=S ==> next_comm=swapper/1 next_pid=0 next_prio=120
          <idle>-0     [000] d...   337.024754: sched_switch: prev_comm=swapper/0 prev_pid=0 prev_prio=120 prev_state=R ==> next_comm=kworker/0:2 next_pid=164 next_prio=120
     kworker/0:2-164   [000] d...   337.024777: sched_switch: prev_comm=kworker/0:2 prev_pid=164 prev_prio=120 prev_state=I ==> next_comm=Xorg next_pid=527 next_prio=120
            Xorg-527   [000] d...   337.024889: sched_switch: prev_comm=Xorg prev_pid=527 prev_prio=120 prev_state=S ==> next_comm=swapper/0 next_pid=0 next_prio=120
          <idle>-0     [001] d...   337.109594: sched_switch: prev_comm=swapper/1 prev_pid=0 prev_prio=120 prev_state=R ==> next_comm=rngd next_pid=353 next_prio=120
            rngd-353   [001] d...   337.109653: sched_switch: prev_comm=rngd prev_pid=353 prev_prio=120 prev_state=S ==> next_comm=swapper/1 next_pid=0 next_prio=120
          <idle>-0     [001] d...   337.213488: sched_switch: prev_comm=swapper/1 prev_pid=0 prev_prio=120 prev_state=R ==> next_comm=kworker/1:0 next_pid=17 next_prio=120
     kworker/1:0-17    [001] d...   337.213507: sched_switch: prev_comm=kworker/1:0 prev_pid=17 prev_prio=120 prev_state=I ==> next_comm=rngd next_pid=353 next_prio=120
            rngd-353   [001] d...   337.213573: sched_switch: prev_comm=rngd prev_pid=353 prev_prio=120 prev_state=S ==> next_comm=swapper/1 next_pid=0 next_prio=120
          <idle>-0     [001] d...   337.315483: sched_switch: prev_comm=swapper/1 prev_pid=0 prev_prio=120 prev_state=R ==> next_comm=kworker/1:0 next_pid=17 next_prio=120
     kworker/1:0-17    [001] d...   337.315501: sched_switch: prev_comm=kworker/1:0 prev_pid=17 prev_prio=120 prev_state=I ==> next_comm=rngd next_pid=353 next_prio=120
            rngd-353   [001] d...   337.315540: sched_switch: prev_comm=rngd prev_pid=353 prev_prio=120 prev_state=S ==> next_comm=swapper/1 next_pid=0 next_prio=120
          <idle>-0     [001] d...   337.413722: sched_switch: prev_comm=swapper/1 prev_pid=0 prev_prio=120 prev_state=R ==> next_comm=rngd next_pid=353 next_prio=120
            rngd-353   [001] d...   337.413739: sched_switch: prev_comm=rngd prev_pid=353 prev_prio=120 prev_state=S ==> next_comm=swapper/1 next_pid=0 next_prio=120
          <idle>-0     [000] d...   337.427293: sched_switch: prev_comm=swapper/0 prev_pid=0 prev_prio=120 prev_state=R ==> next_comm=kworker/0:2 next_pid=164 next_prio=120
     kworker/0:2-164   [000] d...   337.427313: sched_switch: prev_comm=kworker/0:2 prev_pid=164 prev_prio=120 prev_state=I ==> next_comm=lxpanel next_pid=720 next_prio=120
         lxpanel-720   [000] d...   337.427428: sched_switch: prev_comm=lxpanel prev_pid=720 prev_prio=120 prev_state=S ==> next_comm=swapper/0 next_pid=0 next_prio=120
          <idle>-0     [001] d...   337.517478: sched_switch: prev_comm=swapper/1 prev_pid=0 prev_prio=120 prev_state=R ==> next_comm=rngd next_pid=353 next_prio=120
            rngd-353   [001] d...   337.517516: sched_switch: prev_comm=rngd prev_pid=353 prev_prio=120 prev_state=S ==> next_comm=swapper/1 next_pid=0 next_prio=120
          <idle>-0     [001] d...   337.619730: sched_switch: prev_comm=swapper/1 prev_pid=0 prev_prio=120 prev_state=R ==> next_comm=kworker/1:0 next_pid=17 next_prio=120
