         lxpanel-731   [001] d...   679.098935: sched_switch: prev_comm=lxpanel prev_pid=731 prev_prio=120 prev_state=S ==> next_comm=Xorg next_pid=502 next_prio=120
 chromium-browse-857   [003] d...   679.098953: sched_switch: prev_comm=chromium-browse prev_pid=857 prev_prio=120 prev_state=S ==> next_comm=lxsession next_pid=600 next_prio=120
       lxsession-600   [003] d.h.   679.098966: sched_wakeup: comm=chromium-browse pid=857 prio=120 target_cpu=003
            Xorg-502   [001] dn..   679.098973: sched_wakeup: comm=lxpanel pid=731 prio=120 target_cpu=001
            Xorg-502   [001] d...   679.098978: sched_switch: prev_comm=Xorg prev_pid=502 prev_prio=120 prev_state=R ==> next_comm=lxpanel next_pid=731 next_prio=120
         lxpanel-731   [001] d...   679.098994: sched_switch: prev_comm=lxpanel prev_pid=731 prev_prio=120 prev_state=S ==> next_comm=Xorg next_pid=502 next_prio=120
       lxsession-600   [003] d...   679.099000: sched_switch: prev_comm=lxsession prev_pid=600 prev_prio=120 prev_state=S ==> next_comm=chromium-browse next_pid=857 next_prio=120
 chromium-browse-857   [003] dnh.   679.099008: sched_wakeup: comm=lxsession pid=600 prio=120 target_cpu=003
 chromium-browse-857   [003] d...   679.099012: sched_switch: prev_comm=chromium-browse prev_pid=857 prev_prio=120 prev_state=R ==> next_comm=lxsession next_pid=600 next_prio=120
            Xorg-502   [001] dn..   679.099031: sched_wakeup: comm=lxpanel pid=731 prio=120 target_cpu=001
            Xorg-502   [001] d...   679.099036: sched_switch: prev_comm=Xorg prev_pid=502 prev_prio=120 prev_state=R ==> next_comm=lxpanel next_pid=731 next_prio=120
       lxsession-600   [003] d...   679.099045: sched_switch: prev_comm=lxsession prev_pid=600 prev_prio=120 prev_state=S ==> next_comm=chromium-browse next_pid=857 next_prio=120
         lxpanel-731   [001] d...   679.099053: sched_switch: prev_comm=lxpanel prev_pid=731 prev_prio=120 prev_state=S ==> next_comm=Xorg next_pid=502 next_prio=120
 chromium-browse-857   [003] dnh.   679.099067: sched_wakeup: comm=lxsession pid=600 prio=120 target_cpu=003
 chromium-browse-857   [003] d...   679.099070: sched_switch: prev_comm=chromium-browse prev_pid=857 prev_prio=120 prev_state=R ==> next_comm=lxsession next_pid=600 next_prio=120
            Xorg-502   [001] dn..   679.099089: sched_wakeup: comm=lxpanel pid=731 prio=120 target_cpu=001
            Xorg-502   [001] d...   679.099094: sched_switch: prev_comm=Xorg prev_pid=502 prev_prio=120 prev_state=R ==> next_comm=lxpanel next_pid=731 next_prio=120
       lxsession-600   [003] d...   679.099104: sched_switch: prev_comm=lxsession prev_pid=600 prev_prio=120 prev_state=S ==> next_comm=chromium-browse next_pid=857 next_prio=120
         lxpanel-731   [001] d...   679.099111: sched_switch: prev_comm=lxpanel prev_pid=731 prev_prio=120 prev_state=S ==> next_comm=Xorg next_pid=502 next_prio=120
 chromium-browse-857   [003] d.h.   679.099126: sched_wakeup: comm=lxsession pid=600 prio=120 target_cpu=003
            Xorg-502   [001] dn..   679.099151: sched_wakeup: comm=lxpanel pid=731 prio=120 target_cpu=001
            Xorg-502   [001] d...   679.099156: sched_switch: prev_comm=Xorg prev_pid=502 prev_prio=120 prev_state=R ==> next_comm=lxpanel next_pid=731 next_prio=120
         lxpanel-731   [001] d...   679.099173: sched_switch: prev_comm=lxpanel prev_pid=731 prev_prio=120 prev_state=S ==> next_comm=Xorg next_pid=502 next_prio=120
 chromium-browse-857   [003] d...   679.099194: sched_switch: prev_comm=chromium-browse prev_pid=857 prev_prio=120 prev_state=S ==> next_comm=lxsession next_pid=600 next_prio=120
       lxsession-600   [003] d.h.   679.099225: sched_wakeup: comm=chromium-browse pid=857 prio=120 target_cpu=003
            Xorg-502   [001] dn..   679.099232: sched_wakeup: comm=lxpanel pid=731 prio=120 target_cpu=001
            Xorg-502   [001] d...   679.099238: sched_switch: prev_comm=Xorg prev_pid=502 prev_prio=120 prev_state=R ==> next_comm=lxpanel next_pid=731 next_prio=120
       lxsession-600   [003] d...   679.099239: sched_switch: prev_comm=lxsession prev_pid=600 prev_prio=120 prev_state=S ==> next_comm=chromium-browse next_pid=857 next_prio=120
         lxpanel-731   [001] d...   679.099255: sched_switch: prev_comm=lxpanel prev_pid=731 prev_prio=120 prev_state=S ==> next_comm=Xorg next_pid=502 next_prio=120
 chromium-browse-857   [003] dnh.   679.099269: sched_wakeup: comm=lxsession pid=600 prio=120 target_cpu=003
 chromium-browse-857   [003] d...   679.099273: sched_switch: prev_comm=chromium-browse prev_pid=857 prev_prio=120 prev_state=R ==> next_comm=lxsession next_pid=600 next_prio=120
            Xorg-502   [001] dn..   679.099295: sched_wakeup: comm=lxpanel pid=731 prio=120 target_cpu=001
            Xorg-502   [001] d...   679.099300: sched_switch: prev_comm=Xorg prev_pid=502 prev_prio=120 prev_state=R ==> next_comm=lxpanel next_pid=731 next_prio=120
       lxsession-600   [003] d...   679.099307: sched_switch: prev_comm=lxsession prev_pid=600 prev_prio=120 prev_state=S ==> next_comm=chromium-browse next_pid=857 next_prio=120
         lxpanel-731   [001] d...   679.099317: sched_switch: prev_comm=lxpanel prev_pid=731 prev_prio=120 prev_state=S ==> next_comm=Xorg next_pid=502 next_prio=120
 chromium-browse-857   [003] dnh.   679.099331: sched_wakeup: comm=lxsession pid=600 prio=120 target_cpu=003
 chromium-browse-857   [003] d...   679.099336: sched_switch: prev_comm=chromium-browse prev_pid=857 prev_prio=120 prev_state=R ==> next_comm=lxsession next_pid=600 next_prio=120
            Xorg-502   [001] dn..   679.099357: sched_wakeup: comm=lxpanel pid=731 prio=120 target_cpu=001
            Xorg-502   [001] d...   679.099362: sched_switch: prev_comm=Xorg prev_pid=502 prev_prio=120 prev_state=R ==> next_comm=lxpanel next_pid=731 next_prio=120
       lxsession-600   [003] d...   679.099370: sched_switch: prev_comm=lxsession prev_pid=600 prev_prio=120 prev_state=S ==> next_comm=chromium-browse next_pid=857 next_prio=120
         lxpanel-731   [001] d...   679.099378: sched_switch: prev_comm=lxpanel prev_pid=731 prev_prio=120 prev_state=S ==> next_comm=Xorg next_pid=502 next_prio=120
 chromium-browse-857   [003] dnh.   679.099392: sched_wakeup: comm=lxsession pid=600 prio=120 target_cpu=003
 chromium-browse-857   [003] d...   679.099396: sched_switch: prev_comm=chromium-browse prev_pid=857 prev_prio=120 prev_state=R ==> next_comm=lxsession next_pid=600 next_prio=120
            Xorg-502   [001] dn..   679.099419: sched_wakeup: comm=lxpanel pid=731 prio=120 target_cpu=001
            Xorg-502   [001] d...   679.099424: sched_switch: prev_comm=Xorg prev_pid=502 prev_prio=120 prev_state=R ==> next_comm=lxpanel next_pid=731 next_prio=120
       lxsession-600   [003] d...   679.099430: sched_switch: prev_comm=lxsession prev_pid=600 prev_prio=120 prev_state=S ==> next_comm=chromium-browse next_pid=857 next_prio=120
         lxpanel-731   [001] d...   679.099441: sched_switch: prev_comm=lxpanel prev_pid=731 prev_prio=120 prev_state=S ==> next_comm=Xorg next_pid=502 next_prio=120
 chromium-browse-857   [003] dnh.   679.099455: sched_wakeup: comm=lxsession pid=600 prio=120 target_cpu=003
 chromium-browse-857   [003] d...   679.099459: sched_switch: prev_comm=chromium-browse prev_pid=857 prev_prio=120 prev_state=R ==> next_comm=lxsession next_pid=600 next_prio=120
            Xorg-502   [001] dn..   679.099481: sched_wakeup: comm=lxpanel pid=731 prio=120 target_cpu=001
            Xorg-502   [001] d...   679.099486: sched_switch: prev_comm=Xorg prev_pid=502 prev_prio=120 prev_state=R ==> next_comm=lxpanel next_pid=731 next_prio=120
       lxsession-600   [003] d...   679.099492: sched_switch: prev_comm=lxsession prev_pid=600 prev_prio=120 prev_state=S ==> next_comm=chromium-browse next_pid=857 next_prio=120
         lxpanel-731   [001] d...   679.099502: sched_switch: prev_comm=lxpanel prev_pid=731 prev_prio=120 prev_state=S ==> next_comm=Xorg next_pid=502 next_prio=120
 chromium-browse-857   [003] d.h.   679.099516: sched_wakeup: comm=lxsession pid=600 prio=120 target_cpu=003
            Xorg-502   [001] dn..   679.099543: sched_wakeup: comm=lxpanel pid=731 prio=120 target_cpu=001
            Xorg-502   [001] d...   679.099548: sched_switch: prev_comm=Xorg prev_pid=502 prev_prio=120 prev_state=R ==> next_comm=lxpanel next_pid=731 next_prio=120
         lxpanel-731   [001] d...   679.099566: sched_switch: prev_comm=lxpanel prev_pid=731 prev_prio=120 prev_state=S ==> next_comm=Xorg next_pid=502 next_prio=120
 chromium-browse-857   [003] d...   679.099580: sched_switch: prev_comm=chromium-browse prev_pid=857 prev_prio=120 prev_state=S ==> next_comm=lxsession next_pid=600 next_prio=120
       lxsession-600   [003] d.h.   679.099598: sched_wakeup: comm=chromium-browse pid=857 prio=120 target_cpu=003
            Xorg-502   [001] dn..   679.099605: sched_wakeup: comm=lxpanel pid=731 prio=120 target_cpu=001
            Xorg-502   [001] d...   679.099610: sched_switch: prev_comm=Xorg prev_pid=502 prev_prio=120 prev_state=R ==> next_comm=lxpanel next_pid=731 next_prio=120
       lxsession-600   [003] d...   679.099625: sched_switch: prev_comm=lxsession prev_pid=600 prev_prio=120 prev_state=S ==> next_comm=chromium-browse next_pid=857 next_prio=120
         lxpanel-731   [001] d...   679.099626: sched_switch: prev_comm=lxpanel prev_pid=731 prev_prio=120 prev_state=S ==> next_comm=Xorg next_pid=502 next_prio=120
 chromium-browse-857   [003] dnh.   679.099639: sched_wakeup: comm=lxsession pid=600 prio=120 target_cpu=003
 chromium-browse-857   [003] d...   679.099644: sched_switch: prev_comm=chromium-browse prev_pid=857 prev_prio=120 prev_state=R ==> next_comm=lxsession next_pid=600 next_prio=120
            Xorg-502   [001] dn..   679.099661: sched_wakeup: comm=openbox pid=723 prio=120 target_cpu=001
            Xorg-502   [001] d...   679.099668: sched_switch: prev_comm=Xorg prev_pid=502 prev_prio=120 prev_state=R ==> next_comm=openbox next_pid=723 next_prio=120
       lxsession-600   [003] d...   679.099677: sched_switch: prev_comm=lxsession prev_pid=600 prev_prio=120 prev_state=S ==> next_comm=chromium-browse next_pid=857 next_prio=120
         openbox-723   [001] d...   679.099743: sched_switch: prev_comm=openbox prev_pid=723 prev_prio=120 prev_state=S ==> next_comm=Xorg next_pid=502 next_prio=120
 chromium-browse-857   [003] d...   679.099749: sched_switch: prev_comm=chromium-browse prev_pid=857 prev_prio=120 prev_state=S ==> next_comm=swapper/3 next_pid=0 next_prio=120
            Xorg-502   [001] dn..   679.099758: sched_wakeup: comm=openbox pid=723 prio=120 target_cpu=001
            Xorg-502   [001] d...   679.099763: sched_switch: prev_comm=Xorg prev_pid=502 prev_prio=120 prev_state=R ==> next_comm=openbox next_pid=723 next_prio=120
         openbox-723   [001] d.h.   679.100334: signal_generate: sig=14 errno=0 code=128 comm=Xorg pid=502 grp=1 res=0
         openbox-723   [001] d...   679.100824: sched_switch: prev_comm=openbox prev_pid=723 prev_prio=120 prev_state=S ==> next_comm=Xorg next_pid=502 next_prio=120
            Xorg-502   [001] d...   679.100844: signal_deliver: sig=14 errno=0 code=128 sa_handler=1b07f8 sa_flags=14000000
            Xorg-502   [001] dn..   679.103792: sched_wakeup: comm=lxpanel pid=731 prio=120 target_cpu=001
            Xorg-502   [001] d...   679.103814: sched_switch: prev_comm=Xorg prev_pid=502 prev_prio=120 prev_state=R ==> next_comm=lxpanel next_pid=731 next_prio=120
         lxpanel-731   [001] d...   679.103867: sched_switch: prev_comm=lxpanel prev_pid=731 prev_prio=120 prev_state=S ==> next_comm=Xorg next_pid=502 next_prio=120
            Xorg-502   [001] dn..   679.103881: sched_wakeup: comm=lxpanel pid=731 prio=120 target_cpu=001
            Xorg-502   [001] d...   679.103886: sched_switch: prev_comm=Xorg prev_pid=502 prev_prio=120 prev_state=R ==> next_comm=lxpanel next_pid=731 next_prio=120
         lxpanel-731   [001] d...   679.103999: sched_switch: prev_comm=lxpanel prev_pid=731 prev_prio=120 prev_state=S ==> next_comm=Xorg next_pid=502 next_prio=120
            Xorg-502   [001] dn..   679.104019: sched_wakeup: comm=lxpanel pid=731 prio=120 target_cpu=001
            Xorg-502   [001] d...   679.104025: sched_switch: prev_comm=Xorg prev_pid=502 prev_prio=120 prev_state=R ==> next_comm=lxpanel next_pid=731 next_prio=120
         lxpanel-731   [001] d...   679.104042: sched_switch: prev_comm=lxpanel prev_pid=731 prev_prio=120 prev_state=S ==> next_comm=Xorg next_pid=502 next_prio=120
            Xorg-502   [001] dn..   679.104053: sched_wakeup: comm=lxpanel pid=731 prio=120 target_cpu=001
            Xorg-502   [001] d...   679.104057: sched_switch: prev_comm=Xorg prev_pid=502 prev_prio=120 prev_state=R ==> next_comm=lxpanel next_pid=731 next_prio=120
         lxpanel-731   [001] d...   679.104711: sched_switch: prev_comm=lxpanel prev_pid=731 prev_prio=120 prev_state=S ==> next_comm=Xorg next_pid=502 next_prio=120
            Xorg-502   [001] dn..   679.104743: sched_wakeup: comm=lxpanel pid=731 prio=120 target_cpu=001
            Xorg-502   [001] d...   679.104750: sched_switch: prev_comm=Xorg prev_pid=502 prev_prio=120 prev_state=R ==> next_comm=lxpanel next_pid=731 next_prio=120
         lxpanel-731   [001] d...   679.104824: sched_switch: prev_comm=lxpanel prev_pid=731 prev_prio=120 prev_state=S ==> next_comm=Xorg next_pid=502 next_prio=120
            Xorg-502   [001] dn..   679.104872: sched_wakeup: comm=lxterminal pid=847 prio=120 target_cpu=001
            Xorg-502   [001] d...   679.104878: sched_switch: prev_comm=Xorg prev_pid=502 prev_prio=120 prev_state=R ==> next_comm=lxterminal next_pid=847 next_prio=120
      lxterminal-847   [001] d...   679.104987: sched_switch: prev_comm=lxterminal prev_pid=847 prev_prio=120 prev_state=S ==> next_comm=Xorg next_pid=502 next_prio=120
            Xorg-502   [001] dn..   679.105004: sched_wakeup: comm=lxpanel pid=731 prio=120 target_cpu=001
            Xorg-502   [001] d...   679.105009: sched_switch: prev_comm=Xorg prev_pid=502 prev_prio=120 prev_state=R ==> next_comm=lxpanel next_pid=731 next_prio=120
         lxpanel-731   [001] d...   679.105031: sched_switch: prev_comm=lxpanel prev_pid=731 prev_prio=120 prev_state=S ==> next_comm=Xorg next_pid=502 next_prio=120
            Xorg-502   [001] dn..   679.105049: sched_wakeup: comm=openbox pid=723 prio=120 target_cpu=001
            Xorg-502   [001] d...   679.105055: sched_switch: prev_comm=Xorg prev_pid=502 prev_prio=120 prev_state=R ==> next_comm=openbox next_pid=723 next_prio=120
         openbox-723   [001] d...   679.105086: sched_switch: prev_comm=openbox prev_pid=723 prev_prio=120 prev_state=S ==> next_comm=Xorg next_pid=502 next_prio=120
            Xorg-502   [001] dn..   679.105105: sched_wakeup: comm=lxpanel pid=731 prio=120 target_cpu=001
            Xorg-502   [001] d...   679.105109: sched_switch: prev_comm=Xorg prev_pid=502 prev_prio=120 prev_state=R ==> next_comm=lxpanel next_pid=731 next_prio=120
         lxpanel-731   [001] d.h.   679.105334: signal_generate: sig=14 errno=0 code=128 comm=Xorg pid=502 grp=1 res=0
         lxpanel-731   [001] d...   679.106961: sched_switch: prev_comm=lxpanel prev_pid=731 prev_prio=120 prev_state=S ==> next_comm=Xorg next_pid=502 next_prio=120
            Xorg-502   [001] d...   679.106983: signal_deliver: sig=14 errno=0 code=128 sa_handler=1b07f8 sa_flags=14000000
            Xorg-502   [001] d.h.   679.110346: signal_generate: sig=14 errno=0 code=128 comm=Xorg pid=502 grp=1 res=0
            Xorg-502   [001] d...   679.110370: signal_deliver: sig=14 errno=0 code=128 sa_handler=1b07f8 sa_flags=14000000
            Xorg-502   [001] d.h.   679.115339: signal_generate: sig=14 errno=0 code=128 comm=Xorg pid=502 grp=1 res=0
            Xorg-502   [001] d...   679.115358: signal_deliver: sig=14 errno=0 code=128 sa_handler=1b07f8 sa_flags=14000000
            Xorg-502   [001] dn..   679.118494: sched_wakeup: comm=openbox pid=723 prio=120 target_cpu=001
            Xorg-502   [001] d...   679.118517: sched_switch: prev_comm=Xorg prev_pid=502 prev_prio=120 prev_state=R+ ==> next_comm=openbox next_pid=723 next_prio=120
         openbox-723   [001] d...   679.119134: sched_switch: prev_comm=openbox prev_pid=723 prev_prio=120 prev_state=S ==> next_comm=Xorg next_pid=502 next_prio=120
            Xorg-502   [001] dn..   679.119196: sched_wakeup: comm=openbox pid=723 prio=120 target_cpu=001
            Xorg-502   [001] d...   679.119212: sched_switch: prev_comm=Xorg prev_pid=502 prev_prio=120 prev_state=R ==> next_comm=openbox next_pid=723 next_prio=120
         openbox-723   [001] d...   679.119387: sched_switch: prev_comm=openbox prev_pid=723 prev_prio=120 prev_state=S ==> next_comm=Xorg next_pid=502 next_prio=120
            Xorg-502   [001] d.h.   679.120339: signal_generate: sig=14 errno=0 code=128 comm=Xorg pid=502 grp=1 res=0
            Xorg-502   [001] d...   679.120361: signal_deliver: sig=14 errno=0 code=128 sa_handler=1b07f8 sa_flags=14000000
            Xorg-502   [001] dn..   679.120652: sched_wakeup: comm=lxterminal pid=847 prio=120 target_cpu=001
            Xorg-502   [001] d...   679.120671: sched_switch: prev_comm=Xorg prev_pid=502 prev_prio=120 prev_state=R ==> next_comm=lxterminal next_pid=847 next_prio=120
      lxterminal-847   [001] d...   679.120853: sched_switch: prev_comm=lxterminal prev_pid=847 prev_prio=120 prev_state=S ==> next_comm=Xorg next_pid=502 next_prio=120
            Xorg-502   [001] dn..   679.120879: sched_wakeup: comm=lxterminal pid=847 prio=120 target_cpu=001
            Xorg-502   [001] d...   679.120885: sched_switch: prev_comm=Xorg prev_pid=502 prev_prio=120 prev_state=R ==> next_comm=lxterminal next_pid=847 next_prio=120
      lxterminal-847   [001] d...   679.120934: sched_switch: prev_comm=lxterminal prev_pid=847 prev_prio=120 prev_state=S ==> next_comm=Xorg next_pid=502 next_prio=120
            Xorg-502   [001] dn..   679.120962: sched_wakeup: comm=lxterminal pid=847 prio=120 target_cpu=001
            Xorg-502   [001] d...   679.120967: sched_switch: prev_comm=Xorg prev_pid=502 prev_prio=120 prev_state=R ==> next_comm=lxterminal next_pid=847 next_prio=120
      lxterminal-847   [001] d...   679.121010: sched_switch: prev_comm=lxterminal prev_pid=847 prev_prio=120 prev_state=S ==> next_comm=Xorg next_pid=502 next_prio=120
            Xorg-502   [001] dn..   679.121320: sched_wakeup: comm=openbox pid=723 prio=120 target_cpu=001
            Xorg-502   [001] d...   679.121329: sched_switch: prev_comm=Xorg prev_pid=502 prev_prio=120 prev_state=R+ ==> next_comm=openbox next_pid=723 next_prio=120
         openbox-723   [001] d...   679.121814: sched_switch: prev_comm=openbox prev_pid=723 prev_prio=120 prev_state=S ==> next_comm=Xorg next_pid=502 next_prio=120
            Xorg-502   [001] dn..   679.121866: sched_wakeup: comm=openbox pid=723 prio=120 target_cpu=001
            Xorg-502   [001] d...   679.121877: sched_switch: prev_comm=Xorg prev_pid=502 prev_prio=120 prev_state=R+ ==> next_comm=openbox next_pid=723 next_prio=120
         openbox-723   [001] d...   679.121911: sched_switch: prev_comm=openbox prev_pid=723 prev_prio=120 prev_state=S ==> next_comm=Xorg next_pid=502 next_prio=120
            Xorg-502   [001] dn..   679.122613: sched_wakeup: comm=openbox pid=723 prio=120 target_cpu=001
            Xorg-502   [001] d...   679.122621: sched_switch: prev_comm=Xorg prev_pid=502 prev_prio=120 prev_state=R ==> next_comm=openbox next_pid=723 next_prio=120
         openbox-723   [001] d...   679.122751: sched_switch: prev_comm=openbox prev_pid=723 prev_prio=120 prev_state=S ==> next_comm=Xorg next_pid=502 next_prio=120
            Xorg-502   [001] dn..   679.122765: sched_wakeup: comm=openbox pid=723 prio=120 target_cpu=001
            Xorg-502   [001] d...   679.122772: sched_switch: prev_comm=Xorg prev_pid=502 prev_prio=120 prev_state=R ==> next_comm=openbox next_pid=723 next_prio=120
         openbox-723   [001] d...   679.122861: sched_switch: prev_comm=openbox prev_pid=723 prev_prio=120 prev_state=S ==> next_comm=Xorg next_pid=502 next_prio=120
          <idle>-0     [003] dnh.   679.122931: sched_wakeup: comm=chromium-browse pid=857 prio=120 target_cpu=003
            Xorg-502   [001] dn..   679.122941: sched_wakeup: comm=lxpanel pid=731 prio=120 target_cpu=001
            Xorg-502   [001] d...   679.122947: sched_switch: prev_comm=Xorg prev_pid=502 prev_prio=120 prev_state=R ==> next_comm=lxpanel next_pid=731 next_prio=120
          <idle>-0     [003] d...   679.122949: sched_switch: prev_comm=swapper/3 prev_pid=0 prev_prio=120 prev_state=R ==> next_comm=chromium-browse next_pid=857 next_prio=120
         lxpanel-731   [001] d...   679.123103: sched_switch: prev_comm=lxpanel prev_pid=731 prev_prio=120 prev_state=S ==> next_comm=Xorg next_pid=502 next_prio=120
 chromium-browse-857   [003] d...   679.123119: sched_switch: prev_comm=chromium-browse prev_pid=857 prev_prio=120 prev_state=S ==> next_comm=swapper/3 next_pid=0 next_prio=120
          <idle>-0     [003] dnh.   679.123143: sched_wakeup: comm=lxsession pid=600 prio=120 target_cpu=003
          <idle>-0     [003] d...   679.123151: sched_switch: prev_comm=swapper/3 prev_pid=0 prev_prio=120 prev_state=R ==> next_comm=lxsession next_pid=600 next_prio=120
       lxsession-600   [003] d.h.   679.123158: sched_wakeup: comm=chromium-browse pid=857 prio=120 target_cpu=003
            Xorg-502   [001] dn..   679.123169: sched_wakeup: comm=lxpanel pid=731 prio=120 target_cpu=001
            Xorg-502   [001] d...   679.123174: sched_switch: prev_comm=Xorg prev_pid=502 prev_prio=120 prev_state=R ==> next_comm=lxpanel next_pid=731 next_prio=120
       lxsession-600   [003] d...   679.123224: sched_switch: prev_comm=lxsession prev_pid=600 prev_prio=120 prev_state=S ==> next_comm=chromium-browse next_pid=857 next_prio=120
         lxpanel-731   [001] d...   679.123230: sched_switch: prev_comm=lxpanel prev_pid=731 prev_prio=120 prev_state=S ==> next_comm=Xorg next_pid=502 next_prio=120
 chromium-browse-857   [003] d...   679.123262: sched_switch: prev_comm=chromium-browse prev_pid=857 prev_prio=120 prev_state=S ==> next_comm=swapper/3 next_pid=0 next_prio=120
          <idle>-0     [003] dnh.   679.123268: sched_wakeup: comm=chromium-browse pid=857 prio=120 target_cpu=003
          <idle>-0     [003] dnh.   679.123271: sched_wakeup: comm=lxsession pid=600 prio=120 target_cpu=003
          <idle>-0     [003] d...   679.123274: sched_switch: prev_comm=swapper/3 prev_pid=0 prev_prio=120 prev_state=R ==> next_comm=lxsession next_pid=600 next_prio=120
            Xorg-502   [001] dn..   679.123277: sched_wakeup: comm=lxpanel pid=731 prio=120 target_cpu=001
            Xorg-502   [001] d...   679.123282: sched_switch: prev_comm=Xorg prev_pid=502 prev_prio=120 prev_state=R ==> next_comm=lxpanel next_pid=731 next_prio=120
       lxsession-600   [003] d...   679.123355: sched_switch: prev_comm=lxsession prev_pid=600 prev_prio=120 prev_state=S ==> next_comm=chromium-browse next_pid=857 next_prio=120
         lxpanel-731   [001] d...   679.123367: sched_switch: prev_comm=lxpanel prev_pid=731 prev_prio=120 prev_state=S ==> next_comm=Xorg next_pid=502 next_prio=120
 chromium-browse-857   [003] d...   679.123383: sched_switch: prev_comm=chromium-browse prev_pid=857 prev_prio=120 prev_state=S ==> next_comm=swapper/3 next_pid=0 next_prio=120
          <idle>-0     [003] dnh.   679.123389: sched_wakeup: comm=lxsession pid=600 prio=120 target_cpu=003
          <idle>-0     [003] d...   679.123392: sched_switch: prev_comm=swapper/3 prev_pid=0 prev_prio=120 prev_state=R ==> next_comm=lxsession next_pid=600 next_prio=120
       lxsession-600   [003] d.h.   679.123407: sched_wakeup: comm=chromium-browse pid=857 prio=120 target_cpu=003
            Xorg-502   [001] dn..   679.123418: sched_wakeup: comm=lxpanel pid=731 prio=120 target_cpu=001
            Xorg-502   [001] d...   679.123423: sched_switch: prev_comm=Xorg prev_pid=502 prev_prio=120 prev_state=R ==> next_comm=lxpanel next_pid=731 next_prio=120
       lxsession-600   [003] d...   679.123432: sched_switch: prev_comm=lxsession prev_pid=600 prev_prio=120 prev_state=S ==> next_comm=chromium-browse next_pid=857 next_prio=120
 chromium-browse-857   [003] d...   679.123462: sched_switch: prev_comm=chromium-browse prev_pid=857 prev_prio=120 prev_state=S ==> next_comm=swapper/3 next_pid=0 next_prio=120
         lxpanel-731   [001] d...   679.123471: sched_switch: prev_comm=lxpanel prev_pid=731 prev_prio=120 prev_state=S ==> next_comm=Xorg next_pid=502 next_prio=120
          <idle>-0     [003] dnh.   679.123487: sched_wakeup: comm=lxsession pid=600 prio=120 target_cpu=003
          <idle>-0     [003] d...   679.123493: sched_switch: prev_comm=swapper/3 prev_pid=0 prev_prio=120 prev_state=R ==> next_comm=lxsession next_pid=600 next_prio=120
       lxsession-600   [003] d.h.   679.123508: sched_wakeup: comm=chromium-browse pid=857 prio=120 target_cpu=003
            Xorg-502   [001] dn..   679.123516: sched_wakeup: comm=lxpanel pid=731 prio=120 target_cpu=001
            Xorg-502   [001] d...   679.123521: sched_switch: prev_comm=Xorg prev_pid=502 prev_prio=120 prev_state=R ==> next_comm=lxpanel next_pid=731 next_prio=120
       lxsession-600   [003] d...   679.123537: sched_switch: prev_comm=lxsession prev_pid=600 prev_prio=120 prev_state=S ==> next_comm=chromium-browse next_pid=857 next_prio=120
 chromium-browse-857   [003] d...   679.123566: sched_switch: prev_comm=chromium-browse prev_pid=857 prev_prio=120 prev_state=S ==> next_comm=swapper/3 next_pid=0 next_prio=120
         lxpanel-731   [001] d...   679.123569: sched_switch: prev_comm=lxpanel prev_pid=731 prev_prio=120 prev_state=S ==> next_comm=Xorg next_pid=502 next_prio=120
          <idle>-0     [003] dnh.   679.123585: sched_wakeup: comm=lxsession pid=600 prio=120 target_cpu=003
          <idle>-0     [003] d...   679.123590: sched_switch: prev_comm=swapper/3 prev_pid=0 prev_prio=120 prev_state=R ==> next_comm=lxsession next_pid=600 next_prio=120
       lxsession-600   [003] d.h.   679.123603: sched_wakeup: comm=chromium-browse pid=857 prio=120 target_cpu=003
            Xorg-502   [001] dn..   679.123611: sched_wakeup: comm=lxpanel pid=731 prio=120 target_cpu=001
            Xorg-502   [001] d...   679.123616: sched_switch: prev_comm=Xorg prev_pid=502 prev_prio=120 prev_state=R ==> next_comm=lxpanel next_pid=731 next_prio=120
       lxsession-600   [003] d...   679.123631: sched_switch: prev_comm=lxsession prev_pid=600 prev_prio=120 prev_state=S ==> next_comm=chromium-browse next_pid=857 next_prio=120
 chromium-browse-857   [003] d...   679.123658: sched_switch: prev_comm=chromium-browse prev_pid=857 prev_prio=120 prev_state=S ==> next_comm=swapper/3 next_pid=0 next_prio=120
         lxpanel-731   [001] d...   679.123662: sched_switch: prev_comm=lxpanel prev_pid=731 prev_prio=120 prev_state=S ==> next_comm=Xorg next_pid=502 next_prio=120
          <idle>-0     [003] dnh.   679.123679: sched_wakeup: comm=lxsession pid=600 prio=120 target_cpu=003
          <idle>-0     [003] d...   679.123685: sched_switch: prev_comm=swapper/3 prev_pid=0 prev_prio=120 prev_state=R ==> next_comm=lxsession next_pid=600 next_prio=120
       lxsession-600   [003] d.h.   679.123697: sched_wakeup: comm=chromium-browse pid=857 prio=120 target_cpu=003
            Xorg-502   [001] dn..   679.123705: sched_wakeup: comm=lxpanel pid=731 prio=120 target_cpu=001
            Xorg-502   [001] d...   679.123710: sched_switch: prev_comm=Xorg prev_pid=502 prev_prio=120 prev_state=R ==> next_comm=lxpanel next_pid=731 next_prio=120
       lxsession-600   [003] d...   679.123724: sched_switch: prev_comm=lxsession prev_pid=600 prev_prio=120 prev_state=S ==> next_comm=chromium-browse next_pid=857 next_prio=120
 chromium-browse-857   [003] d...   679.123741: sched_switch: prev_comm=chromium-browse prev_pid=857 prev_prio=120 prev_state=S ==> next_comm=swapper/3 next_pid=0 next_prio=120
         lxpanel-731   [001] d...   679.123756: sched_switch: prev_comm=lxpanel prev_pid=731 prev_prio=120 prev_state=S ==> next_comm=Xorg next_pid=502 next_prio=120
          <idle>-0     [003] dnh.   679.123771: sched_wakeup: comm=lxsession pid=600 prio=120 target_cpu=003
          <idle>-0     [003] d...   679.123776: sched_switch: prev_comm=swapper/3 prev_pid=0 prev_prio=120 prev_state=R ==> next_comm=lxsession next_pid=600 next_prio=120
       lxsession-600   [003] d.h.   679.123790: sched_wakeup: comm=chromium-browse pid=857 prio=120 target_cpu=003
            Xorg-502   [001] dn..   679.123798: sched_wakeup: comm=lxpanel pid=731 prio=120 target_cpu=001
            Xorg-502   [001] d...   679.123803: sched_switch: prev_comm=Xorg prev_pid=502 prev_prio=120 prev_state=R ==> next_comm=lxpanel next_pid=731 next_prio=120
       lxsession-600   [003] d...   679.123816: sched_switch: prev_comm=lxsession prev_pid=600 prev_prio=120 prev_state=S ==> next_comm=chromium-browse next_pid=857 next_prio=120
 chromium-browse-857   [003] d...   679.123833: sched_switch: prev_comm=chromium-browse prev_pid=857 prev_prio=120 prev_state=S ==> next_comm=swapper/3 next_pid=0 next_prio=120
         lxpanel-731   [001] d...   679.123849: sched_switch: prev_comm=lxpanel prev_pid=731 prev_prio=120 prev_state=S ==> next_comm=Xorg next_pid=502 next_prio=120
          <idle>-0     [003] dnh.   679.123864: sched_wakeup: comm=lxsession pid=600 prio=120 target_cpu=003
          <idle>-0     [003] d...   679.123870: sched_switch: prev_comm=swapper/3 prev_pid=0 prev_prio=120 prev_state=R ==> next_comm=lxsession next_pid=600 next_prio=120
       lxsession-600   [003] d.h.   679.123883: sched_wakeup: comm=chromium-browse pid=857 prio=120 target_cpu=003
            Xorg-502   [001] dn..   679.123892: sched_wakeup: comm=lxpanel pid=731 prio=120 target_cpu=001
            Xorg-502   [001] d...   679.123897: sched_switch: prev_comm=Xorg prev_pid=502 prev_prio=120 prev_state=R ==> next_comm=lxpanel next_pid=731 next_prio=120
       lxsession-600   [003] d...   679.123912: sched_switch: prev_comm=lxsession prev_pid=600 prev_prio=120 prev_state=S ==> next_comm=chromium-browse next_pid=857 next_prio=120
 chromium-browse-857   [003] d...   679.123928: sched_switch: prev_comm=chromium-browse prev_pid=857 prev_prio=120 prev_state=S ==> next_comm=swapper/3 next_pid=0 next_prio=120
         lxpanel-731   [001] d...   679.123944: sched_switch: prev_comm=lxpanel prev_pid=731 prev_prio=120 prev_state=S ==> next_comm=Xorg next_pid=502 next_prio=120
          <idle>-0     [003] dnh.   679.123961: sched_wakeup: comm=lxsession pid=600 prio=120 target_cpu=003
          <idle>-0     [003] d...   679.123966: sched_switch: prev_comm=swapper/3 prev_pid=0 prev_prio=120 prev_state=R ==> next_comm=lxsession next_pid=600 next_prio=120
       lxsession-600   [003] d.h.   679.123992: sched_wakeup: comm=chromium-browse pid=857 prio=120 target_cpu=003
            Xorg-502   [001] dn..   679.123999: sched_wakeup: comm=lxpanel pid=731 prio=120 target_cpu=001
            Xorg-502   [001] d...   679.124004: sched_switch: prev_comm=Xorg prev_pid=502 prev_prio=120 prev_state=R ==> next_comm=lxpanel next_pid=731 next_prio=120
       lxsession-600   [003] d...   679.124006: sched_switch: prev_comm=lxsession prev_pid=600 prev_prio=120 prev_state=S ==> next_comm=chromium-browse next_pid=857 next_prio=120
 chromium-browse-857   [003] d...   679.124021: sched_switch: prev_comm=chromium-browse prev_pid=857 prev_prio=120 prev_state=S ==> next_comm=swapper/3 next_pid=0 next_prio=120
         lxpanel-731   [001] d...   679.124051: sched_switch: prev_comm=lxpanel prev_pid=731 prev_prio=120 prev_state=S ==> next_comm=Xorg next_pid=502 next_prio=120
          <idle>-0     [003] dnh.   679.124066: sched_wakeup: comm=lxsession pid=600 prio=120 target_cpu=003
          <idle>-0     [003] d...   679.124072: sched_switch: prev_comm=swapper/3 prev_pid=0 prev_prio=120 prev_state=R ==> next_comm=lxsession next_pid=600 next_prio=120
       lxsession-600   [003] d.h.   679.124084: sched_wakeup: comm=chromium-browse pid=857 prio=120 target_cpu=003
            Xorg-502   [001] dn..   679.124092: sched_wakeup: comm=lxpanel pid=731 prio=120 target_cpu=001
            Xorg-502   [001] d...   679.124097: sched_switch: prev_comm=Xorg prev_pid=502 prev_prio=120 prev_state=R ==> next_comm=lxpanel next_pid=731 next_prio=120
       lxsession-600   [003] d...   679.124111: sched_switch: prev_comm=lxsession prev_pid=600 prev_prio=120 prev_state=S ==> next_comm=chromium-browse next_pid=857 next_prio=120
 chromium-browse-857   [003] d...   679.124127: sched_switch: prev_comm=chromium-browse prev_pid=857 prev_prio=120 prev_state=S ==> next_comm=swapper/3 next_pid=0 next_prio=120
         lxpanel-731   [001] d...   679.124142: sched_switch: prev_comm=lxpanel prev_pid=731 prev_prio=120 prev_state=S ==> next_comm=Xorg next_pid=502 next_prio=120
          <idle>-0     [003] dnh.   679.124157: sched_wakeup: comm=lxsession pid=600 prio=120 target_cpu=003
          <idle>-0     [003] d...   679.124163: sched_switch: prev_comm=swapper/3 prev_pid=0 prev_prio=120 prev_state=R ==> next_comm=lxsession next_pid=600 next_prio=120
       lxsession-600   [003] d.h.   679.124174: sched_wakeup: comm=chromium-browse pid=857 prio=120 target_cpu=003
            Xorg-502   [001] dn..   679.124182: sched_wakeup: comm=lxpanel pid=731 prio=120 target_cpu=001
            Xorg-502   [001] d...   679.124187: sched_switch: prev_comm=Xorg prev_pid=502 prev_prio=120 prev_state=R ==> next_comm=lxpanel next_pid=731 next_prio=120
       lxsession-600   [003] d...   679.124201: sched_switch: prev_comm=lxsession prev_pid=600 prev_prio=120 prev_state=S ==> next_comm=chromium-browse next_pid=857 next_prio=120
 chromium-browse-857   [003] d...   679.124218: sched_switch: prev_comm=chromium-browse prev_pid=857 prev_prio=120 prev_state=S ==> next_comm=swapper/3 next_pid=0 next_prio=120
         lxpanel-731   [001] d...   679.124233: sched_switch: prev_comm=lxpanel prev_pid=731 prev_prio=120 prev_state=S ==> next_comm=Xorg next_pid=502 next_prio=120
          <idle>-0     [003] dnh.   679.124248: sched_wakeup: comm=lxsession pid=600 prio=120 target_cpu=003
          <idle>-0     [003] d...   679.124253: sched_switch: prev_comm=swapper/3 prev_pid=0 prev_prio=120 prev_state=R ==> next_comm=lxsession next_pid=600 next_prio=120
       lxsession-600   [003] d.h.   679.124264: sched_wakeup: comm=chromium-browse pid=857 prio=120 target_cpu=003
            Xorg-502   [001] dn..   679.124271: sched_wakeup: comm=lxpanel pid=731 prio=120 target_cpu=001
            Xorg-502   [001] d...   679.124277: sched_switch: prev_comm=Xorg prev_pid=502 prev_prio=120 prev_state=R ==> next_comm=lxpanel next_pid=731 next_prio=120
       lxsession-600   [003] d...   679.124292: sched_switch: prev_comm=lxsession prev_pid=600 prev_prio=120 prev_state=S ==> next_comm=chromium-browse next_pid=857 next_prio=120
 chromium-browse-857   [003] d...   679.124307: sched_switch: prev_comm=chromium-browse prev_pid=857 prev_prio=120 prev_state=S ==> next_comm=swapper/3 next_pid=0 next_prio=120
         lxpanel-731   [001] d...   679.124322: sched_switch: prev_comm=lxpanel prev_pid=731 prev_prio=120 prev_state=S ==> next_comm=Xorg next_pid=502 next_prio=120
          <idle>-0     [003] dnh.   679.124338: sched_wakeup: comm=lxsession pid=600 prio=120 target_cpu=003
          <idle>-0     [003] d...   679.124343: sched_switch: prev_comm=swapper/3 prev_pid=0 prev_prio=120 prev_state=R ==> next_comm=lxsession next_pid=600 next_prio=120
       lxsession-600   [003] d.h.   679.124354: sched_wakeup: comm=chromium-browse pid=857 prio=120 target_cpu=003
            Xorg-502   [001] dn..   679.124361: sched_wakeup: comm=lxpanel pid=731 prio=120 target_cpu=001
            Xorg-502   [001] d...   679.124367: sched_switch: prev_comm=Xorg prev_pid=502 prev_prio=120 prev_state=R ==> next_comm=lxpanel next_pid=731 next_prio=120
       lxsession-600   [003] d...   679.124382: sched_switch: prev_comm=lxsession prev_pid=600 prev_prio=120 prev_state=S ==> next_comm=chromium-browse next_pid=857 next_prio=120
 chromium-browse-857   [003] d...   679.124398: sched_switch: prev_comm=chromium-browse prev_pid=857 prev_prio=120 prev_state=S ==> next_comm=swapper/3 next_pid=0 next_prio=120
         lxpanel-731   [001] d...   679.124411: sched_switch: prev_comm=lxpanel prev_pid=731 prev_prio=120 prev_state=S ==> next_comm=Xorg next_pid=502 next_prio=120
          <idle>-0     [003] dnh.   679.124426: sched_wakeup: comm=lxsession pid=600 prio=120 target_cpu=003
          <idle>-0     [003] d...   679.124432: sched_switch: prev_comm=swapper/3 prev_pid=0 prev_prio=120 prev_state=R ==> next_comm=lxsession next_pid=600 next_prio=120
       lxsession-600   [003] d.h.   679.124443: sched_wakeup: comm=chromium-browse pid=857 prio=120 target_cpu=003
            Xorg-502   [001] dn..   679.124450: sched_wakeup: comm=lxpanel pid=731 prio=120 target_cpu=001
            Xorg-502   [001] d...   679.124455: sched_switch: prev_comm=Xorg prev_pid=502 prev_prio=120 prev_state=R ==> next_comm=lxpanel next_pid=731 next_prio=120
       lxsession-600   [003] d...   679.124471: sched_switch: prev_comm=lxsession prev_pid=600 prev_prio=120 prev_state=S ==> next_comm=chromium-browse next_pid=857 next_prio=120
 chromium-browse-857   [003] d...   679.124486: sched_switch: prev_comm=chromium-browse prev_pid=857 prev_prio=120 prev_state=S ==> next_comm=swapper/3 next_pid=0 next_prio=120
         lxpanel-731   [001] d...   679.124500: sched_switch: prev_comm=lxpanel prev_pid=731 prev_prio=120 prev_state=S ==> next_comm=Xorg next_pid=502 next_prio=120
          <idle>-0     [003] dnh.   679.124515: sched_wakeup: comm=lxsession pid=600 prio=120 target_cpu=003
          <idle>-0     [003] d...   679.124521: sched_switch: prev_comm=swapper/3 prev_pid=0 prev_prio=120 prev_state=R ==> next_comm=lxsession next_pid=600 next_prio=120
       lxsession-600   [003] d.h.   679.124531: sched_wakeup: comm=chromium-browse pid=857 prio=120 target_cpu=003
            Xorg-502   [001] dn..   679.124540: sched_wakeup: comm=lxpanel pid=731 prio=120 target_cpu=001
            Xorg-502   [001] d...   679.124545: sched_switch: prev_comm=Xorg prev_pid=502 prev_prio=120 prev_state=R ==> next_comm=lxpanel next_pid=731 next_prio=120
       lxsession-600   [003] d...   679.124561: sched_switch: prev_comm=lxsession prev_pid=600 prev_prio=120 prev_state=S ==> next_comm=chromium-browse next_pid=857 next_prio=120
 chromium-browse-857   [003] d...   679.124575: sched_switch: prev_comm=chromium-browse prev_pid=857 prev_prio=120 prev_state=S ==> next_comm=swapper/3 next_pid=0 next_prio=120
         lxpanel-731   [001] d...   679.124589: sched_switch: prev_comm=lxpanel prev_pid=731 prev_prio=120 prev_state=S ==> next_comm=Xorg next_pid=502 next_prio=120
          <idle>-0     [003] dnh.   679.124605: sched_wakeup: comm=lxsession pid=600 prio=120 target_cpu=003
          <idle>-0     [003] d...   679.124610: sched_switch: prev_comm=swapper/3 prev_pid=0 prev_prio=120 prev_state=R ==> next_comm=lxsession next_pid=600 next_prio=120
            Xorg-502   [001] dn..   679.124632: sched_wakeup: comm=openbox pid=723 prio=120 target_cpu=001
            Xorg-502   [001] d...   679.124638: sched_switch: prev_comm=Xorg prev_pid=502 prev_prio=120 prev_state=R ==> next_comm=openbox next_pid=723 next_prio=120
       lxsession-600   [003] d...   679.124644: sched_switch: prev_comm=lxsession prev_pid=600 prev_prio=120 prev_state=S ==> next_comm=swapper/3 next_pid=0 next_prio=120
         openbox-723   [001] d...   679.124686: sched_switch: prev_comm=openbox prev_pid=723 prev_prio=120 prev_state=S ==> next_comm=Xorg next_pid=502 next_prio=120
            Xorg-502   [001] dn..   679.124707: sched_wakeup: comm=openbox pid=723 prio=120 target_cpu=001
            Xorg-502   [001] d...   679.124712: sched_switch: prev_comm=Xorg prev_pid=502 prev_prio=120 prev_state=R ==> next_comm=openbox next_pid=723 next_prio=120
         openbox-723   [001] d...   679.124781: sched_switch: prev_comm=openbox prev_pid=723 prev_prio=120 prev_state=S ==> next_comm=Xorg next_pid=502 next_prio=120
          <idle>-0     [003] dnh.   679.124815: sched_wakeup: comm=chromium-browse pid=857 prio=120 target_cpu=003
          <idle>-0     [003] d...   679.124822: sched_switch: prev_comm=swapper/3 prev_pid=0 prev_prio=120 prev_state=R ==> next_comm=chromium-browse next_pid=857 next_prio=120
            Xorg-502   [001] dn..   679.124828: sched_wakeup: comm=lxterminal pid=847 prio=120 target_cpu=001
            Xorg-502   [001] d...   679.124834: sched_switch: prev_comm=Xorg prev_pid=502 prev_prio=120 prev_state=R ==> next_comm=lxterminal next_pid=847 next_prio=120
 chromium-browse-857   [003] d...   679.124839: sched_switch: prev_comm=chromium-browse prev_pid=857 prev_prio=120 prev_state=S ==> next_comm=swapper/3 next_pid=0 next_prio=120
      lxterminal-847   [001] d...   679.124956: sched_switch: prev_comm=lxterminal prev_pid=847 prev_prio=120 prev_state=S ==> next_comm=Xorg next_pid=502 next_prio=120
            Xorg-502   [001] dn..   679.124971: sched_wakeup: comm=openbox pid=723 prio=120 target_cpu=001
            Xorg-502   [001] d...   679.124977: sched_switch: prev_comm=Xorg prev_pid=502 prev_prio=120 prev_state=R ==> next_comm=openbox next_pid=723 next_prio=120
         openbox-723   [001] d...   679.124996: sched_switch: prev_comm=openbox prev_pid=723 prev_prio=120 prev_state=S ==> next_comm=Xorg next_pid=502 next_prio=120
            Xorg-502   [001] dn..   679.125009: sched_wakeup: comm=lxpanel pid=731 prio=120 target_cpu=001
            Xorg-502   [001] d...   679.125015: sched_switch: prev_comm=Xorg prev_pid=502 prev_prio=120 prev_state=R ==> next_comm=lxpanel next_pid=731 next_prio=120
         lxpanel-731   [001] d...   679.125078: sched_switch: prev_comm=lxpanel prev_pid=731 prev_prio=120 prev_state=S ==> next_comm=Xorg next_pid=502 next_prio=120
            Xorg-502   [001] dn..   679.125095: sched_wakeup: comm=pcmanfm pid=732 prio=120 target_cpu=001
            Xorg-502   [001] d...   679.125101: sched_switch: prev_comm=Xorg prev_pid=502 prev_prio=120 prev_state=R ==> next_comm=pcmanfm next_pid=732 next_prio=120
         pcmanfm-732   [001] d...   679.125194: sched_switch: prev_comm=pcmanfm prev_pid=732 prev_prio=120 prev_state=S ==> next_comm=Xorg next_pid=502 next_prio=120
          <idle>-0     [003] dnh.   679.125213: sched_wakeup: comm=lxsession pid=600 prio=120 target_cpu=003
          <idle>-0     [003] d...   679.125219: sched_switch: prev_comm=swapper/3 prev_pid=0 prev_prio=120 prev_state=R ==> next_comm=lxsession next_pid=600 next_prio=120
            Xorg-502   [001] dn..   679.125221: sched_wakeup: comm=openbox pid=723 prio=120 target_cpu=001
            Xorg-502   [001] d...   679.125226: sched_switch: prev_comm=Xorg prev_pid=502 prev_prio=120 prev_state=R ==> next_comm=openbox next_pid=723 next_prio=120
       lxsession-600   [003] d...   679.125254: sched_switch: prev_comm=lxsession prev_pid=600 prev_prio=120 prev_state=S ==> next_comm=swapper/3 next_pid=0 next_prio=120
         openbox-723   [001] d...   679.125275: sched_switch: prev_comm=openbox prev_pid=723 prev_prio=120 prev_state=S ==> next_comm=Xorg next_pid=502 next_prio=120
            Xorg-502   [001] dn..   679.125298: sched_wakeup: comm=openbox pid=723 prio=120 target_cpu=001
            Xorg-502   [001] d...   679.125303: sched_switch: prev_comm=Xorg prev_pid=502 prev_prio=120 prev_state=R ==> next_comm=openbox next_pid=723 next_prio=120
         openbox-723   [001] d.h.   679.125331: signal_generate: sig=14 errno=0 code=128 comm=Xorg pid=502 grp=1 res=0
         openbox-723   [001] d...   679.125340: sched_switch: prev_comm=openbox prev_pid=723 prev_prio=120 prev_state=S ==> next_comm=Xorg next_pid=502 next_prio=120
            Xorg-502   [001] d...   679.125352: signal_deliver: sig=14 errno=0 code=128 sa_handler=1b07f8 sa_flags=14000000
            Xorg-502   [001] dn..   679.125376: sched_wakeup: comm=openbox pid=723 prio=120 target_cpu=001
            Xorg-502   [001] d...   679.125381: sched_switch: prev_comm=Xorg prev_pid=502 prev_prio=120 prev_state=R ==> next_comm=openbox next_pid=723 next_prio=120
         openbox-723   [001] d...   679.125428: sched_switch: prev_comm=openbox prev_pid=723 prev_prio=120 prev_state=S ==> next_comm=Xorg next_pid=502 next_prio=120
          <idle>-0     [003] dnh.   679.125612: sched_wakeup: comm=chromium-browse pid=857 prio=120 target_cpu=003
          <idle>-0     [003] d...   679.125618: sched_switch: prev_comm=swapper/3 prev_pid=0 prev_prio=120 prev_state=R ==> next_comm=chromium-browse next_pid=857 next_prio=120
            Xorg-502   [001] dn..   679.125631: sched_wakeup: comm=lxpanel pid=731 prio=120 target_cpu=001
            Xorg-502   [001] d...   679.125638: sched_switch: prev_comm=Xorg prev_pid=502 prev_prio=120 prev_state=R ==> next_comm=lxpanel next_pid=731 next_prio=120
         lxpanel-731   [001] d...   679.125659: sched_switch: prev_comm=lxpanel prev_pid=731 prev_prio=120 prev_state=S ==> next_comm=Xorg next_pid=502 next_prio=120
            Xorg-502   [001] dn..   679.125672: sched_wakeup: comm=lxpanel pid=731 prio=120 target_cpu=001
            Xorg-502   [001] d...   679.125676: sched_switch: prev_comm=Xorg prev_pid=502 prev_prio=120 prev_state=R ==> next_comm=lxpanel next_pid=731 next_prio=120
 chromium-browse-857   [003] d...   679.125707: sched_switch: prev_comm=chromium-browse prev_pid=857 prev_prio=120 prev_state=S ==> next_comm=swapper/3 next_pid=0 next_prio=120
         lxpanel-731   [001] d...   679.125738: sched_switch: prev_comm=lxpanel prev_pid=731 prev_prio=120 prev_state=S ==> next_comm=Xorg next_pid=502 next_prio=120
            Xorg-502   [001] dn..   679.125756: sched_wakeup: comm=lxpanel pid=731 prio=120 target_cpu=001
            Xorg-502   [001] d...   679.125761: sched_switch: prev_comm=Xorg prev_pid=502 prev_prio=120 prev_state=R ==> next_comm=lxpanel next_pid=731 next_prio=120
         lxpanel-731   [001] d...   679.125777: sched_switch: prev_comm=lxpanel prev_pid=731 prev_prio=120 prev_state=S ==> next_comm=Xorg next_pid=502 next_prio=120
            Xorg-502   [001] dn..   679.125787: sched_wakeup: comm=lxpanel pid=731 prio=120 target_cpu=001
            Xorg-502   [001] d...   679.125794: sched_switch: prev_comm=Xorg prev_pid=502 prev_prio=120 prev_state=R ==> next_comm=lxpanel next_pid=731 next_prio=120
         lxpanel-731   [001] d...   679.125999: sched_switch: prev_comm=lxpanel prev_pid=731 prev_prio=120 prev_state=S ==> next_comm=Xorg next_pid=502 next_prio=120
            Xorg-502   [001] dn..   679.126024: sched_wakeup: comm=lxpanel pid=731 prio=120 target_cpu=001
            Xorg-502   [001] d...   679.126029: sched_switch: prev_comm=Xorg prev_pid=502 prev_prio=120 prev_state=R ==> next_comm=lxpanel next_pid=731 next_prio=120
         lxpanel-731   [001] d...   679.126052: sched_switch: prev_comm=lxpanel prev_pid=731 prev_prio=120 prev_state=S ==> next_comm=Xorg next_pid=502 next_prio=120
            Xorg-502   [001] dn..   679.126096: sched_wakeup: comm=lxpanel pid=731 prio=120 target_cpu=001
            Xorg-502   [001] d...   679.126100: sched_switch: prev_comm=Xorg prev_pid=502 prev_prio=120 prev_state=R ==> next_comm=lxpanel next_pid=731 next_prio=120
         lxpanel-731   [001] d...   679.127271: sched_switch: prev_comm=lxpanel prev_pid=731 prev_prio=120 prev_state=S ==> next_comm=Xorg next_pid=502 next_prio=120
            Xorg-502   [001] dn..   679.127345: sched_wakeup: comm=lxpanel pid=731 prio=120 target_cpu=001
            Xorg-502   [001] d...   679.127353: sched_switch: prev_comm=Xorg prev_pid=502 prev_prio=120 prev_state=R ==> next_comm=lxpanel next_pid=731 next_prio=120
         lxpanel-731   [001] d...   679.127432: sched_switch: prev_comm=lxpanel prev_pid=731 prev_prio=120 prev_state=S ==> next_comm=Xorg next_pid=502 next_prio=120
            Xorg-502   [001] dn..   679.127480: sched_wakeup: comm=lxterminal pid=847 prio=120 target_cpu=001
            Xorg-502   [001] d...   679.127486: sched_switch: prev_comm=Xorg prev_pid=502 prev_prio=120 prev_state=R ==> next_comm=lxterminal next_pid=847 next_prio=120
      lxterminal-847   [001] d...   679.127599: sched_switch: prev_comm=lxterminal prev_pid=847 prev_prio=120 prev_state=S ==> next_comm=Xorg next_pid=502 next_prio=120
            Xorg-502   [001] dn..   679.127615: sched_wakeup: comm=lxpanel pid=731 prio=120 target_cpu=001
            Xorg-502   [001] d...   679.127621: sched_switch: prev_comm=Xorg prev_pid=502 prev_prio=120 prev_state=R ==> next_comm=lxpanel next_pid=731 next_prio=120
         lxpanel-731   [001] d...   679.127641: sched_switch: prev_comm=lxpanel prev_pid=731 prev_prio=120 prev_state=S ==> next_comm=Xorg next_pid=502 next_prio=120
            Xorg-502   [001] dn..   679.127657: sched_wakeup: comm=openbox pid=723 prio=120 target_cpu=001
            Xorg-502   [001] d...   679.127662: sched_switch: prev_comm=Xorg prev_pid=502 prev_prio=120 prev_state=R ==> next_comm=openbox next_pid=723 next_prio=120
         openbox-723   [001] d...   679.127733: sched_switch: prev_comm=openbox prev_pid=723 prev_prio=120 prev_state=S ==> next_comm=Xorg next_pid=502 next_prio=120
            Xorg-502   [001] dn..   679.127758: sched_wakeup: comm=lxpanel pid=731 prio=120 target_cpu=001
            Xorg-502   [001] d...   679.127763: sched_switch: prev_comm=Xorg prev_pid=502 prev_prio=120 prev_state=R ==> next_comm=lxpanel next_pid=731 next_prio=120
         lxpanel-731   [001] d...   679.129644: sched_switch: prev_comm=lxpanel prev_pid=731 prev_prio=120 prev_state=S ==> next_comm=Xorg next_pid=502 next_prio=120
            Xorg-502   [001] d.h.   679.130336: signal_generate: sig=14 errno=0 code=128 comm=Xorg pid=502 grp=1 res=0
            Xorg-502   [001] d...   679.130355: signal_deliver: sig=14 errno=0 code=128 sa_handler=1b07f8 sa_flags=14000000
