            Xorg-502   [000] d...   679.640663: sched_switch: prev_comm=Xorg prev_pid=502 prev_prio=120 prev_state=R ==> next_comm=chromium-browse next_pid=857 next_prio=120
 chromium-browse-857   [000] d...   679.640725: sched_switch: prev_comm=chromium-browse prev_pid=857 prev_prio=120 prev_state=S ==> next_comm=Xorg next_pid=502 next_prio=120
            Xorg-502   [000] dn..   679.640742: sched_wakeup: comm=chromium-browse pid=857 prio=120 target_cpu=000
            Xorg-502   [000] d...   679.640747: sched_switch: prev_comm=Xorg prev_pid=502 prev_prio=120 prev_state=R ==> next_comm=chromium-browse next_pid=857 next_prio=120
 chromium-browse-857   [000] d...   679.640851: sched_switch: prev_comm=chromium-browse prev_pid=857 prev_prio=120 prev_state=S ==> next_comm=Xorg next_pid=502 next_prio=120
            Xorg-502   [000] dn..   679.641981: sched_wakeup: comm=chromium-browse pid=857 prio=120 target_cpu=000
            Xorg-502   [000] d...   679.641988: sched_switch: prev_comm=Xorg prev_pid=502 prev_prio=120 prev_state=R ==> next_comm=chromium-browse next_pid=857 next_prio=120
 chromium-browse-857   [000] d...   679.642046: sched_switch: prev_comm=chromium-browse prev_pid=857 prev_prio=120 prev_state=S ==> next_comm=Xorg next_pid=502 next_prio=120
            Xorg-502   [000] dn..   679.642067: sched_wakeup: comm=lxpanel pid=731 prio=120 target_cpu=000
            Xorg-502   [000] d...   679.642073: sched_switch: prev_comm=Xorg prev_pid=502 prev_prio=120 prev_state=R ==> next_comm=lxpanel next_pid=731 next_prio=120
         lxpanel-731   [000] d...   679.642102: sched_switch: prev_comm=lxpanel prev_pid=731 prev_prio=120 prev_state=S ==> next_comm=Xorg next_pid=502 next_prio=120
          <idle>-0     [003] dnh.   679.642128: sched_wakeup: comm=lxsession pid=600 prio=120 target_cpu=003
          <idle>-0     [003] d...   679.642140: sched_switch: prev_comm=swapper/3 prev_pid=0 prev_prio=120 prev_state=R ==> next_comm=lxsession next_pid=600 next_prio=120
            Xorg-502   [000] dn..   679.642171: sched_wakeup: comm=lxpanel pid=731 prio=120 target_cpu=000
            Xorg-502   [000] d...   679.642176: sched_switch: prev_comm=Xorg prev_pid=502 prev_prio=120 prev_state=R ==> next_comm=lxpanel next_pid=731 next_prio=120
         lxpanel-731   [000] d...   679.642197: sched_switch: prev_comm=lxpanel prev_pid=731 prev_prio=120 prev_state=S ==> next_comm=Xorg next_pid=502 next_prio=120
            Xorg-502   [000] dn..   679.642208: sched_wakeup: comm=lxpanel pid=731 prio=120 target_cpu=000
            Xorg-502   [000] d...   679.642213: sched_switch: prev_comm=Xorg prev_pid=502 prev_prio=120 prev_state=R ==> next_comm=lxpanel next_pid=731 next_prio=120
       lxsession-600   [003] d...   679.642234: sched_switch: prev_comm=lxsession prev_pid=600 prev_prio=120 prev_state=S ==> next_comm=swapper/3 next_pid=0 next_prio=120
         lxpanel-731   [000] d...   679.643223: sched_switch: prev_comm=lxpanel prev_pid=731 prev_prio=120 prev_state=S ==> next_comm=Xorg next_pid=502 next_prio=120
            Xorg-502   [000] dn..   679.643288: sched_wakeup: comm=chromium-browse pid=857 prio=120 target_cpu=000
            Xorg-502   [000] d...   679.643296: sched_switch: prev_comm=Xorg prev_pid=502 prev_prio=120 prev_state=R ==> next_comm=chromium-browse next_pid=857 next_prio=120
 chromium-browse-857   [000] d...   679.643422: sched_switch: prev_comm=chromium-browse prev_pid=857 prev_prio=120 prev_state=S ==> next_comm=Xorg next_pid=502 next_prio=120
            Xorg-502   [000] dn..   679.643445: sched_wakeup: comm=lxpanel pid=731 prio=120 target_cpu=000
            Xorg-502   [000] d...   679.643451: sched_switch: prev_comm=Xorg prev_pid=502 prev_prio=120 prev_state=R ==> next_comm=lxpanel next_pid=731 next_prio=120
         lxpanel-731   [000] d...   679.643519: sched_switch: prev_comm=lxpanel prev_pid=731 prev_prio=120 prev_state=S ==> next_comm=Xorg next_pid=502 next_prio=120
          <idle>-0     [003] dnh.   679.643542: sched_wakeup: comm=lxsession pid=600 prio=120 target_cpu=003
          <idle>-0     [003] d...   679.643553: sched_switch: prev_comm=swapper/3 prev_pid=0 prev_prio=120 prev_state=R ==> next_comm=lxsession next_pid=600 next_prio=120
       lxsession-600   [003] d...   679.643628: sched_switch: prev_comm=lxsession prev_pid=600 prev_prio=120 prev_state=S ==> next_comm=swapper/3 next_pid=0 next_prio=120
            Xorg-502   [000] d.h.   679.644841: signal_generate: sig=14 errno=0 code=128 comm=Xorg pid=502 grp=1 res=0
            Xorg-502   [000] d...   679.644860: signal_deliver: sig=14 errno=0 code=128 sa_handler=1b07f8 sa_flags=14000000
            Xorg-502   [000] d.h.   679.649847: signal_generate: sig=14 errno=0 code=128 comm=Xorg pid=502 grp=1 res=0
            Xorg-502   [000] d...   679.649878: signal_deliver: sig=14 errno=0 code=128 sa_handler=1b07f8 sa_flags=14000000
            Xorg-502   [000] d.h.   679.654844: signal_generate: sig=14 errno=0 code=128 comm=Xorg pid=502 grp=1 res=0
            Xorg-502   [000] d...   679.654868: signal_deliver: sig=14 errno=0 code=128 sa_handler=1b07f8 sa_flags=14000000
          <idle>-0     [001] dnh.   679.655533: sched_wakeup: comm=lxterminal pid=847 prio=120 target_cpu=001
          <idle>-0     [001] d...   679.655561: sched_switch: prev_comm=swapper/1 prev_pid=0 prev_prio=120 prev_state=R ==> next_comm=lxterminal next_pid=847 next_prio=120
      lxterminal-847   [001] d...   679.658217: sched_switch: prev_comm=lxterminal prev_pid=847 prev_prio=120 prev_state=S ==> next_comm=swapper/1 next_pid=0 next_prio=120
          <idle>-0     [001] dnh.   679.658291: sched_wakeup: comm=lxterminal pid=847 prio=120 target_cpu=001
          <idle>-0     [001] d...   679.658312: sched_switch: prev_comm=swapper/1 prev_pid=0 prev_prio=120 prev_state=R ==> next_comm=lxterminal next_pid=847 next_prio=120
      lxterminal-847   [001] dnh.   679.658857: sched_wakeup: comm=rngd pid=361 prio=120 target_cpu=001
      lxterminal-847   [001] d...   679.658884: sched_switch: prev_comm=lxterminal prev_pid=847 prev_prio=120 prev_state=R ==> next_comm=rngd next_pid=361 next_prio=120
            rngd-361   [001] d...   679.658933: sched_switch: prev_comm=rngd prev_pid=361 prev_prio=120 prev_state=S ==> next_comm=lxterminal next_pid=847 next_prio=120
            Xorg-502   [000] dn..   679.659315: sched_wakeup: comm=chromium-browse pid=857 prio=120 target_cpu=000
            Xorg-502   [000] d...   679.659331: sched_switch: prev_comm=Xorg prev_pid=502 prev_prio=120 prev_state=R ==> next_comm=chromium-browse next_pid=857 next_prio=120
 chromium-browse-857   [000] d...   679.659448: sched_switch: prev_comm=chromium-browse prev_pid=857 prev_prio=120 prev_state=S ==> next_comm=Xorg next_pid=502 next_prio=120
            Xorg-502   [000] dn..   679.659475: sched_wakeup: comm=chromium-browse pid=857 prio=120 target_cpu=000
            Xorg-502   [000] d...   679.659481: sched_switch: prev_comm=Xorg prev_pid=502 prev_prio=120 prev_state=R ==> next_comm=chromium-browse next_pid=857 next_prio=120
 chromium-browse-857   [000] d...   679.659611: sched_switch: prev_comm=chromium-browse prev_pid=857 prev_prio=120 prev_state=S ==> next_comm=Xorg next_pid=502 next_prio=120
            Xorg-502   [000] d.h.   679.659844: signal_generate: sig=14 errno=0 code=128 comm=Xorg pid=502 grp=1 res=0
            Xorg-502   [000] d...   679.659861: signal_deliver: sig=14 errno=0 code=128 sa_handler=1b07f8 sa_flags=14000000
      lxterminal-847   [001] d...   679.660961: sched_switch: prev_comm=lxterminal prev_pid=847 prev_prio=120 prev_state=S ==> next_comm=swapper/1 next_pid=0 next_prio=120
            Xorg-502   [000] d.h.   679.664844: signal_generate: sig=14 errno=0 code=128 comm=Xorg pid=502 grp=1 res=0
            Xorg-502   [000] d...   679.664867: signal_deliver: sig=14 errno=0 code=128 sa_handler=1b07f8 sa_flags=14000000
            Xorg-502   [000] d.h.   679.669848: signal_generate: sig=14 errno=0 code=128 comm=Xorg pid=502 grp=1 res=0
            Xorg-502   [000] d...   679.669874: signal_deliver: sig=14 errno=0 code=128 sa_handler=1b07f8 sa_flags=14000000
          <idle>-0     [002] dns.   679.673357: sched_wakeup: comm=kworker/2:0 pid=1280 prio=120 target_cpu=002
          <idle>-0     [002] d...   679.673446: sched_switch: prev_comm=swapper/2 prev_pid=0 prev_prio=120 prev_state=R ==> next_comm=kworker/2:0 next_pid=1280 next_prio=120
     kworker/2:0-1280  [002] dn..   679.673503: sched_wakeup: comm=ksoftirqd/2 pid=21 prio=120 target_cpu=002
     kworker/2:0-1280  [002] d...   679.673511: sched_switch: prev_comm=kworker/2:0 prev_pid=1280 prev_prio=120 prev_state=R+ ==> next_comm=ksoftirqd/2 next_pid=21 next_prio=120
     ksoftirqd/2-21    [002] d...   679.673534: sched_switch: prev_comm=ksoftirqd/2 prev_pid=21 prev_prio=120 prev_state=S ==> next_comm=kworker/2:0 next_pid=1280 next_prio=120
     kworker/2:0-1280  [002] d...   679.673679: sched_switch: prev_comm=kworker/2:0 prev_pid=1280 prev_prio=120 prev_state=I ==> next_comm=swapper/2 next_pid=0 next_prio=120
            Xorg-502   [000] d.h.   679.674851: signal_generate: sig=14 errno=0 code=128 comm=Xorg pid=502 grp=1 res=0
            Xorg-502   [000] d...   679.674884: signal_deliver: sig=14 errno=0 code=128 sa_handler=1b07f8 sa_flags=14000000
            Xorg-502   [000] d...   679.677970: sched_switch: prev_comm=Xorg prev_pid=502 prev_prio=120 prev_state=S ==> next_comm=swapper/0 next_pid=0 next_prio=120
          <idle>-0     [001] dnh.   679.733952: sched_wakeup: comm=rngd pid=361 prio=120 target_cpu=001
          <idle>-0     [001] dnh.   679.733965: sched_wakeup: comm=kworker/1:3 pid=431 prio=120 target_cpu=001
          <idle>-0     [001] d...   679.733981: sched_switch: prev_comm=swapper/1 prev_pid=0 prev_prio=120 prev_state=R ==> next_comm=rngd next_pid=361 next_prio=120
            rngd-361   [001] d...   679.733998: sched_switch: prev_comm=rngd prev_pid=361 prev_prio=120 prev_state=S ==> next_comm=kworker/1:3 next_pid=431 next_prio=120
     kworker/1:3-431   [001] d.h.   679.734054: sched_wakeup: comm=kworker/1:3 pid=431 prio=120 target_cpu=001
     kworker/1:3-431   [001] d.h.   679.734064: sched_wakeup: comm=ssh-agent pid=674 prio=120 target_cpu=001
     kworker/1:3-431   [001] d...   679.734073: sched_switch: prev_comm=kworker/1:3 prev_pid=431 prev_prio=120 prev_state=R ==> next_comm=ssh-agent next_pid=674 next_prio=120
       ssh-agent-674   [001] d...   679.734119: sched_switch: prev_comm=ssh-agent prev_pid=674 prev_prio=120 prev_state=S ==> next_comm=kworker/1:3 next_pid=431 next_prio=120
     kworker/1:3-431   [001] d...   679.734289: sched_switch: prev_comm=kworker/1:3 prev_pid=431 prev_prio=120 prev_state=D ==> next_comm=swapper/1 next_pid=0 next_prio=120
          <idle>-0     [001] dnh.   679.735365: sched_wakeup: comm=kworker/1:3 pid=431 prio=120 target_cpu=001
          <idle>-0     [001] d...   679.735376: sched_switch: prev_comm=swapper/1 prev_pid=0 prev_prio=120 prev_state=R ==> next_comm=kworker/1:3 next_pid=431 next_prio=120
     kworker/1:3-431   [001] d...   679.735408: sched_switch: prev_comm=kworker/1:3 prev_pid=431 prev_prio=120 prev_state=I ==> next_comm=swapper/1 next_pid=0 next_prio=120
          <idle>-0     [000] dnh.   679.743625: sched_wakeup: comm=lxpanel pid=731 prio=120 target_cpu=000
          <idle>-0     [000] d...   679.743646: sched_switch: prev_comm=swapper/0 prev_pid=0 prev_prio=120 prev_state=R ==> next_comm=lxpanel next_pid=731 next_prio=120
         lxpanel-731   [000] d...   679.743809: sched_switch: prev_comm=lxpanel prev_pid=731 prev_prio=120 prev_state=S ==> next_comm=swapper/0 next_pid=0 next_prio=120
          <idle>-0     [001] dnh.   679.802689: sched_wakeup: comm=rngd pid=361 prio=120 target_cpu=001
          <idle>-0     [001] d...   679.802702: sched_switch: prev_comm=swapper/1 prev_pid=0 prev_prio=120 prev_state=R ==> next_comm=rngd next_pid=361 next_prio=120
            rngd-361   [001] d...   679.802813: sched_switch: prev_comm=rngd prev_pid=361 prev_prio=120 prev_state=S ==> next_comm=swapper/1 next_pid=0 next_prio=120
          <idle>-0     [001] dnh.   679.877692: sched_wakeup: comm=rngd pid=361 prio=120 target_cpu=001
          <idle>-0     [001] dnh.   679.877703: sched_wakeup: comm=kworker/1:3 pid=431 prio=120 target_cpu=001
          <idle>-0     [001] d...   679.877716: sched_switch: prev_comm=swapper/1 prev_pid=0 prev_prio=120 prev_state=R ==> next_comm=rngd next_pid=361 next_prio=120
            rngd-361   [001] d...   679.877730: sched_switch: prev_comm=rngd prev_pid=361 prev_prio=120 prev_state=S ==> next_comm=kworker/1:3 next_pid=431 next_prio=120
     kworker/1:3-431   [001] d...   679.877811: sched_switch: prev_comm=kworker/1:3 prev_pid=431 prev_prio=120 prev_state=I ==> next_comm=swapper/1 next_pid=0 next_prio=120
          <idle>-0     [000] dnh.   679.948488: sched_wakeup: comm=gmain pid=700 prio=120 target_cpu=000
          <idle>-0     [000] d...   679.948508: sched_switch: prev_comm=swapper/0 prev_pid=0 prev_prio=120 prev_state=R ==> next_comm=gmain next_pid=700 next_prio=120
           gmain-700   [000] d...   679.948644: sched_switch: prev_comm=gmain prev_pid=700 prev_prio=120 prev_state=S ==> next_comm=swapper/0 next_pid=0 next_prio=120
          <idle>-0     [001] dnh.   679.950693: sched_wakeup: comm=rngd pid=361 prio=120 target_cpu=001
          <idle>-0     [001] d...   679.950704: sched_switch: prev_comm=swapper/1 prev_pid=0 prev_prio=120 prev_state=R ==> next_comm=rngd next_pid=361 next_prio=120
            rngd-361   [001] d...   679.950717: sched_switch: prev_comm=rngd prev_pid=361 prev_prio=120 prev_state=S ==> next_comm=swapper/1 next_pid=0 next_prio=120
          <idle>-0     [001] dnh.   679.989823: sched_wakeup: comm=raspbian_proc pid=1360 prio=120 target_cpu=001
          <idle>-0     [001] dnh.   679.989838: sched_wakeup: comm=kworker/1:3 pid=431 prio=120 target_cpu=001
          <idle>-0     [001] d...   679.989850: sched_switch: prev_comm=swapper/1 prev_pid=0 prev_prio=120 prev_state=R ==> next_comm=raspbian_proc next_pid=1360 next_prio=120
          <idle>-0     [002] dnh.   679.989914: sched_wakeup: comm=kworker/u8:0 pid=7 prio=120 target_cpu=002
          <idle>-0     [002] d...   679.989931: sched_switch: prev_comm=swapper/2 prev_pid=0 prev_prio=120 prev_state=R ==> next_comm=kworker/u8:0 next_pid=7 next_prio=120
   raspbian_proc-1360  [001] d...   679.989938: sched_switch: prev_comm=raspbian_proc prev_pid=1360 prev_prio=120 prev_state=S ==> next_comm=kworker/1:3 next_pid=431 next_prio=120
     kworker/1:3-431   [001] d.h.   679.989959: sched_wakeup: comm=lxterminal pid=847 prio=120 target_cpu=001
     kworker/1:3-431   [001] d...   679.989969: sched_switch: prev_comm=kworker/1:3 prev_pid=431 prev_prio=120 prev_state=I ==> next_comm=lxterminal next_pid=847 next_prio=120
    kworker/u8:0-7     [002] d...   679.990037: sched_switch: prev_comm=kworker/u8:0 prev_pid=7 prev_prio=120 prev_state=I ==> next_comm=swapper/2 next_pid=0 next_prio=120
      lxterminal-847   [001] d...   679.990138: sched_switch: prev_comm=lxterminal prev_pid=847 prev_prio=120 prev_state=S ==> next_comm=swapper/1 next_pid=0 next_prio=120
          <idle>-0     [001] dnh.   680.000176: sched_wakeup: comm=lxterminal pid=847 prio=120 target_cpu=001
          <idle>-0     [001] d...   680.000190: sched_switch: prev_comm=swapper/1 prev_pid=0 prev_prio=120 prev_state=R ==> next_comm=lxterminal next_pid=847 next_prio=120
          <idle>-0     [000] dnh.   680.002384: sched_wakeup: comm=Xorg pid=502 prio=120 target_cpu=000
          <idle>-0     [000] d...   680.002422: sched_switch: prev_comm=swapper/0 prev_pid=0 prev_prio=120 prev_state=R ==> next_comm=Xorg next_pid=502 next_prio=120
      lxterminal-847   [001] d...   680.002460: sched_switch: prev_comm=lxterminal prev_pid=847 prev_prio=120 prev_state=S ==> next_comm=swapper/1 next_pid=0 next_prio=120
            Xorg-502   [000] d...   680.003676: sched_switch: prev_comm=Xorg prev_pid=502 prev_prio=120 prev_state=S ==> next_comm=swapper/0 next_pid=0 next_prio=120
          <idle>-0     [001] dnh.   680.016478: sched_wakeup: comm=lxterminal pid=847 prio=120 target_cpu=001
          <idle>-0     [001] d...   680.016500: sched_switch: prev_comm=swapper/1 prev_pid=0 prev_prio=120 prev_state=R ==> next_comm=lxterminal next_pid=847 next_prio=120
          <idle>-0     [000] dnh.   680.018634: sched_wakeup: comm=Xorg pid=502 prio=120 target_cpu=000
          <idle>-0     [000] d...   680.018658: sched_switch: prev_comm=swapper/0 prev_pid=0 prev_prio=120 prev_state=R ==> next_comm=Xorg next_pid=502 next_prio=120
      lxterminal-847   [001] d...   680.018741: sched_switch: prev_comm=lxterminal prev_pid=847 prev_prio=120 prev_state=S ==> next_comm=swapper/1 next_pid=0 next_prio=120
          <idle>-0     [001] dnh.   680.022752: sched_wakeup: comm=rngd pid=361 prio=120 target_cpu=001
          <idle>-0     [001] d...   680.022801: sched_switch: prev_comm=swapper/1 prev_pid=0 prev_prio=120 prev_state=R ==> next_comm=rngd next_pid=361 next_prio=120
            rngd-361   [001] d...   680.022850: sched_switch: prev_comm=rngd prev_pid=361 prev_prio=120 prev_state=S ==> next_comm=swapper/1 next_pid=0 next_prio=120
            Xorg-502   [000] d.h.   680.023720: signal_generate: sig=14 errno=0 code=128 comm=Xorg pid=502 grp=1 res=0
            Xorg-502   [000] d...   680.023759: signal_deliver: sig=14 errno=0 code=128 sa_handler=1b07f8 sa_flags=14000000
            Xorg-502   [000] d.h.   680.028729: signal_generate: sig=14 errno=0 code=128 comm=Xorg pid=502 grp=1 res=0
            Xorg-502   [000] d...   680.028761: signal_deliver: sig=14 errno=0 code=128 sa_handler=1b07f8 sa_flags=14000000
            Xorg-502   [000] d.h.   680.033726: signal_generate: sig=14 errno=0 code=128 comm=Xorg pid=502 grp=1 res=0
            Xorg-502   [000] d...   680.033756: signal_deliver: sig=14 errno=0 code=128 sa_handler=1b07f8 sa_flags=14000000
            Xorg-502   [000] d.h.   680.038736: signal_generate: sig=14 errno=0 code=128 comm=Xorg pid=502 grp=1 res=0
            Xorg-502   [000] d...   680.038776: signal_deliver: sig=14 errno=0 code=128 sa_handler=1b07f8 sa_flags=14000000
            Xorg-502   [000] d...   680.040370: sched_switch: prev_comm=Xorg prev_pid=502 prev_prio=120 prev_state=S ==> next_comm=swapper/0 next_pid=0 next_prio=120
          <idle>-0     [001] dnh.   680.048779: sched_wakeup: comm=lxterminal pid=847 prio=120 target_cpu=001
          <idle>-0     [001] d...   680.048813: sched_switch: prev_comm=swapper/1 prev_pid=0 prev_prio=120 prev_state=R ==> next_comm=lxterminal next_pid=847 next_prio=120
      lxterminal-847   [001] d...   680.049008: sched_switch: prev_comm=lxterminal prev_pid=847 prev_prio=120 prev_state=S ==> next_comm=swapper/1 next_pid=0 next_prio=120
          <idle>-0     [002] dns.   680.073351: sched_wakeup: comm=kworker/2:0 pid=1280 prio=120 target_cpu=002
          <idle>-0     [002] d...   680.073447: sched_switch: prev_comm=swapper/2 prev_pid=0 prev_prio=120 prev_state=R ==> next_comm=kworker/2:0 next_pid=1280 next_prio=120
     kworker/2:0-1280  [002] d...   680.073636: sched_switch: prev_comm=kworker/2:0 prev_pid=1280 prev_prio=120 prev_state=D ==> next_comm=swapper/2 next_pid=0 next_prio=120
          <idle>-0     [002] dnh.   680.073657: sched_wakeup: comm=kworker/2:0 pid=1280 prio=120 target_cpu=002
          <idle>-0     [002] d...   680.073668: sched_switch: prev_comm=swapper/2 prev_pid=0 prev_prio=120 prev_state=R ==> next_comm=kworker/2:0 next_pid=1280 next_prio=120
     kworker/2:0-1280  [002] d...   680.073704: sched_switch: prev_comm=kworker/2:0 prev_pid=1280 prev_prio=120 prev_state=D ==> next_comm=swapper/2 next_pid=0 next_prio=120
          <idle>-0     [002] dnh.   680.073751: sched_wakeup: comm=kworker/2:0 pid=1280 prio=120 target_cpu=002
          <idle>-0     [002] d...   680.073763: sched_switch: prev_comm=swapper/2 prev_pid=0 prev_prio=120 prev_state=R ==> next_comm=kworker/2:0 next_pid=1280 next_prio=120
     kworker/2:0-1280  [002] d...   680.073787: sched_switch: prev_comm=kworker/2:0 prev_pid=1280 prev_prio=120 prev_state=D ==> next_comm=swapper/2 next_pid=0 next_prio=120
          <idle>-0     [002] dnh.   680.073835: sched_wakeup: comm=kworker/2:0 pid=1280 prio=120 target_cpu=002
          <idle>-0     [002] d...   680.073846: sched_switch: prev_comm=swapper/2 prev_pid=0 prev_prio=120 prev_state=R ==> next_comm=kworker/2:0 next_pid=1280 next_prio=120
     kworker/2:0-1280  [002] d...   680.073870: sched_switch: prev_comm=kworker/2:0 prev_pid=1280 prev_prio=120 prev_state=D ==> next_comm=swapper/2 next_pid=0 next_prio=120
          <idle>-0     [002] dnh.   680.073915: sched_wakeup: comm=kworker/2:0 pid=1280 prio=120 target_cpu=002
          <idle>-0     [002] d...   680.073926: sched_switch: prev_comm=swapper/2 prev_pid=0 prev_prio=120 prev_state=R ==> next_comm=kworker/2:0 next_pid=1280 next_prio=120
     kworker/2:0-1280  [002] d...   680.073944: sched_switch: prev_comm=kworker/2:0 prev_pid=1280 prev_prio=120 prev_state=I ==> next_comm=swapper/2 next_pid=0 next_prio=120
          <idle>-0     [001] dnh.   680.080698: sched_wakeup: comm=rngd pid=361 prio=120 target_cpu=001
          <idle>-0     [001] d...   680.080712: sched_switch: prev_comm=swapper/1 prev_pid=0 prev_prio=120 prev_state=R ==> next_comm=rngd next_pid=361 next_prio=120
            rngd-361   [001] d...   680.080732: sched_switch: prev_comm=rngd prev_pid=361 prev_prio=120 prev_state=S ==> next_comm=swapper/1 next_pid=0 next_prio=120
          <idle>-0     [001] dnh.   680.118977: sched_wakeup: comm=rngd pid=361 prio=120 target_cpu=001
          <idle>-0     [000] dns.   680.118991: sched_wakeup: comm=kworker/0:1 pid=31 prio=120 target_cpu=000
          <idle>-0     [001] dnh.   680.118993: sched_wakeup: comm=kworker/1:3 pid=431 prio=120 target_cpu=001
          <idle>-0     [001] d...   680.119007: sched_switch: prev_comm=swapper/1 prev_pid=0 prev_prio=120 prev_state=R ==> next_comm=kworker/1:3 next_pid=431 next_prio=120
     kworker/1:3-431   [001] d.h.   680.119027: sched_wakeup: comm=thd pid=348 prio=120 target_cpu=001
          <idle>-0     [000] dns.   680.119027: sched_wakeup: comm=InputThread pid=576 prio=120 target_cpu=000
     kworker/1:3-431   [001] d...   680.119055: sched_switch: prev_comm=kworker/1:3 prev_pid=431 prev_prio=120 prev_state=I ==> next_comm=thd next_pid=348 next_prio=120
          <idle>-0     [000] dns.   680.119060: sched_wakeup: comm=ksoftirqd/0 pid=9 prio=120 target_cpu=000
          <idle>-0     [000] d...   680.119078: sched_switch: prev_comm=swapper/0 prev_pid=0 prev_prio=120 prev_state=R ==> next_comm=kworker/0:1 next_pid=31 next_prio=120
     kworker/0:1-31    [000] d...   680.119109: sched_switch: prev_comm=kworker/0:1 prev_pid=31 prev_prio=120 prev_state=I ==> next_comm=ksoftirqd/0 next_pid=9 next_prio=120
     ksoftirqd/0-9     [000] d...   680.119128: sched_switch: prev_comm=ksoftirqd/0 prev_pid=9 prev_prio=120 prev_state=S ==> next_comm=InputThread next_pid=576 next_prio=120
             thd-348   [001] d...   680.119171: sched_switch: prev_comm=thd prev_pid=348 prev_prio=120 prev_state=S ==> next_comm=rngd next_pid=361 next_prio=120
            rngd-361   [001] d...   680.119307: sched_switch: prev_comm=rngd prev_pid=361 prev_prio=120 prev_state=S ==> next_comm=swapper/1 next_pid=0 next_prio=120
     InputThread-576   [000] d...   680.119310: sched_wakeup: comm=Xorg pid=502 prio=120 target_cpu=000
     InputThread-576   [000] d...   680.119341: sched_switch: prev_comm=InputThread prev_pid=576 prev_prio=120 prev_state=S ==> next_comm=Xorg next_pid=502 next_prio=120
          <idle>-0     [001] dnh.   680.119840: sched_wakeup: comm=lxterminal pid=847 prio=120 target_cpu=001
          <idle>-0     [001] d...   680.119852: sched_switch: prev_comm=swapper/1 prev_pid=0 prev_prio=120 prev_state=R ==> next_comm=lxterminal next_pid=847 next_prio=120
            Xorg-502   [000] d...   680.119901: sched_switch: prev_comm=Xorg prev_pid=502 prev_prio=120 prev_state=S ==> next_comm=swapper/0 next_pid=0 next_prio=120
          <idle>-0     [002] dnh.   680.120462: sched_wakeup: comm=kworker/u8:0 pid=7 prio=120 target_cpu=002
          <idle>-0     [002] d...   680.120479: sched_switch: prev_comm=swapper/2 prev_pid=0 prev_prio=120 prev_state=R ==> next_comm=kworker/u8:0 next_pid=7 next_prio=120
    kworker/u8:0-7     [002] d...   680.120517: sched_wakeup: comm=bash pid=1320 prio=120 target_cpu=002
    kworker/u8:0-7     [002] d...   680.120538: sched_switch: prev_comm=kworker/u8:0 prev_pid=7 prev_prio=120 prev_state=I ==> next_comm=bash next_pid=1320 next_prio=120
            bash-1320  [002] d...   680.120606: sched_wakeup: comm=kworker/u8:0 pid=7 prio=120 target_cpu=002
          <idle>-0     [000] dnh.   680.120646: sched_wakeup: comm=Xorg pid=502 prio=120 target_cpu=000
          <idle>-0     [000] d...   680.120660: sched_switch: prev_comm=swapper/0 prev_pid=0 prev_prio=120 prev_state=R ==> next_comm=Xorg next_pid=502 next_prio=120
      lxterminal-847   [001] d...   680.120771: sched_switch: prev_comm=lxterminal prev_pid=847 prev_prio=120 prev_state=D ==> next_comm=swapper/1 next_pid=0 next_prio=120
            Xorg-502   [000] dn..   680.120875: sched_wakeup: comm=lxpanel pid=731 prio=120 target_cpu=000
            Xorg-502   [000] d...   680.120891: sched_switch: prev_comm=Xorg prev_pid=502 prev_prio=120 prev_state=R ==> next_comm=lxpanel next_pid=731 next_prio=120
            bash-1320  [002] d...   680.121136: sched_switch: prev_comm=bash prev_pid=1320 prev_prio=120 prev_state=S ==> next_comm=kworker/u8:0 next_pid=7 next_prio=120
         lxpanel-731   [000] d...   680.121164: sched_switch: prev_comm=lxpanel prev_pid=731 prev_prio=120 prev_state=S ==> next_comm=Xorg next_pid=502 next_prio=120
          <idle>-0     [001] dnh.   680.121173: sched_wakeup: comm=lxterminal pid=847 prio=120 target_cpu=001
          <idle>-0     [001] d...   680.121187: sched_switch: prev_comm=swapper/1 prev_pid=0 prev_prio=120 prev_state=R ==> next_comm=lxterminal next_pid=847 next_prio=120
            Xorg-502   [000] dn..   680.121212: sched_wakeup: comm=openbox pid=723 prio=120 target_cpu=000
            Xorg-502   [000] d...   680.121224: sched_switch: prev_comm=Xorg prev_pid=502 prev_prio=120 prev_state=R ==> next_comm=openbox next_pid=723 next_prio=120
    kworker/u8:0-7     [002] d...   680.121238: sched_switch: prev_comm=kworker/u8:0 prev_pid=7 prev_prio=120 prev_state=I ==> next_comm=swapper/2 next_pid=0 next_prio=120
         openbox-723   [000] d...   680.121369: sched_switch: prev_comm=openbox prev_pid=723 prev_prio=120 prev_state=S ==> next_comm=Xorg next_pid=502 next_prio=120
      lxterminal-847   [001] d...   680.121401: sched_switch: prev_comm=lxterminal prev_pid=847 prev_prio=120 prev_state=S ==> next_comm=swapper/1 next_pid=0 next_prio=120
            Xorg-502   [000] dn..   680.121461: sched_wakeup: comm=openbox pid=723 prio=120 target_cpu=000
            Xorg-502   [000] d...   680.121472: sched_switch: prev_comm=Xorg prev_pid=502 prev_prio=120 prev_state=R ==> next_comm=openbox next_pid=723 next_prio=120
         openbox-723   [000] d...   680.121559: sched_switch: prev_comm=openbox prev_pid=723 prev_prio=120 prev_state=S ==> next_comm=Xorg next_pid=502 next_prio=120
            Xorg-502   [000] dn..   680.121603: sched_wakeup: comm=openbox pid=723 prio=120 target_cpu=000
            Xorg-502   [000] d...   680.121613: sched_switch: prev_comm=Xorg prev_pid=502 prev_prio=120 prev_state=R ==> next_comm=openbox next_pid=723 next_prio=120
         openbox-723   [000] d...   680.121648: sched_switch: prev_comm=openbox prev_pid=723 prev_prio=120 prev_state=S ==> next_comm=Xorg next_pid=502 next_prio=120
            Xorg-502   [000] dn..   680.121669: sched_wakeup: comm=openbox pid=723 prio=120 target_cpu=000
            Xorg-502   [000] d...   680.121679: sched_switch: prev_comm=Xorg prev_pid=502 prev_prio=120 prev_state=R ==> next_comm=openbox next_pid=723 next_prio=120
         openbox-723   [000] d...   680.121746: sched_switch: prev_comm=openbox prev_pid=723 prev_prio=120 prev_state=S ==> next_comm=Xorg next_pid=502 next_prio=120
            Xorg-502   [000] d...   680.121826: sched_switch: prev_comm=Xorg prev_pid=502 prev_prio=120 prev_state=S ==> next_comm=swapper/0 next_pid=0 next_prio=120
          <idle>-0     [001] dnh.   680.136402: sched_wakeup: comm=lxterminal pid=847 prio=120 target_cpu=001
          <idle>-0     [001] d...   680.136423: sched_switch: prev_comm=swapper/1 prev_pid=0 prev_prio=120 prev_state=R ==> next_comm=lxterminal next_pid=847 next_prio=120
      lxterminal-847   [001] dns.   680.143396: sched_wakeup: comm=kworker/1:3 pid=431 prio=120 target_cpu=001
      lxterminal-847   [001] d...   680.143501: sched_switch: prev_comm=lxterminal prev_pid=847 prev_prio=120 prev_state=R ==> next_comm=kworker/1:3 next_pid=431 next_prio=120
     kworker/1:3-431   [001] d...   680.143540: sched_switch: prev_comm=kworker/1:3 prev_pid=431 prev_prio=120 prev_state=I ==> next_comm=lxterminal next_pid=847 next_prio=120
          <idle>-0     [000] dnh.   680.147834: sched_wakeup: comm=Xorg pid=502 prio=120 target_cpu=000
          <idle>-0     [000] d...   680.147874: sched_switch: prev_comm=swapper/0 prev_pid=0 prev_prio=120 prev_state=R ==> next_comm=Xorg next_pid=502 next_prio=120
      lxterminal-847   [001] d...   680.148175: sched_switch: prev_comm=lxterminal prev_pid=847 prev_prio=120 prev_state=S ==> next_comm=swapper/1 next_pid=0 next_prio=120
          <idle>-0     [001] dnh.   680.152770: sched_wakeup: comm=rngd pid=361 prio=120 target_cpu=001
          <idle>-0     [001] d...   680.152826: sched_switch: prev_comm=swapper/1 prev_pid=0 prev_prio=120 prev_state=R ==> next_comm=rngd next_pid=361 next_prio=120
            rngd-361   [001] d...   680.152875: sched_switch: prev_comm=rngd prev_pid=361 prev_prio=120 prev_state=S ==> next_comm=swapper/1 next_pid=0 next_prio=120
            Xorg-502   [000] d.h.   680.152942: signal_generate: sig=14 errno=0 code=128 comm=Xorg pid=502 grp=1 res=0
            Xorg-502   [000] d...   680.153001: signal_deliver: sig=14 errno=0 code=128 sa_handler=1b07f8 sa_flags=14000000
            Xorg-502   [000] dns.   680.153392: sched_wakeup: comm=kworker/0:1 pid=31 prio=120 target_cpu=000
            Xorg-502   [000] d...   680.153472: sched_switch: prev_comm=Xorg prev_pid=502 prev_prio=120 prev_state=R ==> next_comm=kworker/0:1 next_pid=31 next_prio=120
     kworker/0:1-31    [000] d...   680.153523: sched_switch: prev_comm=kworker/0:1 prev_pid=31 prev_prio=120 prev_state=I ==> next_comm=Xorg next_pid=502 next_prio=120
            Xorg-502   [000] d.h.   680.157949: signal_generate: sig=14 errno=0 code=128 comm=Xorg pid=502 grp=1 res=0
            Xorg-502   [000] d...   680.157996: signal_deliver: sig=14 errno=0 code=128 sa_handler=1b07f8 sa_flags=14000000
            Xorg-502   [000] d.h.   680.162945: signal_generate: sig=14 errno=0 code=128 comm=Xorg pid=502 grp=1 res=0
            Xorg-502   [000] d...   680.162991: signal_deliver: sig=14 errno=0 code=128 sa_handler=1b07f8 sa_flags=14000000
            Xorg-502   [000] d.h.   680.167947: signal_generate: sig=14 errno=0 code=128 comm=Xorg pid=502 grp=1 res=0
            Xorg-502   [000] d...   680.167990: signal_deliver: sig=14 errno=0 code=128 sa_handler=1b07f8 sa_flags=14000000
            Xorg-502   [000] d.h.   680.172943: signal_generate: sig=14 errno=0 code=128 comm=Xorg pid=502 grp=1 res=0
            Xorg-502   [000] d...   680.172974: signal_deliver: sig=14 errno=0 code=128 sa_handler=1b07f8 sa_flags=14000000
            Xorg-502   [000] d.h.   680.177941: signal_generate: sig=14 errno=0 code=128 comm=Xorg pid=502 grp=1 res=0
            Xorg-502   [000] d...   680.177975: signal_deliver: sig=14 errno=0 code=128 sa_handler=1b07f8 sa_flags=14000000
          <idle>-0     [001] dnh.   680.178003: sched_wakeup: comm=lxterminal pid=847 prio=120 target_cpu=001
          <idle>-0     [001] d...   680.178034: sched_switch: prev_comm=swapper/1 prev_pid=0 prev_prio=120 prev_state=R ==> next_comm=lxterminal next_pid=847 next_prio=120
      lxterminal-847   [001] d...   680.178426: sched_switch: prev_comm=lxterminal prev_pid=847 prev_prio=120 prev_state=S ==> next_comm=swapper/1 next_pid=0 next_prio=120
            Xorg-502   [000] d.h.   680.182945: signal_generate: sig=14 errno=0 code=128 comm=Xorg pid=502 grp=1 res=0
            Xorg-502   [000] d...   680.183001: signal_deliver: sig=14 errno=0 code=128 sa_handler=1b07f8 sa_flags=14000000
            Xorg-502   [000] d.h.   680.187942: signal_generate: sig=14 errno=0 code=128 comm=Xorg pid=502 grp=1 res=0
            Xorg-502   [000] d...   680.187979: signal_deliver: sig=14 errno=0 code=128 sa_handler=1b07f8 sa_flags=14000000
            Xorg-502   [000] d.h.   680.192945: signal_generate: sig=14 errno=0 code=128 comm=Xorg pid=502 grp=1 res=0
            Xorg-502   [000] d...   680.193004: signal_deliver: sig=14 errno=0 code=128 sa_handler=1b07f8 sa_flags=14000000
            Xorg-502   [000] d.h.   680.197948: signal_generate: sig=14 errno=0 code=128 comm=Xorg pid=502 grp=1 res=0
            Xorg-502   [000] d...   680.198013: signal_deliver: sig=14 errno=0 code=128 sa_handler=1b07f8 sa_flags=14000000
            Xorg-502   [000] d.h.   680.202944: signal_generate: sig=14 errno=0 code=128 comm=Xorg pid=502 grp=1 res=0
            Xorg-502   [000] d...   680.202982: signal_deliver: sig=14 errno=0 code=128 sa_handler=1b07f8 sa_flags=14000000
            Xorg-502   [000] d.h.   680.207948: signal_generate: sig=14 errno=0 code=128 comm=Xorg pid=502 grp=1 res=0
            Xorg-502   [000] d...   680.209963: signal_deliver: sig=14 errno=0 code=128 sa_handler=1b07f8 sa_flags=14000000
            Xorg-502   [000] d...   680.210087: sched_switch: prev_comm=Xorg prev_pid=502 prev_prio=120 prev_state=S ==> next_comm=swapper/0 next_pid=0 next_prio=120
          <idle>-0     [001] dnh.   680.226713: sched_wakeup: comm=rngd pid=361 prio=120 target_cpu=001
          <idle>-0     [001] dnh.   680.226734: sched_wakeup: comm=kworker/1:3 pid=431 prio=120 target_cpu=001
          <idle>-0     [001] d...   680.226757: sched_switch: prev_comm=swapper/1 prev_pid=0 prev_prio=120 prev_state=R ==> next_comm=rngd next_pid=361 next_prio=120
            rngd-361   [001] d...   680.226783: sched_switch: prev_comm=rngd prev_pid=361 prev_prio=120 prev_state=S ==> next_comm=kworker/1:3 next_pid=431 next_prio=120
     kworker/1:3-431   [001] d...   680.227053: sched_switch: prev_comm=kworker/1:3 prev_pid=431 prev_prio=120 prev_state=D ==> next_comm=swapper/1 next_pid=0 next_prio=120
          <idle>-0     [001] dnh.   680.228532: sched_wakeup: comm=kworker/1:3 pid=431 prio=120 target_cpu=001
          <idle>-0     [001] d...   680.228539: sched_switch: prev_comm=swapper/1 prev_pid=0 prev_prio=120 prev_state=R ==> next_comm=kworker/1:3 next_pid=431 next_prio=120
     kworker/1:3-431   [001] d...   680.228554: sched_switch: prev_comm=kworker/1:3 prev_pid=431 prev_prio=120 prev_state=I ==> next_comm=swapper/1 next_pid=0 next_prio=120
          <idle>-0     [002] dns.   680.233332: sched_wakeup: comm=kworker/2:0 pid=1280 prio=120 target_cpu=002
          <idle>-0     [002] d...   680.233361: sched_switch: prev_comm=swapper/2 prev_pid=0 prev_prio=120 prev_state=R ==> next_comm=kworker/2:0 next_pid=1280 next_prio=120
     kworker/2:0-1280  [002] d.h.   680.233377: sched_wakeup: comm=kworker/2:0 pid=1280 prio=120 target_cpu=002
     kworker/2:0-1280  [002] d...   680.233397: sched_switch: prev_comm=kworker/2:0 prev_pid=1280 prev_prio=120 prev_state=I ==> next_comm=swapper/2 next_pid=0 next_prio=120
          <idle>-0     [001] dnh.   680.294676: sched_wakeup: comm=rngd pid=361 prio=120 target_cpu=001
          <idle>-0     [001] d...   680.294682: sched_switch: prev_comm=swapper/1 prev_pid=0 prev_prio=120 prev_state=R ==> next_comm=rngd next_pid=361 next_prio=120
            rngd-361   [001] d...   680.294715: sched_switch: prev_comm=rngd prev_pid=361 prev_prio=120 prev_state=S ==> next_comm=swapper/1 next_pid=0 next_prio=120
          <idle>-0     [002] dns.   680.313318: sched_wakeup: comm=kworker/u8:0 pid=7 prio=120 target_cpu=002
          <idle>-0     [002] d...   680.313340: sched_switch: prev_comm=swapper/2 prev_pid=0 prev_prio=120 prev_state=R ==> next_comm=kworker/u8:0 next_pid=7 next_prio=120
    kworker/u8:0-7     [002] d...   680.313379: sched_switch: prev_comm=kworker/u8:0 prev_pid=7 prev_prio=120 prev_state=I ==> next_comm=swapper/2 next_pid=0 next_prio=120
          <idle>-0     [000] dnh.   680.344363: sched_wakeup: comm=lxpanel pid=731 prio=120 target_cpu=000
          <idle>-0     [000] d...   680.344373: sched_switch: prev_comm=swapper/0 prev_pid=0 prev_prio=120 prev_state=R ==> next_comm=lxpanel next_pid=731 next_prio=120
         lxpanel-731   [000] d...   680.344502: sched_switch: prev_comm=lxpanel prev_pid=731 prev_prio=120 prev_state=S ==> next_comm=swapper/0 next_pid=0 next_prio=120
          <idle>-0     [001] dnh.   680.368676: sched_wakeup: comm=rngd pid=361 prio=120 target_cpu=001
          <idle>-0     [001] d...   680.368682: sched_switch: prev_comm=swapper/1 prev_pid=0 prev_prio=120 prev_state=R ==> next_comm=rngd next_pid=361 next_prio=120
            rngd-361   [001] d...   680.368689: sched_switch: prev_comm=rngd prev_pid=361 prev_prio=120 prev_state=S ==> next_comm=swapper/1 next_pid=0 next_prio=120
          <idle>-0     [000] dns.   680.373329: sched_wakeup: comm=kworker/0:1 pid=31 prio=120 target_cpu=000
          <idle>-0     [001] dnh.   680.373344: sched_wakeup: comm=thd pid=348 prio=120 target_cpu=001
          <idle>-0     [000] dns.   680.373346: sched_wakeup: comm=InputThread pid=576 prio=120 target_cpu=000
          <idle>-0     [001] d...   680.373352: sched_switch: prev_comm=swapper/1 prev_pid=0 prev_prio=120 prev_state=R ==> next_comm=thd next_pid=348 next_prio=120
          <idle>-0     [000] dns.   680.373376: sched_wakeup: comm=ksoftirqd/0 pid=9 prio=120 target_cpu=000
          <idle>-0     [000] d...   680.373383: sched_switch: prev_comm=swapper/0 prev_pid=0 prev_prio=120 prev_state=R ==> next_comm=kworker/0:1 next_pid=31 next_prio=120
     kworker/0:1-31    [000] d...   680.373400: sched_switch: prev_comm=kworker/0:1 prev_pid=31 prev_prio=120 prev_state=I ==> next_comm=ksoftirqd/0 next_pid=9 next_prio=120
     ksoftirqd/0-9     [000] d...   680.373412: sched_switch: prev_comm=ksoftirqd/0 prev_pid=9 prev_prio=120 prev_state=S ==> next_comm=InputThread next_pid=576 next_prio=120
             thd-348   [001] d...   680.373437: sched_switch: prev_comm=thd prev_pid=348 prev_prio=120 prev_state=S ==> next_comm=swapper/1 next_pid=0 next_prio=120
     InputThread-576   [000] d...   680.373471: sched_wakeup: comm=Xorg pid=502 prio=120 target_cpu=000
     InputThread-576   [000] d...   680.373489: sched_switch: prev_comm=InputThread prev_pid=576 prev_prio=120 prev_state=S ==> next_comm=Xorg next_pid=502 next_prio=120
            Xorg-502   [000] d...   680.373525: sched_switch: prev_comm=Xorg prev_pid=502 prev_prio=120 prev_state=S ==> next_comm=swapper/0 next_pid=0 next_prio=120
          <idle>-0     [000] dns.   680.423319: sched_wakeup: comm=kworker/0:1 pid=31 prio=120 target_cpu=000
          <idle>-0     [000] dns.   680.423329: sched_wakeup: comm=InputThread pid=576 prio=120 target_cpu=000
          <idle>-0     [001] dnh.   680.423329: sched_wakeup: comm=thd pid=348 prio=120 target_cpu=001
          <idle>-0     [001] d...   680.423336: sched_switch: prev_comm=swapper/1 prev_pid=0 prev_prio=120 prev_state=R ==> next_comm=thd next_pid=348 next_prio=120
          <idle>-0     [000] dns.   680.423352: sched_wakeup: comm=ksoftirqd/0 pid=9 prio=120 target_cpu=000
          <idle>-0     [000] d...   680.423360: sched_switch: prev_comm=swapper/0 prev_pid=0 prev_prio=120 prev_state=R ==> next_comm=kworker/0:1 next_pid=31 next_prio=120
     kworker/0:1-31    [000] d...   680.423371: sched_switch: prev_comm=kworker/0:1 prev_pid=31 prev_prio=120 prev_state=I ==> next_comm=ksoftirqd/0 next_pid=9 next_prio=120
     ksoftirqd/0-9     [000] d...   680.423377: sched_switch: prev_comm=ksoftirqd/0 prev_pid=9 prev_prio=120 prev_state=S ==> next_comm=InputThread next_pid=576 next_prio=120
             thd-348   [001] d...   680.423378: sched_switch: prev_comm=thd prev_pid=348 prev_prio=120 prev_state=S ==> next_comm=swapper/1 next_pid=0 next_prio=120
     InputThread-576   [000] d...   680.423401: sched_wakeup: comm=Xorg pid=502 prio=120 target_cpu=000
     InputThread-576   [000] d...   680.423411: sched_switch: prev_comm=InputThread prev_pid=576 prev_prio=120 prev_state=S ==> next_comm=Xorg next_pid=502 next_prio=120
            Xorg-502   [000] d...   680.423438: sched_switch: prev_comm=Xorg prev_pid=502 prev_prio=120 prev_state=S ==> next_comm=swapper/0 next_pid=0 next_prio=120
          <idle>-0     [001] dnh.   680.440677: sched_wakeup: comm=rngd pid=361 prio=120 target_cpu=001
          <idle>-0     [001] d...   680.440684: sched_switch: prev_comm=swapper/1 prev_pid=0 prev_prio=120 prev_state=R ==> next_comm=rngd next_pid=361 next_prio=120
            rngd-361   [001] d...   680.440691: sched_switch: prev_comm=rngd prev_pid=361 prev_prio=120 prev_state=S ==> next_comm=swapper/1 next_pid=0 next_prio=120
          <idle>-0     [000] dns.   680.473320: sched_wakeup: comm=kworker/0:1 pid=31 prio=120 target_cpu=000
          <idle>-0     [000] dns.   680.473328: sched_wakeup: comm=InputThread pid=576 prio=120 target_cpu=000
          <idle>-0     [001] dnh.   680.473328: sched_wakeup: comm=thd pid=348 prio=120 target_cpu=001
          <idle>-0     [001] d...   680.473334: sched_switch: prev_comm=swapper/1 prev_pid=0 prev_prio=120 prev_state=R ==> next_comm=thd next_pid=348 next_prio=120
          <idle>-0     [000] dns.   680.473351: sched_wakeup: comm=ksoftirqd/0 pid=9 prio=120 target_cpu=000
          <idle>-0     [000] d...   680.473357: sched_switch: prev_comm=swapper/0 prev_pid=0 prev_prio=120 prev_state=R ==> next_comm=kworker/0:1 next_pid=31 next_prio=120
     kworker/0:1-31    [000] d...   680.473365: sched_switch: prev_comm=kworker/0:1 prev_pid=31 prev_prio=120 prev_state=I ==> next_comm=ksoftirqd/0 next_pid=9 next_prio=120
     ksoftirqd/0-9     [000] d...   680.473372: sched_switch: prev_comm=ksoftirqd/0 prev_pid=9 prev_prio=120 prev_state=S ==> next_comm=InputThread next_pid=576 next_prio=120
             thd-348   [001] d...   680.473375: sched_switch: prev_comm=thd prev_pid=348 prev_prio=120 prev_state=S ==> next_comm=swapper/1 next_pid=0 next_prio=120
     InputThread-576   [000] d...   680.473393: sched_wakeup: comm=Xorg pid=502 prio=120 target_cpu=000
     InputThread-576   [000] d...   680.473404: sched_switch: prev_comm=InputThread prev_pid=576 prev_prio=120 prev_state=S ==> next_comm=Xorg next_pid=502 next_prio=120
            Xorg-502   [000] d...   680.473435: sched_switch: prev_comm=Xorg prev_pid=502 prev_prio=120 prev_state=S ==> next_comm=swapper/0 next_pid=0 next_prio=120
          <idle>-0     [001] dnh.   680.514675: sched_wakeup: comm=rngd pid=361 prio=120 target_cpu=001
          <idle>-0     [001] d...   680.514681: sched_switch: prev_comm=swapper/1 prev_pid=0 prev_prio=120 prev_state=R ==> next_comm=rngd next_pid=361 next_prio=120
            rngd-361   [001] d...   680.514701: sched_switch: prev_comm=rngd prev_pid=361 prev_prio=120 prev_state=S ==> next_comm=swapper/1 next_pid=0 next_prio=120
          <idle>-0     [000] dns.   680.523319: sched_wakeup: comm=kworker/0:1 pid=31 prio=120 target_cpu=000
          <idle>-0     [000] dns.   680.523327: sched_wakeup: comm=InputThread pid=576 prio=120 target_cpu=000
          <idle>-0     [001] dnh.   680.523328: sched_wakeup: comm=thd pid=348 prio=120 target_cpu=001
          <idle>-0     [001] d...   680.523334: sched_switch: prev_comm=swapper/1 prev_pid=0 prev_prio=120 prev_state=R ==> next_comm=thd next_pid=348 next_prio=120
          <idle>-0     [000] dns.   680.523347: sched_wakeup: comm=ksoftirqd/0 pid=9 prio=120 target_cpu=000
          <idle>-0     [000] d...   680.523354: sched_switch: prev_comm=swapper/0 prev_pid=0 prev_prio=120 prev_state=R ==> next_comm=kworker/0:1 next_pid=31 next_prio=120
     kworker/0:1-31    [000] d...   680.523362: sched_switch: prev_comm=kworker/0:1 prev_pid=31 prev_prio=120 prev_state=I ==> next_comm=ksoftirqd/0 next_pid=9 next_prio=120
     ksoftirqd/0-9     [000] d...   680.523369: sched_switch: prev_comm=ksoftirqd/0 prev_pid=9 prev_prio=120 prev_state=S ==> next_comm=InputThread next_pid=576 next_prio=120
             thd-348   [001] d...   680.523374: sched_switch: prev_comm=thd prev_pid=348 prev_prio=120 prev_state=S ==> next_comm=swapper/1 next_pid=0 next_prio=120
     InputThread-576   [000] d...   680.523390: sched_wakeup: comm=Xorg pid=502 prio=120 target_cpu=000
     InputThread-576   [000] d...   680.523399: sched_switch: prev_comm=InputThread prev_pid=576 prev_prio=120 prev_state=S ==> next_comm=Xorg next_pid=502 next_prio=120
            Xorg-502   [000] d...   680.523424: sched_switch: prev_comm=Xorg prev_pid=502 prev_prio=120 prev_state=S ==> next_comm=swapper/0 next_pid=0 next_prio=120
          <idle>-0     [000] dns.   680.573319: sched_wakeup: comm=kworker/0:1 pid=31 prio=120 target_cpu=000
          <idle>-0     [000] dns.   680.573328: sched_wakeup: comm=InputThread pid=576 prio=120 target_cpu=000
          <idle>-0     [001] dnh.   680.573329: sched_wakeup: comm=thd pid=348 prio=120 target_cpu=001
          <idle>-0     [001] d...   680.573335: sched_switch: prev_comm=swapper/1 prev_pid=0 prev_prio=120 prev_state=R ==> next_comm=thd next_pid=348 next_prio=120
          <idle>-0     [000] dns.   680.573349: sched_wakeup: comm=ksoftirqd/0 pid=9 prio=120 target_cpu=000
          <idle>-0     [000] d...   680.573356: sched_switch: prev_comm=swapper/0 prev_pid=0 prev_prio=120 prev_state=R ==> next_comm=kworker/0:1 next_pid=31 next_prio=120
     kworker/0:1-31    [000] d...   680.573364: sched_switch: prev_comm=kworker/0:1 prev_pid=31 prev_prio=120 prev_state=I ==> next_comm=ksoftirqd/0 next_pid=9 next_prio=120
     ksoftirqd/0-9     [000] d...   680.573370: sched_switch: prev_comm=ksoftirqd/0 prev_pid=9 prev_prio=120 prev_state=S ==> next_comm=InputThread next_pid=576 next_prio=120
             thd-348   [001] d...   680.573373: sched_switch: prev_comm=thd prev_pid=348 prev_prio=120 prev_state=S ==> next_comm=swapper/1 next_pid=0 next_prio=120
     InputThread-576   [000] d...   680.573390: sched_wakeup: comm=Xorg pid=502 prio=120 target_cpu=000
     InputThread-576   [000] d...   680.573400: sched_switch: prev_comm=InputThread prev_pid=576 prev_prio=120 prev_state=S ==> next_comm=Xorg next_pid=502 next_prio=120
            Xorg-502   [000] d...   680.573425: sched_switch: prev_comm=Xorg prev_pid=502 prev_prio=120 prev_state=S ==> next_comm=swapper/0 next_pid=0 next_prio=120
          <idle>-0     [001] dnh.   680.584675: sched_wakeup: comm=rngd pid=361 prio=120 target_cpu=001
          <idle>-0     [001] d...   680.584681: sched_switch: prev_comm=swapper/1 prev_pid=0 prev_prio=120 prev_state=R ==> next_comm=rngd next_pid=361 next_prio=120
            rngd-361   [001] d...   680.584688: sched_switch: prev_comm=rngd prev_pid=361 prev_prio=120 prev_state=S ==> next_comm=swapper/1 next_pid=0 next_prio=120
          <idle>-0     [000] dnh.   680.619466: sched_wakeup: comm=Xorg pid=502 prio=120 target_cpu=000
          <idle>-0     [000] d...   680.619474: sched_switch: prev_comm=swapper/0 prev_pid=0 prev_prio=120 prev_state=R ==> next_comm=Xorg next_pid=502 next_prio=120
          <idle>-0     [001] dnh.   680.619742: sched_wakeup: comm=lxterminal pid=847 prio=120 target_cpu=001
          <idle>-0     [001] d...   680.619748: sched_switch: prev_comm=swapper/1 prev_pid=0 prev_prio=120 prev_state=R ==> next_comm=lxterminal next_pid=847 next_prio=120
            Xorg-502   [000] d...   680.619763: sched_switch: prev_comm=Xorg prev_pid=502 prev_prio=120 prev_state=S ==> next_comm=swapper/0 next_pid=0 next_prio=120
          <idle>-0     [002] dnh.   680.620154: sched_wakeup: comm=kworker/u8:0 pid=7 prio=120 target_cpu=002
          <idle>-0     [002] d...   680.620161: sched_switch: prev_comm=swapper/2 prev_pid=0 prev_prio=120 prev_state=R ==> next_comm=kworker/u8:0 next_pid=7 next_prio=120
    kworker/u8:0-7     [002] d...   680.620178: sched_wakeup: comm=bash pid=1320 prio=120 target_cpu=002
    kworker/u8:0-7     [002] d...   680.620187: sched_switch: prev_comm=kworker/u8:0 prev_pid=7 prev_prio=120 prev_state=I ==> next_comm=bash next_pid=1320 next_prio=120
            bash-1320  [002] d...   680.620229: sched_wakeup: comm=kworker/u8:0 pid=7 prio=120 target_cpu=002
          <idle>-0     [000] dnh.   680.620258: sched_wakeup: comm=Xorg pid=502 prio=120 target_cpu=000
          <idle>-0     [000] d...   680.620263: sched_switch: prev_comm=swapper/0 prev_pid=0 prev_prio=120 prev_state=R ==> next_comm=Xorg next_pid=502 next_prio=120
      lxterminal-847   [001] d...   680.620338: sched_switch: prev_comm=lxterminal prev_pid=847 prev_prio=120 prev_state=D ==> next_comm=swapper/1 next_pid=0 next_prio=120
            Xorg-502   [000] dn..   680.620368: sched_wakeup: comm=lxpanel pid=731 prio=120 target_cpu=000
            Xorg-502   [000] d...   680.620377: sched_switch: prev_comm=Xorg prev_pid=502 prev_prio=120 prev_state=R ==> next_comm=lxpanel next_pid=731 next_prio=120
            bash-1320  [002] d...   680.620485: sched_switch: prev_comm=bash prev_pid=1320 prev_prio=120 prev_state=S ==> next_comm=kworker/u8:0 next_pid=7 next_prio=120
          <idle>-0     [001] dnh.   680.620501: sched_wakeup: comm=lxterminal pid=847 prio=120 target_cpu=001
