         lxpanel-731   [001] d...   678.135201: sched_switch: prev_comm=lxpanel prev_pid=731 prev_prio=120 prev_state=R ==> next_comm=Xorg next_pid=502 next_prio=120
            Xorg-502   [001] d...   678.135297: sched_switch: prev_comm=Xorg prev_pid=502 prev_prio=120 prev_state=S ==> next_comm=lxpanel next_pid=731 next_prio=120
         lxpanel-731   [001] d...   678.135927: sched_switch: prev_comm=lxpanel prev_pid=731 prev_prio=120 prev_state=S ==> next_comm=swapper/1 next_pid=0 next_prio=120
          <idle>-0     [001] dnh.   678.150001: sched_wakeup: comm=thd pid=348 prio=120 target_cpu=001
          <idle>-0     [000] dns.   678.150001: sched_wakeup: comm=InputThread pid=576 prio=120 target_cpu=000
          <idle>-0     [001] d...   678.150020: sched_switch: prev_comm=swapper/1 prev_pid=0 prev_prio=120 prev_state=R ==> next_comm=thd next_pid=348 next_prio=120
          <idle>-0     [000] d...   678.150046: sched_switch: prev_comm=swapper/0 prev_pid=0 prev_prio=120 prev_state=R ==> next_comm=InputThread next_pid=576 next_prio=120
             thd-348   [001] d...   678.150115: sched_switch: prev_comm=thd prev_pid=348 prev_prio=120 prev_state=S ==> next_comm=swapper/1 next_pid=0 next_prio=120
          <idle>-0     [001] dnh.   678.150210: sched_wakeup: comm=Xorg pid=502 prio=120 target_cpu=001
          <idle>-0     [001] d...   678.150222: sched_switch: prev_comm=swapper/1 prev_pid=0 prev_prio=120 prev_state=R ==> next_comm=Xorg next_pid=502 next_prio=120
     InputThread-576   [000] d...   678.150224: sched_switch: prev_comm=InputThread prev_pid=576 prev_prio=120 prev_state=S ==> next_comm=swapper/0 next_pid=0 next_prio=120
            Xorg-502   [001] d...   678.150370: sched_wakeup: comm=lxpanel pid=731 prio=120 target_cpu=001
            Xorg-502   [001] d...   678.150625: sched_switch: prev_comm=Xorg prev_pid=502 prev_prio=120 prev_state=S ==> next_comm=lxpanel next_pid=731 next_prio=120
         lxpanel-731   [001] dn..   678.151679: sched_wakeup: comm=Xorg pid=502 prio=120 target_cpu=001
         lxpanel-731   [001] d...   678.151696: sched_switch: prev_comm=lxpanel prev_pid=731 prev_prio=120 prev_state=R ==> next_comm=Xorg next_pid=502 next_prio=120
            Xorg-502   [001] d...   678.151778: sched_switch: prev_comm=Xorg prev_pid=502 prev_prio=120 prev_state=S ==> next_comm=lxpanel next_pid=731 next_prio=120
          <idle>-0     [002] dns.   678.153356: sched_wakeup: comm=kworker/2:0 pid=1280 prio=120 target_cpu=002
          <idle>-0     [002] d...   678.153450: sched_switch: prev_comm=swapper/2 prev_pid=0 prev_prio=120 prev_state=R ==> next_comm=kworker/2:0 next_pid=1280 next_prio=120
     kworker/2:0-1280  [002] d...   678.153512: sched_switch: prev_comm=kworker/2:0 prev_pid=1280 prev_prio=120 prev_state=D ==> next_comm=swapper/2 next_pid=0 next_prio=120
          <idle>-0     [002] dnh.   678.153540: sched_wakeup: comm=kworker/2:0 pid=1280 prio=120 target_cpu=002
          <idle>-0     [002] d...   678.153552: sched_switch: prev_comm=swapper/2 prev_pid=0 prev_prio=120 prev_state=R ==> next_comm=kworker/2:0 next_pid=1280 next_prio=120
     kworker/2:0-1280  [002] d...   678.153581: sched_switch: prev_comm=kworker/2:0 prev_pid=1280 prev_prio=120 prev_state=I ==> next_comm=swapper/2 next_pid=0 next_prio=120
         lxpanel-731   [001] dn..   678.157092: sched_wakeup: comm=Xorg pid=502 prio=120 target_cpu=001
         lxpanel-731   [001] dnh.   678.157120: sched_wakeup: comm=kworker/1:3 pid=431 prio=120 target_cpu=001
         lxpanel-731   [001] d...   678.157151: sched_switch: prev_comm=lxpanel prev_pid=731 prev_prio=120 prev_state=R ==> next_comm=Xorg next_pid=502 next_prio=120
            Xorg-502   [001] dnh.   678.160963: sched_wakeup: comm=rngd pid=361 prio=120 target_cpu=001
            Xorg-502   [001] d...   678.160983: sched_switch: prev_comm=Xorg prev_pid=502 prev_prio=120 prev_state=R ==> next_comm=rngd next_pid=361 next_prio=120
            rngd-361   [001] d...   678.161016: sched_switch: prev_comm=rngd prev_pid=361 prev_prio=120 prev_state=S ==> next_comm=kworker/1:3 next_pid=431 next_prio=120
     kworker/1:3-431   [001] d...   678.161052: sched_switch: prev_comm=kworker/1:3 prev_pid=431 prev_prio=120 prev_state=I ==> next_comm=Xorg next_pid=502 next_prio=120
            Xorg-502   [001] d...   678.161648: sched_switch: prev_comm=Xorg prev_pid=502 prev_prio=120 prev_state=S ==> next_comm=lxpanel next_pid=731 next_prio=120
         lxpanel-731   [001] d...   678.161906: sched_switch: prev_comm=lxpanel prev_pid=731 prev_prio=120 prev_state=S ==> next_comm=swapper/1 next_pid=0 next_prio=120
          <idle>-0     [001] dnh.   678.166001: sched_wakeup: comm=rngd pid=361 prio=120 target_cpu=001
          <idle>-0     [001] dnh.   678.166014: sched_wakeup: comm=thd pid=348 prio=120 target_cpu=001
          <idle>-0     [000] dns.   678.166016: sched_wakeup: comm=InputThread pid=576 prio=120 target_cpu=000
          <idle>-0     [001] d...   678.166040: sched_switch: prev_comm=swapper/1 prev_pid=0 prev_prio=120 prev_state=R ==> next_comm=rngd next_pid=361 next_prio=120
            rngd-361   [001] d...   678.166064: sched_switch: prev_comm=rngd prev_pid=361 prev_prio=120 prev_state=S ==> next_comm=thd next_pid=348 next_prio=120
          <idle>-0     [000] d...   678.166070: sched_switch: prev_comm=swapper/0 prev_pid=0 prev_prio=120 prev_state=R ==> next_comm=InputThread next_pid=576 next_prio=120
             thd-348   [001] d...   678.166314: sched_switch: prev_comm=thd prev_pid=348 prev_prio=120 prev_state=S ==> next_comm=swapper/1 next_pid=0 next_prio=120
     InputThread-576   [000] d...   678.166315: sched_switch: prev_comm=InputThread prev_pid=576 prev_prio=120 prev_state=S ==> next_comm=swapper/0 next_pid=0 next_prio=120
          <idle>-0     [001] dnh.   678.166326: sched_wakeup: comm=Xorg pid=502 prio=120 target_cpu=001
          <idle>-0     [001] d...   678.166333: sched_switch: prev_comm=swapper/1 prev_pid=0 prev_prio=120 prev_state=R ==> next_comm=Xorg next_pid=502 next_prio=120
            Xorg-502   [001] d...   678.166518: sched_wakeup: comm=lxpanel pid=731 prio=120 target_cpu=001
            Xorg-502   [001] d...   678.166767: sched_switch: prev_comm=Xorg prev_pid=502 prev_prio=120 prev_state=S ==> next_comm=lxpanel next_pid=731 next_prio=120
         lxpanel-731   [001] dn..   678.167256: sched_wakeup: comm=Xorg pid=502 prio=120 target_cpu=001
         lxpanel-731   [001] d...   678.167273: sched_switch: prev_comm=lxpanel prev_pid=731 prev_prio=120 prev_state=R ==> next_comm=Xorg next_pid=502 next_prio=120
            Xorg-502   [001] d...   678.167371: sched_switch: prev_comm=Xorg prev_pid=502 prev_prio=120 prev_state=S ==> next_comm=lxpanel next_pid=731 next_prio=120
         lxpanel-731   [001] d...   678.167994: sched_switch: prev_comm=lxpanel prev_pid=731 prev_prio=120 prev_state=S ==> next_comm=swapper/1 next_pid=0 next_prio=120
          <idle>-0     [001] dnh.   678.182001: sched_wakeup: comm=thd pid=348 prio=120 target_cpu=001
          <idle>-0     [000] dns.   678.182001: sched_wakeup: comm=InputThread pid=576 prio=120 target_cpu=000
          <idle>-0     [001] d...   678.182020: sched_switch: prev_comm=swapper/1 prev_pid=0 prev_prio=120 prev_state=R ==> next_comm=thd next_pid=348 next_prio=120
          <idle>-0     [000] d...   678.182046: sched_switch: prev_comm=swapper/0 prev_pid=0 prev_prio=120 prev_state=R ==> next_comm=InputThread next_pid=576 next_prio=120
             thd-348   [001] d...   678.182116: sched_switch: prev_comm=thd prev_pid=348 prev_prio=120 prev_state=S ==> next_comm=swapper/1 next_pid=0 next_prio=120
          <idle>-0     [001] dnh.   678.182210: sched_wakeup: comm=Xorg pid=502 prio=120 target_cpu=001
     InputThread-576   [000] d...   678.182222: sched_switch: prev_comm=InputThread prev_pid=576 prev_prio=120 prev_state=S ==> next_comm=swapper/0 next_pid=0 next_prio=120
          <idle>-0     [001] d...   678.182222: sched_switch: prev_comm=swapper/1 prev_pid=0 prev_prio=120 prev_state=R ==> next_comm=Xorg next_pid=502 next_prio=120
            Xorg-502   [001] d...   678.182375: sched_wakeup: comm=lxpanel pid=731 prio=120 target_cpu=001
            Xorg-502   [001] d...   678.182629: sched_switch: prev_comm=Xorg prev_pid=502 prev_prio=120 prev_state=S ==> next_comm=lxpanel next_pid=731 next_prio=120
         lxpanel-731   [001] dn..   678.182972: sched_wakeup: comm=Xorg pid=502 prio=120 target_cpu=001
         lxpanel-731   [001] d...   678.182987: sched_switch: prev_comm=lxpanel prev_pid=731 prev_prio=120 prev_state=R ==> next_comm=Xorg next_pid=502 next_prio=120
            Xorg-502   [001] d...   678.183078: sched_switch: prev_comm=Xorg prev_pid=502 prev_prio=120 prev_state=S ==> next_comm=lxpanel next_pid=731 next_prio=120
         lxpanel-731   [001] d...   678.183838: sched_switch: prev_comm=lxpanel prev_pid=731 prev_prio=120 prev_state=S ==> next_comm=swapper/1 next_pid=0 next_prio=120
          <idle>-0     [001] dnh.   678.197987: sched_wakeup: comm=rngd pid=361 prio=120 target_cpu=001
          <idle>-0     [001] dnh.   678.198001: sched_wakeup: comm=thd pid=348 prio=120 target_cpu=001
          <idle>-0     [000] dns.   678.198005: sched_wakeup: comm=InputThread pid=576 prio=120 target_cpu=000
          <idle>-0     [001] d...   678.198020: sched_switch: prev_comm=swapper/1 prev_pid=0 prev_prio=120 prev_state=R ==> next_comm=rngd next_pid=361 next_prio=120
            rngd-361   [001] d...   678.198044: sched_switch: prev_comm=rngd prev_pid=361 prev_prio=120 prev_state=S ==> next_comm=thd next_pid=348 next_prio=120
          <idle>-0     [000] d...   678.198050: sched_switch: prev_comm=swapper/0 prev_pid=0 prev_prio=120 prev_state=R ==> next_comm=InputThread next_pid=576 next_prio=120
             thd-348   [001] d...   678.198240: sched_switch: prev_comm=thd prev_pid=348 prev_prio=120 prev_state=S ==> next_comm=swapper/1 next_pid=0 next_prio=120
     InputThread-576   [000] d...   678.198242: sched_switch: prev_comm=InputThread prev_pid=576 prev_prio=120 prev_state=S ==> next_comm=swapper/0 next_pid=0 next_prio=120
          <idle>-0     [001] dnh.   678.198251: sched_wakeup: comm=Xorg pid=502 prio=120 target_cpu=001
          <idle>-0     [001] d...   678.198257: sched_switch: prev_comm=swapper/1 prev_pid=0 prev_prio=120 prev_state=R ==> next_comm=Xorg next_pid=502 next_prio=120
            Xorg-502   [001] d...   678.198424: sched_wakeup: comm=lxpanel pid=731 prio=120 target_cpu=001
            Xorg-502   [001] d...   678.198694: sched_switch: prev_comm=Xorg prev_pid=502 prev_prio=120 prev_state=S ==> next_comm=lxpanel next_pid=731 next_prio=120
         lxpanel-731   [001] dn..   678.199062: sched_wakeup: comm=Xorg pid=502 prio=120 target_cpu=001
         lxpanel-731   [001] d...   678.199077: sched_switch: prev_comm=lxpanel prev_pid=731 prev_prio=120 prev_state=R ==> next_comm=Xorg next_pid=502 next_prio=120
            Xorg-502   [001] d...   678.199172: sched_switch: prev_comm=Xorg prev_pid=502 prev_prio=120 prev_state=S ==> next_comm=lxpanel next_pid=731 next_prio=120
         lxpanel-731   [001] d...   678.199744: sched_switch: prev_comm=lxpanel prev_pid=731 prev_prio=120 prev_state=S ==> next_comm=swapper/1 next_pid=0 next_prio=120
          <idle>-0     [001] dnh.   678.213989: sched_wakeup: comm=rngd pid=361 prio=120 target_cpu=001
          <idle>-0     [000] dns.   678.214007: sched_wakeup: comm=InputThread pid=576 prio=120 target_cpu=000
          <idle>-0     [001] dnh.   678.214012: sched_wakeup: comm=thd pid=348 prio=120 target_cpu=001
          <idle>-0     [001] d...   678.214021: sched_switch: prev_comm=swapper/1 prev_pid=0 prev_prio=120 prev_state=R ==> next_comm=rngd next_pid=361 next_prio=120
            rngd-361   [001] d...   678.214045: sched_switch: prev_comm=rngd prev_pid=361 prev_prio=120 prev_state=S ==> next_comm=thd next_pid=348 next_prio=120
          <idle>-0     [000] d...   678.214051: sched_switch: prev_comm=swapper/0 prev_pid=0 prev_prio=120 prev_state=R ==> next_comm=InputThread next_pid=576 next_prio=120
             thd-348   [001] d...   678.214256: sched_switch: prev_comm=thd prev_pid=348 prev_prio=120 prev_state=S ==> next_comm=swapper/1 next_pid=0 next_prio=120
     InputThread-576   [000] d...   678.214258: sched_switch: prev_comm=InputThread prev_pid=576 prev_prio=120 prev_state=S ==> next_comm=swapper/0 next_pid=0 next_prio=120
          <idle>-0     [001] dnh.   678.214267: sched_wakeup: comm=Xorg pid=502 prio=120 target_cpu=001
          <idle>-0     [001] d...   678.214273: sched_switch: prev_comm=swapper/1 prev_pid=0 prev_prio=120 prev_state=R ==> next_comm=Xorg next_pid=502 next_prio=120
            Xorg-502   [001] d...   678.214432: sched_wakeup: comm=lxpanel pid=731 prio=120 target_cpu=001
            Xorg-502   [001] d...   678.214703: sched_switch: prev_comm=Xorg prev_pid=502 prev_prio=120 prev_state=S ==> next_comm=lxpanel next_pid=731 next_prio=120
         lxpanel-731   [001] dn..   678.215062: sched_wakeup: comm=Xorg pid=502 prio=120 target_cpu=001
         lxpanel-731   [001] d...   678.215077: sched_switch: prev_comm=lxpanel prev_pid=731 prev_prio=120 prev_state=R ==> next_comm=Xorg next_pid=502 next_prio=120
            Xorg-502   [001] d...   678.215170: sched_switch: prev_comm=Xorg prev_pid=502 prev_prio=120 prev_state=S ==> next_comm=lxpanel next_pid=731 next_prio=120
         lxpanel-731   [001] d...   678.215730: sched_switch: prev_comm=lxpanel prev_pid=731 prev_prio=120 prev_state=S ==> next_comm=swapper/1 next_pid=0 next_prio=120
          <idle>-0     [000] dns.   678.229998: sched_wakeup: comm=InputThread pid=576 prio=120 target_cpu=000
          <idle>-0     [001] dnh.   678.229998: sched_wakeup: comm=thd pid=348 prio=120 target_cpu=001
          <idle>-0     [001] d...   678.230017: sched_switch: prev_comm=swapper/1 prev_pid=0 prev_prio=120 prev_state=R ==> next_comm=thd next_pid=348 next_prio=120
          <idle>-0     [000] d...   678.230040: sched_switch: prev_comm=swapper/0 prev_pid=0 prev_prio=120 prev_state=R ==> next_comm=InputThread next_pid=576 next_prio=120
             thd-348   [001] d...   678.230109: sched_switch: prev_comm=thd prev_pid=348 prev_prio=120 prev_state=S ==> next_comm=swapper/1 next_pid=0 next_prio=120
          <idle>-0     [001] dnh.   678.230199: sched_wakeup: comm=Xorg pid=502 prio=120 target_cpu=001
          <idle>-0     [001] d...   678.230212: sched_switch: prev_comm=swapper/1 prev_pid=0 prev_prio=120 prev_state=R ==> next_comm=Xorg next_pid=502 next_prio=120
     InputThread-576   [000] d...   678.230214: sched_switch: prev_comm=InputThread prev_pid=576 prev_prio=120 prev_state=S ==> next_comm=swapper/0 next_pid=0 next_prio=120
            Xorg-502   [001] d...   678.230362: sched_wakeup: comm=lxpanel pid=731 prio=120 target_cpu=001
            Xorg-502   [001] d...   678.230614: sched_switch: prev_comm=Xorg prev_pid=502 prev_prio=120 prev_state=S ==> next_comm=lxpanel next_pid=731 next_prio=120
         lxpanel-731   [001] dn..   678.230942: sched_wakeup: comm=Xorg pid=502 prio=120 target_cpu=001
         lxpanel-731   [001] d...   678.230956: sched_switch: prev_comm=lxpanel prev_pid=731 prev_prio=120 prev_state=R ==> next_comm=Xorg next_pid=502 next_prio=120
            Xorg-502   [001] d...   678.231045: sched_switch: prev_comm=Xorg prev_pid=502 prev_prio=120 prev_state=S ==> next_comm=lxpanel next_pid=731 next_prio=120
         lxpanel-731   [001] d...   678.231704: sched_switch: prev_comm=lxpanel prev_pid=731 prev_prio=120 prev_state=S ==> next_comm=swapper/1 next_pid=0 next_prio=120
          <idle>-0     [001] dnh.   678.232950: sched_wakeup: comm=rngd pid=361 prio=120 target_cpu=001
          <idle>-0     [001] d...   678.232967: sched_switch: prev_comm=swapper/1 prev_pid=0 prev_prio=120 prev_state=R ==> next_comm=rngd next_pid=361 next_prio=120
            rngd-361   [001] d...   678.232988: sched_switch: prev_comm=rngd prev_pid=361 prev_prio=120 prev_state=S ==> next_comm=swapper/1 next_pid=0 next_prio=120
          <idle>-0     [001] dnh.   678.245973: sched_wakeup: comm=rngd pid=361 prio=120 target_cpu=001
          <idle>-0     [000] dns.   678.245990: sched_wakeup: comm=InputThread pid=576 prio=120 target_cpu=000
          <idle>-0     [001] dnh.   678.245991: sched_wakeup: comm=thd pid=348 prio=120 target_cpu=001
          <idle>-0     [001] d...   678.245997: sched_switch: prev_comm=swapper/1 prev_pid=0 prev_prio=120 prev_state=R ==> next_comm=thd next_pid=348 next_prio=120
          <idle>-0     [000] d...   678.246030: sched_switch: prev_comm=swapper/0 prev_pid=0 prev_prio=120 prev_state=R ==> next_comm=InputThread next_pid=576 next_prio=120
             thd-348   [001] d...   678.246086: sched_switch: prev_comm=thd prev_pid=348 prev_prio=120 prev_state=S ==> next_comm=rngd next_pid=361 next_prio=120
            rngd-361   [001] d...   678.246171: sched_switch: prev_comm=rngd prev_pid=361 prev_prio=120 prev_state=S ==> next_comm=swapper/1 next_pid=0 next_prio=120
          <idle>-0     [001] dnh.   678.246181: sched_wakeup: comm=Xorg pid=502 prio=120 target_cpu=001
          <idle>-0     [001] d...   678.246187: sched_switch: prev_comm=swapper/1 prev_pid=0 prev_prio=120 prev_state=R ==> next_comm=Xorg next_pid=502 next_prio=120
     InputThread-576   [000] d...   678.246194: sched_switch: prev_comm=InputThread prev_pid=576 prev_prio=120 prev_state=S ==> next_comm=swapper/0 next_pid=0 next_prio=120
            Xorg-502   [001] d...   678.246347: sched_wakeup: comm=lxpanel pid=731 prio=120 target_cpu=001
            Xorg-502   [001] d...   678.246614: sched_switch: prev_comm=Xorg prev_pid=502 prev_prio=120 prev_state=S ==> next_comm=lxpanel next_pid=731 next_prio=120
         lxpanel-731   [001] dn..   678.246985: sched_wakeup: comm=Xorg pid=502 prio=120 target_cpu=001
         lxpanel-731   [001] d...   678.247002: sched_switch: prev_comm=lxpanel prev_pid=731 prev_prio=120 prev_state=R ==> next_comm=Xorg next_pid=502 next_prio=120
            Xorg-502   [001] d...   678.247097: sched_switch: prev_comm=Xorg prev_pid=502 prev_prio=120 prev_state=S ==> next_comm=lxpanel next_pid=731 next_prio=120
         lxpanel-731   [001] d...   678.247673: sched_switch: prev_comm=lxpanel prev_pid=731 prev_prio=120 prev_state=S ==> next_comm=swapper/1 next_pid=0 next_prio=120
          <idle>-0     [001] dnh.   678.261989: sched_wakeup: comm=thd pid=348 prio=120 target_cpu=001
          <idle>-0     [000] dns.   678.261991: sched_wakeup: comm=InputThread pid=576 prio=120 target_cpu=000
          <idle>-0     [001] d...   678.262006: sched_switch: prev_comm=swapper/1 prev_pid=0 prev_prio=120 prev_state=R ==> next_comm=thd next_pid=348 next_prio=120
          <idle>-0     [000] dnH.   678.262029: sched_wakeup: comm=kworker/0:1 pid=31 prio=120 target_cpu=000
          <idle>-0     [000] d...   678.262046: sched_switch: prev_comm=swapper/0 prev_pid=0 prev_prio=120 prev_state=R ==> next_comm=kworker/0:1 next_pid=31 next_prio=120
     kworker/0:1-31    [000] d...   678.262080: sched_switch: prev_comm=kworker/0:1 prev_pid=31 prev_prio=120 prev_state=I ==> next_comm=InputThread next_pid=576 next_prio=120
             thd-348   [001] d...   678.262128: sched_switch: prev_comm=thd prev_pid=348 prev_prio=120 prev_state=S ==> next_comm=swapper/1 next_pid=0 next_prio=120
          <idle>-0     [001] dnh.   678.262233: sched_wakeup: comm=Xorg pid=502 prio=120 target_cpu=001
          <idle>-0     [001] d...   678.262245: sched_switch: prev_comm=swapper/1 prev_pid=0 prev_prio=120 prev_state=R ==> next_comm=Xorg next_pid=502 next_prio=120
     InputThread-576   [000] d...   678.262246: sched_switch: prev_comm=InputThread prev_pid=576 prev_prio=120 prev_state=S ==> next_comm=swapper/0 next_pid=0 next_prio=120
            Xorg-502   [001] d...   678.262387: sched_wakeup: comm=lxpanel pid=731 prio=120 target_cpu=001
            Xorg-502   [001] d...   678.262617: sched_switch: prev_comm=Xorg prev_pid=502 prev_prio=120 prev_state=S ==> next_comm=lxpanel next_pid=731 next_prio=120
         lxpanel-731   [001] dn..   678.262943: sched_wakeup: comm=Xorg pid=502 prio=120 target_cpu=001
         lxpanel-731   [001] d...   678.262958: sched_switch: prev_comm=lxpanel prev_pid=731 prev_prio=120 prev_state=R ==> next_comm=Xorg next_pid=502 next_prio=120
            Xorg-502   [001] d...   678.263049: sched_switch: prev_comm=Xorg prev_pid=502 prev_prio=120 prev_state=S ==> next_comm=lxpanel next_pid=731 next_prio=120
         lxpanel-731   [001] d...   678.263699: sched_switch: prev_comm=lxpanel prev_pid=731 prev_prio=120 prev_state=S ==> next_comm=swapper/1 next_pid=0 next_prio=120
          <idle>-0     [001] dnh.   678.277979: sched_wakeup: comm=rngd pid=361 prio=120 target_cpu=001
          <idle>-0     [001] dnh.   678.277990: sched_wakeup: comm=thd pid=348 prio=120 target_cpu=001
          <idle>-0     [000] dns.   678.277993: sched_wakeup: comm=InputThread pid=576 prio=120 target_cpu=000
          <idle>-0     [001] d...   678.278006: sched_switch: prev_comm=swapper/1 prev_pid=0 prev_prio=120 prev_state=R ==> next_comm=rngd next_pid=361 next_prio=120
            rngd-361   [001] d...   678.278027: sched_switch: prev_comm=rngd prev_pid=361 prev_prio=120 prev_state=S ==> next_comm=thd next_pid=348 next_prio=120
          <idle>-0     [000] d...   678.278033: sched_switch: prev_comm=swapper/0 prev_pid=0 prev_prio=120 prev_state=R ==> next_comm=InputThread next_pid=576 next_prio=120
             thd-348   [001] d...   678.278193: sched_switch: prev_comm=thd prev_pid=348 prev_prio=120 prev_state=S ==> next_comm=swapper/1 next_pid=0 next_prio=120
     InputThread-576   [000] d...   678.278197: sched_switch: prev_comm=InputThread prev_pid=576 prev_prio=120 prev_state=S ==> next_comm=swapper/0 next_pid=0 next_prio=120
          <idle>-0     [001] dnh.   678.278204: sched_wakeup: comm=Xorg pid=502 prio=120 target_cpu=001
          <idle>-0     [001] d...   678.278210: sched_switch: prev_comm=swapper/1 prev_pid=0 prev_prio=120 prev_state=R ==> next_comm=Xorg next_pid=502 next_prio=120
            Xorg-502   [001] d...   678.278350: sched_wakeup: comm=lxpanel pid=731 prio=120 target_cpu=001
            Xorg-502   [001] d...   678.278587: sched_switch: prev_comm=Xorg prev_pid=502 prev_prio=120 prev_state=S ==> next_comm=lxpanel next_pid=731 next_prio=120
         lxpanel-731   [001] dn..   678.278893: sched_wakeup: comm=Xorg pid=502 prio=120 target_cpu=001
         lxpanel-731   [001] d...   678.278907: sched_switch: prev_comm=lxpanel prev_pid=731 prev_prio=120 prev_state=R ==> next_comm=Xorg next_pid=502 next_prio=120
            Xorg-502   [001] d...   678.278994: sched_switch: prev_comm=Xorg prev_pid=502 prev_prio=120 prev_state=S ==> next_comm=lxpanel next_pid=731 next_prio=120
         lxpanel-731   [001] d...   678.279508: sched_switch: prev_comm=lxpanel prev_pid=731 prev_prio=120 prev_state=S ==> next_comm=swapper/1 next_pid=0 next_prio=120
          <idle>-0     [001] dnh.   678.293985: sched_wakeup: comm=rngd pid=361 prio=120 target_cpu=001
          <idle>-0     [001] dnh.   678.293996: sched_wakeup: comm=thd pid=348 prio=120 target_cpu=001
          <idle>-0     [000] dns.   678.294000: sched_wakeup: comm=InputThread pid=576 prio=120 target_cpu=000
          <idle>-0     [001] d...   678.294016: sched_switch: prev_comm=swapper/1 prev_pid=0 prev_prio=120 prev_state=R ==> next_comm=rngd next_pid=361 next_prio=120
          <idle>-0     [000] d...   678.294041: sched_switch: prev_comm=swapper/0 prev_pid=0 prev_prio=120 prev_state=R ==> next_comm=InputThread next_pid=576 next_prio=120
            rngd-361   [001] d...   678.294042: sched_switch: prev_comm=rngd prev_pid=361 prev_prio=120 prev_state=S ==> next_comm=thd next_pid=348 next_prio=120
             thd-348   [001] d...   678.294206: sched_switch: prev_comm=thd prev_pid=348 prev_prio=120 prev_state=S ==> next_comm=swapper/1 next_pid=0 next_prio=120
     InputThread-576   [000] d...   678.294208: sched_switch: prev_comm=InputThread prev_pid=576 prev_prio=120 prev_state=S ==> next_comm=swapper/0 next_pid=0 next_prio=120
          <idle>-0     [001] dnh.   678.294217: sched_wakeup: comm=Xorg pid=502 prio=120 target_cpu=001
          <idle>-0     [001] d...   678.294223: sched_switch: prev_comm=swapper/1 prev_pid=0 prev_prio=120 prev_state=R ==> next_comm=Xorg next_pid=502 next_prio=120
            Xorg-502   [001] d...   678.294360: sched_wakeup: comm=lxpanel pid=731 prio=120 target_cpu=001
            Xorg-502   [001] d...   678.294594: sched_switch: prev_comm=Xorg prev_pid=502 prev_prio=120 prev_state=S ==> next_comm=lxpanel next_pid=731 next_prio=120
         lxpanel-731   [001] dn..   678.295576: sched_wakeup: comm=Xorg pid=502 prio=120 target_cpu=001
         lxpanel-731   [001] d...   678.295592: sched_switch: prev_comm=lxpanel prev_pid=731 prev_prio=120 prev_state=R ==> next_comm=Xorg next_pid=502 next_prio=120
            Xorg-502   [001] d...   678.295676: sched_switch: prev_comm=Xorg prev_pid=502 prev_prio=120 prev_state=S ==> next_comm=lxpanel next_pid=731 next_prio=120
         lxpanel-731   [001] dn..   678.300421: sched_wakeup: comm=Xorg pid=502 prio=120 target_cpu=001
         lxpanel-731   [001] d...   678.300455: sched_switch: prev_comm=lxpanel prev_pid=731 prev_prio=120 prev_state=R ==> next_comm=Xorg next_pid=502 next_prio=120
            Xorg-502   [001] dnh.   678.304981: sched_wakeup: comm=rngd pid=361 prio=120 target_cpu=001
            Xorg-502   [001] d...   678.305023: sched_switch: prev_comm=Xorg prev_pid=502 prev_prio=120 prev_state=S ==> next_comm=rngd next_pid=361 next_prio=120
            rngd-361   [001] d...   678.305061: sched_switch: prev_comm=rngd prev_pid=361 prev_prio=120 prev_state=S ==> next_comm=lxpanel next_pid=731 next_prio=120
         lxpanel-731   [001] d...   678.305283: sched_switch: prev_comm=lxpanel prev_pid=731 prev_prio=120 prev_state=S ==> next_comm=swapper/1 next_pid=0 next_prio=120
          <idle>-0     [001] dnh.   678.310010: sched_wakeup: comm=thd pid=348 prio=120 target_cpu=001
          <idle>-0     [000] dns.   678.310016: sched_wakeup: comm=InputThread pid=576 prio=120 target_cpu=000
          <idle>-0     [001] d...   678.310028: sched_switch: prev_comm=swapper/1 prev_pid=0 prev_prio=120 prev_state=R ==> next_comm=thd next_pid=348 next_prio=120
          <idle>-0     [000] d...   678.310072: sched_switch: prev_comm=swapper/0 prev_pid=0 prev_prio=120 prev_state=R ==> next_comm=InputThread next_pid=576 next_prio=120
             thd-348   [001] d...   678.310140: sched_switch: prev_comm=thd prev_pid=348 prev_prio=120 prev_state=S ==> next_comm=swapper/1 next_pid=0 next_prio=120
          <idle>-0     [001] dnh.   678.310270: sched_wakeup: comm=Xorg pid=502 prio=120 target_cpu=001
          <idle>-0     [001] d...   678.310282: sched_switch: prev_comm=swapper/1 prev_pid=0 prev_prio=120 prev_state=R ==> next_comm=Xorg next_pid=502 next_prio=120
     InputThread-576   [000] d...   678.310290: sched_switch: prev_comm=InputThread prev_pid=576 prev_prio=120 prev_state=S ==> next_comm=swapper/0 next_pid=0 next_prio=120
            Xorg-502   [001] d...   678.310466: sched_wakeup: comm=lxpanel pid=731 prio=120 target_cpu=001
            Xorg-502   [001] d...   678.310716: sched_switch: prev_comm=Xorg prev_pid=502 prev_prio=120 prev_state=S ==> next_comm=lxpanel next_pid=731 next_prio=120
         lxpanel-731   [001] dn..   678.311147: sched_wakeup: comm=Xorg pid=502 prio=120 target_cpu=001
         lxpanel-731   [001] d...   678.311160: sched_switch: prev_comm=lxpanel prev_pid=731 prev_prio=120 prev_state=R ==> next_comm=Xorg next_pid=502 next_prio=120
            Xorg-502   [001] d...   678.311253: sched_switch: prev_comm=Xorg prev_pid=502 prev_prio=120 prev_state=S ==> next_comm=lxpanel next_pid=731 next_prio=120
         lxpanel-731   [001] d...   678.311839: sched_switch: prev_comm=lxpanel prev_pid=731 prev_prio=120 prev_state=S ==> next_comm=swapper/1 next_pid=0 next_prio=120
          <idle>-0     [001] dnh.   678.325988: sched_wakeup: comm=rngd pid=361 prio=120 target_cpu=001
          <idle>-0     [001] dnh.   678.326002: sched_wakeup: comm=thd pid=348 prio=120 target_cpu=001
          <idle>-0     [000] dns.   678.326005: sched_wakeup: comm=InputThread pid=576 prio=120 target_cpu=000
          <idle>-0     [001] d...   678.326020: sched_switch: prev_comm=swapper/1 prev_pid=0 prev_prio=120 prev_state=R ==> next_comm=rngd next_pid=361 next_prio=120
            rngd-361   [001] d...   678.326045: sched_switch: prev_comm=rngd prev_pid=361 prev_prio=120 prev_state=S ==> next_comm=thd next_pid=348 next_prio=120
          <idle>-0     [000] d...   678.326047: sched_switch: prev_comm=swapper/0 prev_pid=0 prev_prio=120 prev_state=R ==> next_comm=InputThread next_pid=576 next_prio=120
             thd-348   [001] d...   678.326232: sched_switch: prev_comm=thd prev_pid=348 prev_prio=120 prev_state=S ==> next_comm=swapper/1 next_pid=0 next_prio=120
     InputThread-576   [000] d...   678.326232: sched_switch: prev_comm=InputThread prev_pid=576 prev_prio=120 prev_state=S ==> next_comm=swapper/0 next_pid=0 next_prio=120
          <idle>-0     [001] dnh.   678.326243: sched_wakeup: comm=Xorg pid=502 prio=120 target_cpu=001
          <idle>-0     [001] d...   678.326249: sched_switch: prev_comm=swapper/1 prev_pid=0 prev_prio=120 prev_state=R ==> next_comm=Xorg next_pid=502 next_prio=120
            Xorg-502   [001] d...   678.326402: sched_wakeup: comm=lxpanel pid=731 prio=120 target_cpu=001
            Xorg-502   [001] d...   678.326675: sched_switch: prev_comm=Xorg prev_pid=502 prev_prio=120 prev_state=S ==> next_comm=lxpanel next_pid=731 next_prio=120
         lxpanel-731   [001] dn..   678.327044: sched_wakeup: comm=Xorg pid=502 prio=120 target_cpu=001
         lxpanel-731   [001] d...   678.327058: sched_switch: prev_comm=lxpanel prev_pid=731 prev_prio=120 prev_state=R ==> next_comm=Xorg next_pid=502 next_prio=120
            Xorg-502   [001] d...   678.327152: sched_switch: prev_comm=Xorg prev_pid=502 prev_prio=120 prev_state=S ==> next_comm=lxpanel next_pid=731 next_prio=120
         lxpanel-731   [001] d...   678.327708: sched_switch: prev_comm=lxpanel prev_pid=731 prev_prio=120 prev_state=S ==> next_comm=swapper/1 next_pid=0 next_prio=120
          <idle>-0     [001] dnh.   678.341999: sched_wakeup: comm=thd pid=348 prio=120 target_cpu=001
          <idle>-0     [000] dns.   678.341999: sched_wakeup: comm=InputThread pid=576 prio=120 target_cpu=000
          <idle>-0     [001] d...   678.342016: sched_switch: prev_comm=swapper/1 prev_pid=0 prev_prio=120 prev_state=R ==> next_comm=thd next_pid=348 next_prio=120
          <idle>-0     [000] d...   678.342040: sched_switch: prev_comm=swapper/0 prev_pid=0 prev_prio=120 prev_state=R ==> next_comm=InputThread next_pid=576 next_prio=120
             thd-348   [001] d...   678.342110: sched_switch: prev_comm=thd prev_pid=348 prev_prio=120 prev_state=S ==> next_comm=swapper/1 next_pid=0 next_prio=120
          <idle>-0     [001] dnh.   678.342195: sched_wakeup: comm=Xorg pid=502 prio=120 target_cpu=001
     InputThread-576   [000] d...   678.342207: sched_switch: prev_comm=InputThread prev_pid=576 prev_prio=120 prev_state=S ==> next_comm=swapper/0 next_pid=0 next_prio=120
          <idle>-0     [001] d...   678.342208: sched_switch: prev_comm=swapper/1 prev_pid=0 prev_prio=120 prev_state=R ==> next_comm=Xorg next_pid=502 next_prio=120
            Xorg-502   [001] d...   678.342356: sched_wakeup: comm=lxpanel pid=731 prio=120 target_cpu=001
            Xorg-502   [001] d...   678.342632: sched_switch: prev_comm=Xorg prev_pid=502 prev_prio=120 prev_state=S ==> next_comm=lxpanel next_pid=731 next_prio=120
         lxpanel-731   [001] dn..   678.342960: sched_wakeup: comm=Xorg pid=502 prio=120 target_cpu=001
         lxpanel-731   [001] d...   678.342976: sched_switch: prev_comm=lxpanel prev_pid=731 prev_prio=120 prev_state=R ==> next_comm=Xorg next_pid=502 next_prio=120
            Xorg-502   [001] d...   678.343062: sched_switch: prev_comm=Xorg prev_pid=502 prev_prio=120 prev_state=S ==> next_comm=lxpanel next_pid=731 next_prio=120
         lxpanel-731   [001] d...   678.343797: sched_switch: prev_comm=lxpanel prev_pid=731 prev_prio=120 prev_state=S ==> next_comm=swapper/1 next_pid=0 next_prio=120
          <idle>-0     [001] dnh.   678.357986: sched_wakeup: comm=rngd pid=361 prio=120 target_cpu=001
          <idle>-0     [001] dnh.   678.358000: sched_wakeup: comm=thd pid=348 prio=120 target_cpu=001
          <idle>-0     [000] dns.   678.358004: sched_wakeup: comm=InputThread pid=576 prio=120 target_cpu=000
          <idle>-0     [001] d...   678.358016: sched_switch: prev_comm=swapper/1 prev_pid=0 prev_prio=120 prev_state=R ==> next_comm=rngd next_pid=361 next_prio=120
            rngd-361   [001] d...   678.358044: sched_switch: prev_comm=rngd prev_pid=361 prev_prio=120 prev_state=S ==> next_comm=thd next_pid=348 next_prio=120
          <idle>-0     [000] d...   678.358047: sched_switch: prev_comm=swapper/0 prev_pid=0 prev_prio=120 prev_state=R ==> next_comm=InputThread next_pid=576 next_prio=120
             thd-348   [001] d...   678.358202: sched_switch: prev_comm=thd prev_pid=348 prev_prio=120 prev_state=S ==> next_comm=swapper/1 next_pid=0 next_prio=120
          <idle>-0     [001] dnh.   678.358213: sched_wakeup: comm=Xorg pid=502 prio=120 target_cpu=001
          <idle>-0     [001] d...   678.358219: sched_switch: prev_comm=swapper/1 prev_pid=0 prev_prio=120 prev_state=R ==> next_comm=Xorg next_pid=502 next_prio=120
     InputThread-576   [000] d...   678.358229: sched_switch: prev_comm=InputThread prev_pid=576 prev_prio=120 prev_state=S ==> next_comm=swapper/0 next_pid=0 next_prio=120
            Xorg-502   [001] d...   678.358377: sched_wakeup: comm=lxpanel pid=731 prio=120 target_cpu=001
            Xorg-502   [001] d...   678.358667: sched_switch: prev_comm=Xorg prev_pid=502 prev_prio=120 prev_state=S ==> next_comm=lxpanel next_pid=731 next_prio=120
         lxpanel-731   [001] dn..   678.359029: sched_wakeup: comm=Xorg pid=502 prio=120 target_cpu=001
         lxpanel-731   [001] d...   678.359045: sched_switch: prev_comm=lxpanel prev_pid=731 prev_prio=120 prev_state=R ==> next_comm=Xorg next_pid=502 next_prio=120
            Xorg-502   [001] d...   678.359136: sched_switch: prev_comm=Xorg prev_pid=502 prev_prio=120 prev_state=S ==> next_comm=lxpanel next_pid=731 next_prio=120
         lxpanel-731   [001] d...   678.359722: sched_switch: prev_comm=lxpanel prev_pid=731 prev_prio=120 prev_state=S ==> next_comm=swapper/1 next_pid=0 next_prio=120
          <idle>-0     [001] dnh.   678.373988: sched_wakeup: comm=rngd pid=361 prio=120 target_cpu=001
          <idle>-0     [001] dnh.   678.373999: sched_wakeup: comm=thd pid=348 prio=120 target_cpu=001
          <idle>-0     [000] dns.   678.374003: sched_wakeup: comm=InputThread pid=576 prio=120 target_cpu=000
          <idle>-0     [001] dnh.   678.374018: sched_wakeup: comm=kworker/1:3 pid=431 prio=120 target_cpu=001
          <idle>-0     [001] d...   678.374040: sched_switch: prev_comm=swapper/1 prev_pid=0 prev_prio=120 prev_state=R ==> next_comm=rngd next_pid=361 next_prio=120
          <idle>-0     [000] d...   678.374045: sched_switch: prev_comm=swapper/0 prev_pid=0 prev_prio=120 prev_state=R ==> next_comm=InputThread next_pid=576 next_prio=120
            rngd-361   [001] d...   678.374063: sched_switch: prev_comm=rngd prev_pid=361 prev_prio=120 prev_state=S ==> next_comm=thd next_pid=348 next_prio=120
             thd-348   [001] d...   678.374151: sched_switch: prev_comm=thd prev_pid=348 prev_prio=120 prev_state=S ==> next_comm=kworker/1:3 next_pid=431 next_prio=120
     InputThread-576   [000] d...   678.374283: sched_switch: prev_comm=InputThread prev_pid=576 prev_prio=120 prev_state=S ==> next_comm=swapper/0 next_pid=0 next_prio=120
     kworker/1:3-431   [001] d...   678.374285: sched_switch: prev_comm=kworker/1:3 prev_pid=431 prev_prio=120 prev_state=I ==> next_comm=swapper/1 next_pid=0 next_prio=120
          <idle>-0     [001] dnh.   678.374297: sched_wakeup: comm=Xorg pid=502 prio=120 target_cpu=001
          <idle>-0     [001] d...   678.374304: sched_switch: prev_comm=swapper/1 prev_pid=0 prev_prio=120 prev_state=R ==> next_comm=Xorg next_pid=502 next_prio=120
            Xorg-502   [001] d...   678.374461: sched_wakeup: comm=lxpanel pid=731 prio=120 target_cpu=001
            Xorg-502   [001] d...   678.374758: sched_switch: prev_comm=Xorg prev_pid=502 prev_prio=120 prev_state=S ==> next_comm=lxpanel next_pid=731 next_prio=120
         lxpanel-731   [001] dn..   678.375123: sched_wakeup: comm=Xorg pid=502 prio=120 target_cpu=001
         lxpanel-731   [001] d...   678.375138: sched_switch: prev_comm=lxpanel prev_pid=731 prev_prio=120 prev_state=R ==> next_comm=Xorg next_pid=502 next_prio=120
            Xorg-502   [001] d...   678.375236: sched_switch: prev_comm=Xorg prev_pid=502 prev_prio=120 prev_state=S ==> next_comm=lxpanel next_pid=731 next_prio=120
         lxpanel-731   [001] d...   678.375819: sched_switch: prev_comm=lxpanel prev_pid=731 prev_prio=120 prev_state=S ==> next_comm=swapper/1 next_pid=0 next_prio=120
          <idle>-0     [001] dnh.   678.376949: sched_wakeup: comm=rngd pid=361 prio=120 target_cpu=001
          <idle>-0     [001] d...   678.376964: sched_switch: prev_comm=swapper/1 prev_pid=0 prev_prio=120 prev_state=R ==> next_comm=rngd next_pid=361 next_prio=120
            rngd-361   [001] d...   678.376984: sched_switch: prev_comm=rngd prev_pid=361 prev_prio=120 prev_state=S ==> next_comm=swapper/1 next_pid=0 next_prio=120
          <idle>-0     [001] dnh.   678.389995: sched_wakeup: comm=thd pid=348 prio=120 target_cpu=001
          <idle>-0     [000] dns.   678.389999: sched_wakeup: comm=InputThread pid=576 prio=120 target_cpu=000
          <idle>-0     [001] d...   678.390011: sched_switch: prev_comm=swapper/1 prev_pid=0 prev_prio=120 prev_state=R ==> next_comm=thd next_pid=348 next_prio=120
          <idle>-0     [000] d...   678.390041: sched_switch: prev_comm=swapper/0 prev_pid=0 prev_prio=120 prev_state=R ==> next_comm=InputThread next_pid=576 next_prio=120
             thd-348   [001] d...   678.390103: sched_switch: prev_comm=thd prev_pid=348 prev_prio=120 prev_state=S ==> next_comm=swapper/1 next_pid=0 next_prio=120
          <idle>-0     [001] dnh.   678.390208: sched_wakeup: comm=Xorg pid=502 prio=120 target_cpu=001
          <idle>-0     [001] d...   678.390219: sched_switch: prev_comm=swapper/1 prev_pid=0 prev_prio=120 prev_state=R ==> next_comm=Xorg next_pid=502 next_prio=120
     InputThread-576   [000] d...   678.390222: sched_switch: prev_comm=InputThread prev_pid=576 prev_prio=120 prev_state=S ==> next_comm=swapper/0 next_pid=0 next_prio=120
            Xorg-502   [001] d...   678.390372: sched_wakeup: comm=lxpanel pid=731 prio=120 target_cpu=001
            Xorg-502   [001] d...   678.390647: sched_switch: prev_comm=Xorg prev_pid=502 prev_prio=120 prev_state=S ==> next_comm=lxpanel next_pid=731 next_prio=120
         lxpanel-731   [001] dn..   678.390988: sched_wakeup: comm=Xorg pid=502 prio=120 target_cpu=001
         lxpanel-731   [001] d...   678.391003: sched_switch: prev_comm=lxpanel prev_pid=731 prev_prio=120 prev_state=R ==> next_comm=Xorg next_pid=502 next_prio=120
            Xorg-502   [001] d...   678.391091: sched_switch: prev_comm=Xorg prev_pid=502 prev_prio=120 prev_state=S ==> next_comm=lxpanel next_pid=731 next_prio=120
         lxpanel-731   [001] d...   678.391702: sched_switch: prev_comm=lxpanel prev_pid=731 prev_prio=120 prev_state=S ==> next_comm=swapper/1 next_pid=0 next_prio=120
          <idle>-0     [001] dnh.   678.405988: sched_wakeup: comm=rngd pid=361 prio=120 target_cpu=001
          <idle>-0     [000] dns.   678.406006: sched_wakeup: comm=InputThread pid=576 prio=120 target_cpu=000
          <idle>-0     [001] dnh.   678.406009: sched_wakeup: comm=thd pid=348 prio=120 target_cpu=001
          <idle>-0     [001] d...   678.406016: sched_switch: prev_comm=swapper/1 prev_pid=0 prev_prio=120 prev_state=R ==> next_comm=rngd next_pid=361 next_prio=120
            rngd-361   [001] d...   678.406043: sched_switch: prev_comm=rngd prev_pid=361 prev_prio=120 prev_state=S ==> next_comm=thd next_pid=348 next_prio=120
          <idle>-0     [000] d...   678.406051: sched_switch: prev_comm=swapper/0 prev_pid=0 prev_prio=120 prev_state=R ==> next_comm=InputThread next_pid=576 next_prio=120
             thd-348   [001] d...   678.406213: sched_switch: prev_comm=thd prev_pid=348 prev_prio=120 prev_state=S ==> next_comm=swapper/1 next_pid=0 next_prio=120
          <idle>-0     [001] dnh.   678.406223: sched_wakeup: comm=Xorg pid=502 prio=120 target_cpu=001
     InputThread-576   [000] d...   678.406229: sched_switch: prev_comm=InputThread prev_pid=576 prev_prio=120 prev_state=S ==> next_comm=swapper/0 next_pid=0 next_prio=120
          <idle>-0     [001] d...   678.406231: sched_switch: prev_comm=swapper/1 prev_pid=0 prev_prio=120 prev_state=R ==> next_comm=Xorg next_pid=502 next_prio=120
            Xorg-502   [001] d...   678.406404: sched_wakeup: comm=lxpanel pid=731 prio=120 target_cpu=001
            Xorg-502   [001] d...   678.406444: sched_wakeup: comm=openbox pid=723 prio=120 target_cpu=001
            Xorg-502   [001] d...   678.406815: sched_switch: prev_comm=Xorg prev_pid=502 prev_prio=120 prev_state=S ==> next_comm=openbox next_pid=723 next_prio=120
         openbox-723   [001] d...   678.407049: sched_switch: prev_comm=openbox prev_pid=723 prev_prio=120 prev_state=S ==> next_comm=lxpanel next_pid=731 next_prio=120
         lxpanel-731   [001] dn..   678.410678: sched_wakeup: comm=Xorg pid=502 prio=120 target_cpu=001
         lxpanel-731   [001] d...   678.410713: sched_switch: prev_comm=lxpanel prev_pid=731 prev_prio=120 prev_state=R ==> next_comm=Xorg next_pid=502 next_prio=120
            Xorg-502   [001] d...   678.413152: sched_switch: prev_comm=Xorg prev_pid=502 prev_prio=120 prev_state=S ==> next_comm=lxpanel next_pid=731 next_prio=120
         lxpanel-731   [001] d...   678.413382: sched_switch: prev_comm=lxpanel prev_pid=731 prev_prio=120 prev_state=S ==> next_comm=swapper/1 next_pid=0 next_prio=120
          <idle>-0     [001] dnh.   678.422021: sched_wakeup: comm=thd pid=348 prio=120 target_cpu=001
          <idle>-0     [000] dns.   678.422021: sched_wakeup: comm=InputThread pid=576 prio=120 target_cpu=000
          <idle>-0     [001] d...   678.422040: sched_switch: prev_comm=swapper/1 prev_pid=0 prev_prio=120 prev_state=R ==> next_comm=thd next_pid=348 next_prio=120
          <idle>-0     [000] d...   678.422071: sched_switch: prev_comm=swapper/0 prev_pid=0 prev_prio=120 prev_state=R ==> next_comm=InputThread next_pid=576 next_prio=120
             thd-348   [001] d...   678.422147: sched_switch: prev_comm=thd prev_pid=348 prev_prio=120 prev_state=S ==> next_comm=swapper/1 next_pid=0 next_prio=120
          <idle>-0     [001] dnh.   678.422265: sched_wakeup: comm=Xorg pid=502 prio=120 target_cpu=001
          <idle>-0     [001] d...   678.422276: sched_switch: prev_comm=swapper/1 prev_pid=0 prev_prio=120 prev_state=R ==> next_comm=Xorg next_pid=502 next_prio=120
     InputThread-576   [000] d...   678.422279: sched_switch: prev_comm=InputThread prev_pid=576 prev_prio=120 prev_state=S ==> next_comm=swapper/0 next_pid=0 next_prio=120
            Xorg-502   [001] d...   678.422473: sched_wakeup: comm=openbox pid=723 prio=120 target_cpu=001
            Xorg-502   [001] d...   678.422739: sched_switch: prev_comm=Xorg prev_pid=502 prev_prio=120 prev_state=S ==> next_comm=openbox next_pid=723 next_prio=120
         openbox-723   [001] d...   678.423031: sched_switch: prev_comm=openbox prev_pid=723 prev_prio=120 prev_state=S ==> next_comm=swapper/1 next_pid=0 next_prio=120
          <idle>-0     [001] dnh.   678.437976: sched_wakeup: comm=rngd pid=361 prio=120 target_cpu=001
          <idle>-0     [001] dnh.   678.437987: sched_wakeup: comm=thd pid=348 prio=120 target_cpu=001
          <idle>-0     [000] dns.   678.437990: sched_wakeup: comm=InputThread pid=576 prio=120 target_cpu=000
          <idle>-0     [001] d...   678.438003: sched_switch: prev_comm=swapper/1 prev_pid=0 prev_prio=120 prev_state=R ==> next_comm=rngd next_pid=361 next_prio=120
            rngd-361   [001] d...   678.438026: sched_switch: prev_comm=rngd prev_pid=361 prev_prio=120 prev_state=S ==> next_comm=thd next_pid=348 next_prio=120
          <idle>-0     [000] d...   678.438027: sched_switch: prev_comm=swapper/0 prev_pid=0 prev_prio=120 prev_state=R ==> next_comm=InputThread next_pid=576 next_prio=120
             thd-348   [001] d...   678.438172: sched_switch: prev_comm=thd prev_pid=348 prev_prio=120 prev_state=S ==> next_comm=swapper/1 next_pid=0 next_prio=120
     InputThread-576   [000] d...   678.438173: sched_switch: prev_comm=InputThread prev_pid=576 prev_prio=120 prev_state=S ==> next_comm=swapper/0 next_pid=0 next_prio=120
          <idle>-0     [001] dnh.   678.438183: sched_wakeup: comm=Xorg pid=502 prio=120 target_cpu=001
          <idle>-0     [001] d...   678.438189: sched_switch: prev_comm=swapper/1 prev_pid=0 prev_prio=120 prev_state=R ==> next_comm=Xorg next_pid=502 next_prio=120
            Xorg-502   [001] d...   678.438336: sched_wakeup: comm=openbox pid=723 prio=120 target_cpu=001
            Xorg-502   [001] d...   678.438609: sched_switch: prev_comm=Xorg prev_pid=502 prev_prio=120 prev_state=S ==> next_comm=openbox next_pid=723 next_prio=120
         openbox-723   [001] d...   678.438797: sched_switch: prev_comm=openbox prev_pid=723 prev_prio=120 prev_state=S ==> next_comm=swapper/1 next_pid=0 next_prio=120
          <idle>-0     [001] dnh.   678.450814: sched_wakeup: comm=rngd pid=361 prio=120 target_cpu=001
          <idle>-0     [001] d...   678.450829: sched_switch: prev_comm=swapper/1 prev_pid=0 prev_prio=120 prev_state=R ==> next_comm=rngd next_pid=361 next_prio=120
            rngd-361   [001] d...   678.450848: sched_switch: prev_comm=rngd prev_pid=361 prev_prio=120 prev_state=S ==> next_comm=swapper/1 next_pid=0 next_prio=120
          <idle>-0     [001] dnh.   678.453964: sched_wakeup: comm=rngd pid=361 prio=120 target_cpu=001
          <idle>-0     [000] dns.   678.453978: sched_wakeup: comm=InputThread pid=576 prio=120 target_cpu=000
          <idle>-0     [001] dnh.   678.453981: sched_wakeup: comm=thd pid=348 prio=120 target_cpu=001
          <idle>-0     [001] d...   678.453987: sched_switch: prev_comm=swapper/1 prev_pid=0 prev_prio=120 prev_state=R ==> next_comm=thd next_pid=348 next_prio=120
          <idle>-0     [000] d...   678.454012: sched_switch: prev_comm=swapper/0 prev_pid=0 prev_prio=120 prev_state=R ==> next_comm=InputThread next_pid=576 next_prio=120
             thd-348   [001] d...   678.454067: sched_switch: prev_comm=thd prev_pid=348 prev_prio=120 prev_state=S ==> next_comm=rngd next_pid=361 next_prio=120
            rngd-361   [001] d...   678.454143: sched_switch: prev_comm=rngd prev_pid=361 prev_prio=120 prev_state=S ==> next_comm=swapper/1 next_pid=0 next_prio=120
     InputThread-576   [000] d...   678.454146: sched_switch: prev_comm=InputThread prev_pid=576 prev_prio=120 prev_state=S ==> next_comm=swapper/0 next_pid=0 next_prio=120
          <idle>-0     [001] dnh.   678.454153: sched_wakeup: comm=Xorg pid=502 prio=120 target_cpu=001
          <idle>-0     [001] d...   678.454160: sched_switch: prev_comm=swapper/1 prev_pid=0 prev_prio=120 prev_state=R ==> next_comm=Xorg next_pid=502 next_prio=120
            Xorg-502   [001] d...   678.454290: sched_wakeup: comm=openbox pid=723 prio=120 target_cpu=001
            Xorg-502   [001] d...   678.454328: sched_wakeup: comm=lxterminal pid=847 prio=120 target_cpu=001
            Xorg-502   [001] d...   678.454588: sched_switch: prev_comm=Xorg prev_pid=502 prev_prio=120 prev_state=S ==> next_comm=lxterminal next_pid=847 next_prio=120
      lxterminal-847   [001] dn..   678.455619: sched_wakeup: comm=Xorg pid=502 prio=120 target_cpu=001
      lxterminal-847   [001] d...   678.455639: sched_switch: prev_comm=lxterminal prev_pid=847 prev_prio=120 prev_state=R ==> next_comm=Xorg next_pid=502 next_prio=120
            Xorg-502   [001] d...   678.455739: sched_switch: prev_comm=Xorg prev_pid=502 prev_prio=120 prev_state=S ==> next_comm=openbox next_pid=723 next_prio=120
         openbox-723   [001] d...   678.455863: sched_switch: prev_comm=openbox prev_pid=723 prev_prio=120 prev_state=S ==> next_comm=lxterminal next_pid=847 next_prio=120
      lxterminal-847   [001] d...   678.455992: sched_switch: prev_comm=lxterminal prev_pid=847 prev_prio=120 prev_state=S ==> next_comm=swapper/1 next_pid=0 next_prio=120
          <idle>-0     [001] dnh.   678.469999: sched_wakeup: comm=thd pid=348 prio=120 target_cpu=001
          <idle>-0     [000] dns.   678.470000: sched_wakeup: comm=InputThread pid=576 prio=120 target_cpu=000
          <idle>-0     [001] d...   678.470019: sched_switch: prev_comm=swapper/1 prev_pid=0 prev_prio=120 prev_state=R ==> next_comm=thd next_pid=348 next_prio=120
          <idle>-0     [000] d...   678.470046: sched_switch: prev_comm=swapper/0 prev_pid=0 prev_prio=120 prev_state=R ==> next_comm=InputThread next_pid=576 next_prio=120
             thd-348   [001] d...   678.470111: sched_switch: prev_comm=thd prev_pid=348 prev_prio=120 prev_state=S ==> next_comm=swapper/1 next_pid=0 next_prio=120
          <idle>-0     [001] dnh.   678.470213: sched_wakeup: comm=Xorg pid=502 prio=120 target_cpu=001
          <idle>-0     [001] d...   678.470224: sched_switch: prev_comm=swapper/1 prev_pid=0 prev_prio=120 prev_state=R ==> next_comm=Xorg next_pid=502 next_prio=120
     InputThread-576   [000] d...   678.470229: sched_switch: prev_comm=InputThread prev_pid=576 prev_prio=120 prev_state=S ==> next_comm=swapper/0 next_pid=0 next_prio=120
