# tracer: function
#
# entries-in-buffer/entries-written: 26696/26696   #P:4
#
#                              _-----=> irqs-off
#                             / _----=> need-resched
#                            | / _---=> hardirq/softirq
#                            || / _--=> preempt-depth
#                            ||| /     delay
#           TASK-PID   CPU#  ||||    TIMESTAMP  FUNCTION
#              | |       |   ||||       |         |
            bash-946   [003] ....   676.984916: copy_process.part.5+0x14/0x1acc <-_do_fork+0xc0/0x41c
            bash-946   [003] ....   676.984929: <stack trace>
 => copy_process.part.5+0x18/0x1acc
 => _do_fork+0xc0/0x41c
 => sys_clone+0x30/0x38
 => ret_fast_syscall+0x0/0x28
 => 0x7ef11270
         lxpanel-731   [000] d...   676.984974: sched_switch: prev_comm=lxpanel prev_pid=731 prev_prio=120 prev_state=S ==> next_comm=Xorg next_pid=502 next_prio=120
            Xorg-502   [000] dn..   676.985022: sched_wakeup: comm=openbox pid=723 prio=120 target_cpu=000
            Xorg-502   [000] d...   676.985034: sched_switch: prev_comm=Xorg prev_pid=502 prev_prio=120 prev_state=R ==> next_comm=openbox next_pid=723 next_prio=120
         openbox-723   [000] d...   676.985184: sched_switch: prev_comm=openbox prev_pid=723 prev_prio=120 prev_state=S ==> next_comm=Xorg next_pid=502 next_prio=120
            Xorg-502   [000] dn..   676.985272: sched_wakeup: comm=openbox pid=723 prio=120 target_cpu=000
            Xorg-502   [000] d...   676.985283: sched_switch: prev_comm=Xorg prev_pid=502 prev_prio=120 prev_state=R ==> next_comm=openbox next_pid=723 next_prio=120
         openbox-723   [000] d...   676.985372: sched_switch: prev_comm=openbox prev_pid=723 prev_prio=120 prev_state=S ==> next_comm=Xorg next_pid=502 next_prio=120
            bash-946   [003] ....   676.985385: sched_process_fork: comm=bash pid=946 child_comm=bash child_pid=1360
            Xorg-502   [000] dn..   676.985422: sched_wakeup: comm=openbox pid=723 prio=120 target_cpu=000
          <idle>-0     [001] d...   676.985429: sched_switch: prev_comm=swapper/1 prev_pid=0 prev_prio=120 prev_state=R ==> next_comm=bash next_pid=1360 next_prio=120
            Xorg-502   [000] d...   676.985434: sched_switch: prev_comm=Xorg prev_pid=502 prev_prio=120 prev_state=R ==> next_comm=openbox next_pid=723 next_prio=120
         openbox-723   [000] d...   676.985473: sched_switch: prev_comm=openbox prev_pid=723 prev_prio=120 prev_state=S ==> next_comm=Xorg next_pid=502 next_prio=120
            Xorg-502   [000] dn..   676.985504: sched_wakeup: comm=openbox pid=723 prio=120 target_cpu=000
            Xorg-502   [000] d...   676.985520: sched_switch: prev_comm=Xorg prev_pid=502 prev_prio=120 prev_state=R ==> next_comm=openbox next_pid=723 next_prio=120
         openbox-723   [000] d...   676.985626: sched_switch: prev_comm=openbox prev_pid=723 prev_prio=120 prev_state=S ==> next_comm=Xorg next_pid=502 next_prio=120
            Xorg-502   [000] d...   676.985770: sched_switch: prev_comm=Xorg prev_pid=502 prev_prio=120 prev_state=S ==> next_comm=swapper/0 next_pid=0 next_prio=120
            bash-946   [003] d...   676.985790: sched_switch: prev_comm=bash prev_pid=946 prev_prio=120 prev_state=S ==> next_comm=swapper/3 next_pid=0 next_prio=120
          <idle>-0     [002] dnh.   676.989652: sched_wakeup: comm=kworker/u8:0 pid=7 prio=120 target_cpu=002
          <idle>-0     [002] d...   676.989691: sched_switch: prev_comm=swapper/2 prev_pid=0 prev_prio=120 prev_state=R ==> next_comm=kworker/u8:0 next_pid=7 next_prio=120
   raspbian_proc-1360  [001] d.h.   676.989734: sched_wakeup: comm=lxterminal pid=847 prio=120 target_cpu=001
   raspbian_proc-1360  [001] d...   676.989763: sched_switch: prev_comm=raspbian_proc prev_pid=1360 prev_prio=120 prev_state=S ==> next_comm=lxterminal next_pid=847 next_prio=120
    kworker/u8:0-7     [002] d...   676.989890: sched_switch: prev_comm=kworker/u8:0 prev_pid=7 prev_prio=120 prev_state=I ==> next_comm=swapper/2 next_pid=0 next_prio=120
      lxterminal-847   [001] d...   676.989961: sched_switch: prev_comm=lxterminal prev_pid=847 prev_prio=120 prev_state=S ==> next_comm=swapper/1 next_pid=0 next_prio=120
          <idle>-0     [000] dnh.   676.993439: sched_wakeup: comm=rcu_sched pid=10 prio=120 target_cpu=000
          <idle>-0     [000] d...   676.993458: sched_switch: prev_comm=swapper/0 prev_pid=0 prev_prio=120 prev_state=R ==> next_comm=rcu_sched next_pid=10 next_prio=120
       rcu_sched-10    [000] d...   676.993483: sched_switch: prev_comm=rcu_sched prev_pid=10 prev_prio=120 prev_state=I ==> next_comm=swapper/0 next_pid=0 next_prio=120
          <idle>-0     [001] dnh.   676.994994: sched_wakeup: comm=lxterminal pid=847 prio=120 target_cpu=001
          <idle>-0     [001] d...   676.995005: sched_switch: prev_comm=swapper/1 prev_pid=0 prev_prio=120 prev_state=R ==> next_comm=lxterminal next_pid=847 next_prio=120
          <idle>-0     [000] dnh.   676.997118: sched_wakeup: comm=Xorg pid=502 prio=120 target_cpu=000
          <idle>-0     [000] d...   676.997134: sched_switch: prev_comm=swapper/0 prev_pid=0 prev_prio=120 prev_state=R ==> next_comm=Xorg next_pid=502 next_prio=120
      lxterminal-847   [001] d...   676.997206: sched_switch: prev_comm=lxterminal prev_pid=847 prev_prio=120 prev_state=S ==> next_comm=swapper/1 next_pid=0 next_prio=120
            Xorg-502   [000] d...   676.998183: sched_switch: prev_comm=Xorg prev_pid=502 prev_prio=120 prev_state=S ==> next_comm=swapper/0 next_pid=0 next_prio=120
          <idle>-0     [001] dnh.   677.011220: sched_wakeup: comm=lxterminal pid=847 prio=120 target_cpu=001
          <idle>-0     [001] d...   677.011233: sched_switch: prev_comm=swapper/1 prev_pid=0 prev_prio=120 prev_state=R ==> next_comm=lxterminal next_pid=847 next_prio=120
          <idle>-0     [000] dnh.   677.013254: sched_wakeup: comm=Xorg pid=502 prio=120 target_cpu=000
          <idle>-0     [000] d...   677.013268: sched_switch: prev_comm=swapper/0 prev_pid=0 prev_prio=120 prev_state=R ==> next_comm=Xorg next_pid=502 next_prio=120
            Xorg-502   [000] dns.   677.013326: sched_wakeup: comm=rcu_sched pid=10 prio=120 target_cpu=000
            Xorg-502   [000] d...   677.013382: sched_switch: prev_comm=Xorg prev_pid=502 prev_prio=120 prev_state=R ==> next_comm=rcu_sched next_pid=10 next_prio=120
       rcu_sched-10    [000] d...   677.013420: sched_switch: prev_comm=rcu_sched prev_pid=10 prev_prio=120 prev_state=I ==> next_comm=Xorg next_pid=502 next_prio=120
      lxterminal-847   [001] d...   677.013602: sched_switch: prev_comm=lxterminal prev_pid=847 prev_prio=120 prev_state=S ==> next_comm=swapper/1 next_pid=0 next_prio=120
          <idle>-0     [001] dnh.   677.014738: sched_wakeup: comm=rngd pid=361 prio=120 target_cpu=001
          <idle>-0     [001] d...   677.014762: sched_switch: prev_comm=swapper/1 prev_pid=0 prev_prio=120 prev_state=R ==> next_comm=rngd next_pid=361 next_prio=120
            rngd-361   [001] d...   677.014813: sched_switch: prev_comm=rngd prev_pid=361 prev_prio=120 prev_state=S ==> next_comm=swapper/1 next_pid=0 next_prio=120
            Xorg-502   [000] d.h.   677.018469: signal_generate: sig=14 errno=0 code=128 comm=Xorg pid=502 grp=1 res=0
            Xorg-502   [000] d...   677.018511: signal_deliver: sig=14 errno=0 code=128 sa_handler=1b07f8 sa_flags=14000000
            Xorg-502   [000] d.h.   677.023463: signal_generate: sig=14 errno=0 code=128 comm=Xorg pid=502 grp=1 res=0
            Xorg-502   [000] d...   677.023497: signal_deliver: sig=14 errno=0 code=128 sa_handler=1b07f8 sa_flags=14000000
            Xorg-502   [000] d.h.   677.028464: signal_generate: sig=14 errno=0 code=128 comm=Xorg pid=502 grp=1 res=0
            Xorg-502   [000] d...   677.028498: signal_deliver: sig=14 errno=0 code=128 sa_handler=1b07f8 sa_flags=14000000
            Xorg-502   [000] dns.   677.033399: sched_wakeup: comm=rcu_sched pid=10 prio=120 target_cpu=000
            Xorg-502   [000] dns.   677.033424: sched_wakeup: comm=kworker/0:1 pid=31 prio=120 target_cpu=000
            Xorg-502   [000] d...   677.033447: sched_switch: prev_comm=Xorg prev_pid=502 prev_prio=120 prev_state=R ==> next_comm=rcu_sched next_pid=10 next_prio=120
       rcu_sched-10    [000] d.h.   677.033477: signal_generate: sig=14 errno=0 code=128 comm=Xorg pid=502 grp=1 res=0
       rcu_sched-10    [000] d...   677.033515: sched_switch: prev_comm=rcu_sched prev_pid=10 prev_prio=120 prev_state=I ==> next_comm=kworker/0:1 next_pid=31 next_prio=120
          <idle>-0     [001] dnh.   677.033550: sched_wakeup: comm=kworker/1:3 pid=431 prio=120 target_cpu=001
     kworker/0:1-31    [000] d...   677.033566: sched_switch: prev_comm=kworker/0:1 prev_pid=31 prev_prio=120 prev_state=I ==> next_comm=Xorg next_pid=502 next_prio=120
          <idle>-0     [001] d...   677.033572: sched_switch: prev_comm=swapper/1 prev_pid=0 prev_prio=120 prev_state=R ==> next_comm=kworker/1:3 next_pid=431 next_prio=120
            Xorg-502   [000] d...   677.033585: signal_deliver: sig=14 errno=0 code=128 sa_handler=1b07f8 sa_flags=14000000
     kworker/1:3-431   [001] d...   677.033857: sched_switch: prev_comm=kworker/1:3 prev_pid=431 prev_prio=120 prev_state=I ==> next_comm=swapper/1 next_pid=0 next_prio=120
            Xorg-502   [000] d...   677.035374: sched_switch: prev_comm=Xorg prev_pid=502 prev_prio=120 prev_state=S ==> next_comm=swapper/0 next_pid=0 next_prio=120
          <idle>-0     [001] dnh.   677.043496: sched_wakeup: comm=lxterminal pid=847 prio=120 target_cpu=001
          <idle>-0     [001] d...   677.043517: sched_switch: prev_comm=swapper/1 prev_pid=0 prev_prio=120 prev_state=R ==> next_comm=lxterminal next_pid=847 next_prio=120
      lxterminal-847   [001] d...   677.043701: sched_switch: prev_comm=lxterminal prev_pid=847 prev_prio=120 prev_state=S ==> next_comm=swapper/1 next_pid=0 next_prio=120
          <idle>-0     [001] dnh.   677.088703: sched_wakeup: comm=rngd pid=361 prio=120 target_cpu=001
          <idle>-0     [001] dnh.   677.088716: sched_wakeup: comm=kworker/1:3 pid=431 prio=120 target_cpu=001
          <idle>-0     [001] d...   677.088733: sched_switch: prev_comm=swapper/1 prev_pid=0 prev_prio=120 prev_state=R ==> next_comm=rngd next_pid=361 next_prio=120
            rngd-361   [001] d...   677.088753: sched_switch: prev_comm=rngd prev_pid=361 prev_prio=120 prev_state=S ==> next_comm=kworker/1:3 next_pid=431 next_prio=120
     kworker/1:3-431   [001] d...   677.088993: sched_switch: prev_comm=kworker/1:3 prev_pid=431 prev_prio=120 prev_state=I ==> next_comm=swapper/1 next_pid=0 next_prio=120
          <idle>-0     [001] dnh.   677.094981: sched_wakeup: comm=rngd pid=361 prio=120 target_cpu=001
          <idle>-0     [000] dns.   677.094994: sched_wakeup: comm=kworker/0:1 pid=31 prio=120 target_cpu=000
          <idle>-0     [001] d...   677.094994: sched_switch: prev_comm=swapper/1 prev_pid=0 prev_prio=120 prev_state=R ==> next_comm=rngd next_pid=361 next_prio=120
            rngd-361   [001] d...   677.095008: sched_switch: prev_comm=rngd prev_pid=361 prev_prio=120 prev_state=S ==> next_comm=swapper/1 next_pid=0 next_prio=120
          <idle>-0     [000] dns.   677.095024: sched_wakeup: comm=InputThread pid=576 prio=120 target_cpu=000
          <idle>-0     [001] dnh.   677.095028: sched_wakeup: comm=thd pid=348 prio=120 target_cpu=001
          <idle>-0     [001] d...   677.095041: sched_switch: prev_comm=swapper/1 prev_pid=0 prev_prio=120 prev_state=R ==> next_comm=thd next_pid=348 next_prio=120
          <idle>-0     [000] dns.   677.095062: sched_wakeup: comm=ksoftirqd/0 pid=9 prio=120 target_cpu=000
          <idle>-0     [000] d...   677.095078: sched_switch: prev_comm=swapper/0 prev_pid=0 prev_prio=120 prev_state=R ==> next_comm=kworker/0:1 next_pid=31 next_prio=120
     kworker/0:1-31    [000] d...   677.095102: sched_switch: prev_comm=kworker/0:1 prev_pid=31 prev_prio=120 prev_state=I ==> next_comm=ksoftirqd/0 next_pid=9 next_prio=120
     ksoftirqd/0-9     [000] d...   677.095118: sched_switch: prev_comm=ksoftirqd/0 prev_pid=9 prev_prio=120 prev_state=S ==> next_comm=InputThread next_pid=576 next_prio=120
             thd-348   [001] d...   677.095227: sched_switch: prev_comm=thd prev_pid=348 prev_prio=120 prev_state=S ==> next_comm=swapper/1 next_pid=0 next_prio=120
     InputThread-576   [000] d...   677.095244: sched_wakeup: comm=Xorg pid=502 prio=120 target_cpu=000
     InputThread-576   [000] d...   677.095273: sched_switch: prev_comm=InputThread prev_pid=576 prev_prio=120 prev_state=S ==> next_comm=Xorg next_pid=502 next_prio=120
          <idle>-0     [001] dnh.   677.095446: sched_wakeup: comm=lxterminal pid=847 prio=120 target_cpu=001
          <idle>-0     [001] d...   677.095458: sched_switch: prev_comm=swapper/1 prev_pid=0 prev_prio=120 prev_state=R ==> next_comm=lxterminal next_pid=847 next_prio=120
            Xorg-502   [000] d...   677.095504: sched_switch: prev_comm=Xorg prev_pid=502 prev_prio=120 prev_state=S ==> next_comm=swapper/0 next_pid=0 next_prio=120
      lxterminal-847   [001] d...   677.095955: sched_switch: prev_comm=lxterminal prev_pid=847 prev_prio=120 prev_state=S ==> next_comm=swapper/1 next_pid=0 next_prio=120
          <idle>-0     [001] dnh.   677.160693: sched_wakeup: comm=rngd pid=361 prio=120 target_cpu=001
          <idle>-0     [001] d...   677.160710: sched_switch: prev_comm=swapper/1 prev_pid=0 prev_prio=120 prev_state=R ==> next_comm=rngd next_pid=361 next_prio=120
            rngd-361   [001] d...   677.160792: sched_switch: prev_comm=rngd prev_pid=361 prev_prio=120 prev_state=S ==> next_comm=swapper/1 next_pid=0 next_prio=120
          <idle>-0     [001] dnh.   677.232692: sched_wakeup: comm=rngd pid=361 prio=120 target_cpu=001
          <idle>-0     [001] dnh.   677.232707: sched_wakeup: comm=kworker/1:3 pid=431 prio=120 target_cpu=001
          <idle>-0     [001] d...   677.232721: sched_switch: prev_comm=swapper/1 prev_pid=0 prev_prio=120 prev_state=R ==> next_comm=kworker/1:3 next_pid=431 next_prio=120
     kworker/1:3-431   [001] d...   677.232750: sched_switch: prev_comm=kworker/1:3 prev_pid=431 prev_prio=120 prev_state=I ==> next_comm=rngd next_pid=361 next_prio=120
            rngd-361   [001] d...   677.232830: sched_switch: prev_comm=rngd prev_pid=361 prev_prio=120 prev_state=S ==> next_comm=swapper/1 next_pid=0 next_prio=120
          <idle>-0     [001] dnh.   677.304691: sched_wakeup: comm=rngd pid=361 prio=120 target_cpu=001
          <idle>-0     [001] d...   677.304704: sched_switch: prev_comm=swapper/1 prev_pid=0 prev_prio=120 prev_state=R ==> next_comm=rngd next_pid=361 next_prio=120
            rngd-361   [001] d...   677.304742: sched_switch: prev_comm=rngd prev_pid=361 prev_prio=120 prev_state=S ==> next_comm=swapper/1 next_pid=0 next_prio=120
          <idle>-0     [000] dnh.   677.341319: sched_wakeup: comm=lxpanel pid=731 prio=120 target_cpu=000
          <idle>-0     [000] dnh.   677.341336: sched_wakeup: comm=kworker/0:1 pid=31 prio=120 target_cpu=000
          <idle>-0     [000] d...   677.341353: sched_switch: prev_comm=swapper/0 prev_pid=0 prev_prio=120 prev_state=R ==> next_comm=lxpanel next_pid=731 next_prio=120
         lxpanel-731   [000] d...   677.341486: sched_switch: prev_comm=lxpanel prev_pid=731 prev_prio=120 prev_state=S ==> next_comm=kworker/0:1 next_pid=31 next_prio=120
     kworker/0:1-31    [000] d...   677.341562: sched_switch: prev_comm=kworker/0:1 prev_pid=31 prev_prio=120 prev_state=I ==> next_comm=swapper/0 next_pid=0 next_prio=120
          <idle>-0     [001] dnh.   677.378685: sched_wakeup: comm=rngd pid=361 prio=120 target_cpu=001
          <idle>-0     [001] d...   677.378698: sched_switch: prev_comm=swapper/1 prev_pid=0 prev_prio=120 prev_state=R ==> next_comm=rngd next_pid=361 next_prio=120
            rngd-361   [001] d...   677.378734: sched_switch: prev_comm=rngd prev_pid=361 prev_prio=120 prev_state=S ==> next_comm=swapper/1 next_pid=0 next_prio=120
          <idle>-0     [001] dnh.   677.446523: sched_wakeup: comm=TaskSchedulerFo pid=1221 prio=120 target_cpu=001
          <idle>-0     [001] dnh.   677.446535: sched_wakeup: comm=kworker/1:3 pid=431 prio=120 target_cpu=001
          <idle>-0     [001] d...   677.446550: sched_switch: prev_comm=swapper/1 prev_pid=0 prev_prio=120 prev_state=R ==> next_comm=kworker/1:3 next_pid=431 next_prio=120
     kworker/1:3-431   [001] d...   677.446570: sched_switch: prev_comm=kworker/1:3 prev_pid=431 prev_prio=120 prev_state=I ==> next_comm=TaskSchedulerFo next_pid=1221 next_prio=120
          <idle>-0     [002] dnh.   677.446713: sched_wakeup: comm=TaskSchedulerFo pid=1349 prio=120 target_cpu=002
 TaskSchedulerFo-1221  [001] d...   677.446728: sched_switch: prev_comm=TaskSchedulerFo prev_pid=1221 prev_prio=120 prev_state=S ==> next_comm=swapper/1 next_pid=0 next_prio=120
          <idle>-0     [002] d...   677.446734: sched_switch: prev_comm=swapper/2 prev_pid=0 prev_prio=120 prev_state=R ==> next_comm=TaskSchedulerFo next_pid=1349 next_prio=120
 TaskSchedulerFo-1349  [002] ....   677.446876: do_exit+0x14/0xbe0 <-do_group_exit+0x0/0xe8
 TaskSchedulerFo-1349  [002] ....   677.446905: <stack trace>
 => do_exit+0x18/0xbe0
 => do_group_exit+0x0/0xe8
 TaskSchedulerFo-1349  [002] ....   677.446944: sched_process_exit: comm=TaskSchedulerFo pid=1349 prio=120
 TaskSchedulerFo-1349  [002] d...   677.447052: sched_switch: prev_comm=TaskSchedulerFo prev_pid=1349 prev_prio=120 prev_state=X ==> next_comm=swapper/2 next_pid=0 next_prio=120
          <idle>-0     [001] dnh.   677.450686: sched_wakeup: comm=rngd pid=361 prio=120 target_cpu=001
          <idle>-0     [001] d...   677.450698: sched_switch: prev_comm=swapper/1 prev_pid=0 prev_prio=120 prev_state=R ==> next_comm=rngd next_pid=361 next_prio=120
            rngd-361   [001] d...   677.450712: sched_switch: prev_comm=rngd prev_pid=361 prev_prio=120 prev_state=S ==> next_comm=swapper/1 next_pid=0 next_prio=120
          <idle>-0     [000] dnh.   677.453403: sched_wakeup: comm=rcu_sched pid=10 prio=120 target_cpu=000
          <idle>-0     [000] d...   677.453419: sched_switch: prev_comm=swapper/0 prev_pid=0 prev_prio=120 prev_state=R ==> next_comm=rcu_sched next_pid=10 next_prio=120
       rcu_sched-10    [000] d...   677.453441: sched_switch: prev_comm=rcu_sched prev_pid=10 prev_prio=120 prev_state=I ==> next_comm=swapper/0 next_pid=0 next_prio=120
          <idle>-0     [000] dns.   677.473315: sched_wakeup: comm=rcu_sched pid=10 prio=120 target_cpu=000
          <idle>-0     [000] d...   677.473371: sched_switch: prev_comm=swapper/0 prev_pid=0 prev_prio=120 prev_state=R ==> next_comm=rcu_sched next_pid=10 next_prio=120
       rcu_sched-10    [000] d...   677.473396: sched_switch: prev_comm=rcu_sched prev_pid=10 prev_prio=120 prev_state=I ==> next_comm=swapper/0 next_pid=0 next_prio=120
          <idle>-0     [000] dnh.   677.483867: sched_wakeup: comm=Xorg pid=502 prio=120 target_cpu=000
          <idle>-0     [000] d...   677.483884: sched_switch: prev_comm=swapper/0 prev_pid=0 prev_prio=120 prev_state=R ==> next_comm=Xorg next_pid=502 next_prio=120
            Xorg-502   [000] d...   677.483980: sched_switch: prev_comm=Xorg prev_pid=502 prev_prio=120 prev_state=S ==> next_comm=swapper/0 next_pid=0 next_prio=120
          <idle>-0     [000] dns.   677.493317: sched_wakeup: comm=rcu_sched pid=10 prio=120 target_cpu=000
          <idle>-0     [000] d...   677.493356: sched_switch: prev_comm=swapper/0 prev_pid=0 prev_prio=120 prev_state=R ==> next_comm=rcu_sched next_pid=10 next_prio=120
       rcu_sched-10    [000] d...   677.493373: sched_switch: prev_comm=rcu_sched prev_pid=10 prev_prio=120 prev_state=I ==> next_comm=swapper/0 next_pid=0 next_prio=120
          <idle>-0     [001] dnh.   677.522685: sched_wakeup: comm=rngd pid=361 prio=120 target_cpu=001
          <idle>-0     [001] d...   677.522698: sched_switch: prev_comm=swapper/1 prev_pid=0 prev_prio=120 prev_state=R ==> next_comm=rngd next_pid=361 next_prio=120
            rngd-361   [001] d...   677.522712: sched_switch: prev_comm=rngd prev_pid=361 prev_prio=120 prev_state=S ==> next_comm=swapper/1 next_pid=0 next_prio=120
          <idle>-0     [003] dnh.   677.558830: sched_wakeup: comm=chromium-browse pid=857 prio=120 target_cpu=003
          <idle>-0     [003] dnh.   677.558850: sched_wakeup: comm=kworker/3:0 pid=1326 prio=120 target_cpu=003
          <idle>-0     [003] d...   677.558867: sched_switch: prev_comm=swapper/3 prev_pid=0 prev_prio=120 prev_state=R ==> next_comm=kworker/3:0 next_pid=1326 next_prio=120
     kworker/3:0-1326  [003] d...   677.558890: sched_switch: prev_comm=kworker/3:0 prev_pid=1326 prev_prio=120 prev_state=I ==> next_comm=chromium-browse next_pid=857 next_prio=120
 chromium-browse-857   [003] d...   677.559296: sched_switch: prev_comm=chromium-browse prev_pid=857 prev_prio=120 prev_state=S ==> next_comm=swapper/3 next_pid=0 next_prio=120
          <idle>-0     [000] dnh.   677.572093: sched_wakeup: comm=pool pid=1356 prio=120 target_cpu=000
          <idle>-0     [000] d...   677.572111: sched_switch: prev_comm=swapper/0 prev_pid=0 prev_prio=120 prev_state=R ==> next_comm=pool next_pid=1356 next_prio=120
            pool-1356  [000] ....   677.572266: do_exit+0x14/0xbe0 <-do_group_exit+0x0/0xe8
            pool-1356  [000] ....   677.572290: <stack trace>
 => do_exit+0x18/0xbe0
 => do_group_exit+0x0/0xe8
            pool-1356  [000] ....   677.572317: sched_process_exit: comm=pool pid=1356 prio=120
            pool-1356  [000] d...   677.572410: sched_switch: prev_comm=pool prev_pid=1356 prev_prio=120 prev_state=X ==> next_comm=swapper/0 next_pid=0 next_prio=120
          <idle>-0     [000] dns.   677.573347: sched_wakeup: comm=rcu_sched pid=10 prio=120 target_cpu=000
          <idle>-0     [000] d...   677.573358: sched_switch: prev_comm=swapper/0 prev_pid=0 prev_prio=120 prev_state=R ==> next_comm=rcu_sched next_pid=10 next_prio=120
       rcu_sched-10    [000] d...   677.573373: sched_switch: prev_comm=rcu_sched prev_pid=10 prev_prio=120 prev_state=I ==> next_comm=swapper/0 next_pid=0 next_prio=120
          <idle>-0     [000] dns.   677.593319: sched_wakeup: comm=kworker/0:1H pid=73 prio=100 target_cpu=000
          <idle>-0     [002] dns.   677.593320: sched_wakeup: comm=kworker/2:0 pid=1280 prio=120 target_cpu=002
          <idle>-0     [000] dns.   677.593327: sched_wakeup: comm=rcu_sched pid=10 prio=120 target_cpu=000
          <idle>-0     [000] dns.   677.593339: sched_wakeup: comm=kworker/0:1 pid=31 prio=120 target_cpu=000
          <idle>-0     [002] d...   677.593370: sched_switch: prev_comm=swapper/2 prev_pid=0 prev_prio=120 prev_state=R ==> next_comm=kworker/2:0 next_pid=1280 next_prio=120
          <idle>-0     [000] d...   677.593373: sched_switch: prev_comm=swapper/0 prev_pid=0 prev_prio=120 prev_state=R ==> next_comm=kworker/0:1H next_pid=73 next_prio=100
    kworker/0:1H-73    [000] d...   677.593398: sched_switch: prev_comm=kworker/0:1H prev_pid=73 prev_prio=100 prev_state=I ==> next_comm=kworker/0:1 next_pid=31 next_prio=120
     kworker/2:0-1280  [002] d...   677.593421: sched_wakeup: comm=ksoftirqd/2 pid=21 prio=120 target_cpu=002
     kworker/0:1-31    [000] d...   677.593430: sched_switch: prev_comm=kworker/0:1 prev_pid=31 prev_prio=120 prev_state=I ==> next_comm=rcu_sched next_pid=10 next_prio=120
     kworker/2:0-1280  [002] d...   677.593440: sched_wakeup: comm=kworker/2:2 pid=63 prio=120 target_cpu=002
     kworker/2:0-1280  [002] d...   677.593445: sched_switch: prev_comm=kworker/2:0 prev_pid=1280 prev_prio=120 prev_state=D ==> next_comm=ksoftirqd/2 next_pid=21 next_prio=120
     ksoftirqd/2-21    [002] d.s.   677.593467: sched_wakeup: comm=kworker/2:0 pid=1280 prio=120 target_cpu=002
     ksoftirqd/2-21    [002] d...   677.593478: sched_switch: prev_comm=ksoftirqd/2 prev_pid=21 prev_prio=120 prev_state=S ==> next_comm=kworker/2:2 next_pid=63 next_prio=120
       rcu_sched-10    [000] d...   677.593485: sched_switch: prev_comm=rcu_sched prev_pid=10 prev_prio=120 prev_state=I ==> next_comm=swapper/0 next_pid=0 next_prio=120
     kworker/2:2-63    [002] d...   677.593490: sched_switch: prev_comm=kworker/2:2 prev_pid=63 prev_prio=120 prev_state=I ==> next_comm=kworker/2:0 next_pid=1280 next_prio=120
     kworker/2:0-1280  [002] d...   677.593535: sched_switch: prev_comm=kworker/2:0 prev_pid=1280 prev_prio=120 prev_state=I ==> next_comm=swapper/2 next_pid=0 next_prio=120
          <idle>-0     [001] dnh.   677.594688: sched_wakeup: comm=rngd pid=361 prio=120 target_cpu=001
          <idle>-0     [001] d...   677.594700: sched_switch: prev_comm=swapper/1 prev_pid=0 prev_prio=120 prev_state=R ==> next_comm=rngd next_pid=361 next_prio=120
            rngd-361   [001] d...   677.594713: sched_switch: prev_comm=rngd prev_pid=361 prev_prio=120 prev_state=S ==> next_comm=swapper/1 next_pid=0 next_prio=120
          <idle>-0     [000] dns.   677.613314: sched_wakeup: comm=rcu_sched pid=10 prio=120 target_cpu=000
          <idle>-0     [000] d...   677.613347: sched_switch: prev_comm=swapper/0 prev_pid=0 prev_prio=120 prev_state=R ==> next_comm=rcu_sched next_pid=10 next_prio=120
       rcu_sched-10    [000] d...   677.613367: sched_switch: prev_comm=rcu_sched prev_pid=10 prev_prio=120 prev_state=I ==> next_comm=swapper/0 next_pid=0 next_prio=120
          <idle>-0     [000] dns.   677.633315: sched_wakeup: comm=rcu_sched pid=10 prio=120 target_cpu=000
          <idle>-0     [000] d...   677.633348: sched_switch: prev_comm=swapper/0 prev_pid=0 prev_prio=120 prev_state=R ==> next_comm=rcu_sched next_pid=10 next_prio=120
       rcu_sched-10    [000] d...   677.633441: sched_switch: prev_comm=rcu_sched prev_pid=10 prev_prio=120 prev_state=I ==> next_comm=swapper/0 next_pid=0 next_prio=120
          <idle>-0     [001] dnh.   677.669692: sched_wakeup: comm=rngd pid=361 prio=120 target_cpu=001
          <idle>-0     [001] dnh.   677.669704: sched_wakeup: comm=kworker/1:3 pid=431 prio=120 target_cpu=001
          <idle>-0     [001] d...   677.669716: sched_switch: prev_comm=swapper/1 prev_pid=0 prev_prio=120 prev_state=R ==> next_comm=kworker/1:3 next_pid=431 next_prio=120
     kworker/1:3-431   [001] d...   677.669739: sched_switch: prev_comm=kworker/1:3 prev_pid=431 prev_prio=120 prev_state=I ==> next_comm=rngd next_pid=361 next_prio=120
            rngd-361   [001] d...   677.669853: sched_switch: prev_comm=rngd prev_pid=361 prev_prio=120 prev_state=S ==> next_comm=swapper/1 next_pid=0 next_prio=120
          <idle>-0     [001] dnh.   677.738685: sched_wakeup: comm=rngd pid=361 prio=120 target_cpu=001
          <idle>-0     [001] d...   677.738698: sched_switch: prev_comm=swapper/1 prev_pid=0 prev_prio=120 prev_state=R ==> next_comm=rngd next_pid=361 next_prio=120
            rngd-361   [001] d...   677.738757: sched_switch: prev_comm=rngd prev_pid=361 prev_prio=120 prev_state=S ==> next_comm=swapper/1 next_pid=0 next_prio=120
          <idle>-0     [001] dnh.   677.813691: sched_wakeup: comm=rngd pid=361 prio=120 target_cpu=001
          <idle>-0     [001] dnh.   677.813702: sched_wakeup: comm=kworker/1:3 pid=431 prio=120 target_cpu=001
          <idle>-0     [001] d...   677.813714: sched_switch: prev_comm=swapper/1 prev_pid=0 prev_prio=120 prev_state=R ==> next_comm=kworker/1:3 next_pid=431 next_prio=120
     kworker/1:3-431   [001] d...   677.813732: sched_switch: prev_comm=kworker/1:3 prev_pid=431 prev_prio=120 prev_state=I ==> next_comm=rngd next_pid=361 next_prio=120
            rngd-361   [001] d...   677.813798: sched_switch: prev_comm=rngd prev_pid=361 prev_prio=120 prev_state=S ==> next_comm=swapper/1 next_pid=0 next_prio=120
          <idle>-0     [001] dnh.   677.886690: sched_wakeup: comm=rngd pid=361 prio=120 target_cpu=001
          <idle>-0     [001] d...   677.886703: sched_switch: prev_comm=swapper/1 prev_pid=0 prev_prio=120 prev_state=R ==> next_comm=rngd next_pid=361 next_prio=120
            rngd-361   [001] d...   677.886740: sched_switch: prev_comm=rngd prev_pid=361 prev_prio=120 prev_state=S ==> next_comm=swapper/1 next_pid=0 next_prio=120
          <idle>-0     [000] dnh.   677.942080: sched_wakeup: comm=lxpanel pid=731 prio=120 target_cpu=000
          <idle>-0     [000] dnh.   677.942094: sched_wakeup: comm=kworker/0:1 pid=31 prio=120 target_cpu=000
          <idle>-0     [000] d...   677.942109: sched_switch: prev_comm=swapper/0 prev_pid=0 prev_prio=120 prev_state=R ==> next_comm=kworker/0:1 next_pid=31 next_prio=120
     kworker/0:1-31    [000] d...   677.942129: sched_switch: prev_comm=kworker/0:1 prev_pid=31 prev_prio=120 prev_state=I ==> next_comm=lxpanel next_pid=731 next_prio=120
         lxpanel-731   [000] d...   677.942303: sched_switch: prev_comm=lxpanel prev_pid=731 prev_prio=120 prev_state=S ==> next_comm=swapper/0 next_pid=0 next_prio=120
          <idle>-0     [001] dnh.   677.958690: sched_wakeup: comm=rngd pid=361 prio=120 target_cpu=001
          <idle>-0     [001] d...   677.958702: sched_switch: prev_comm=swapper/1 prev_pid=0 prev_prio=120 prev_state=R ==> next_comm=rngd next_pid=361 next_prio=120
            rngd-361   [001] d...   677.958738: sched_switch: prev_comm=rngd prev_pid=361 prev_prio=120 prev_state=S ==> next_comm=swapper/1 next_pid=0 next_prio=120
          <idle>-0     [002] dns.   677.993317: sched_wakeup: comm=kworker/2:0 pid=1280 prio=120 target_cpu=002
          <idle>-0     [002] d...   677.993361: sched_switch: prev_comm=swapper/2 prev_pid=0 prev_prio=120 prev_state=R ==> next_comm=kworker/2:0 next_pid=1280 next_prio=120
     kworker/2:0-1280  [002] d...   677.993464: sched_switch: prev_comm=kworker/2:0 prev_pid=1280 prev_prio=120 prev_state=D ==> next_comm=swapper/2 next_pid=0 next_prio=120
          <idle>-0     [002] dnh.   677.993476: sched_wakeup: comm=kworker/2:0 pid=1280 prio=120 target_cpu=002
          <idle>-0     [002] d...   677.993481: sched_switch: prev_comm=swapper/2 prev_pid=0 prev_prio=120 prev_state=R ==> next_comm=kworker/2:0 next_pid=1280 next_prio=120
     kworker/2:0-1280  [002] d...   677.993512: sched_switch: prev_comm=kworker/2:0 prev_pid=1280 prev_prio=120 prev_state=D ==> next_comm=swapper/2 next_pid=0 next_prio=120
          <idle>-0     [002] dnh.   677.993559: sched_wakeup: comm=kworker/2:0 pid=1280 prio=120 target_cpu=002
          <idle>-0     [002] d...   677.993571: sched_switch: prev_comm=swapper/2 prev_pid=0 prev_prio=120 prev_state=R ==> next_comm=kworker/2:0 next_pid=1280 next_prio=120
     kworker/2:0-1280  [002] d...   677.993597: sched_switch: prev_comm=kworker/2:0 prev_pid=1280 prev_prio=120 prev_state=D ==> next_comm=swapper/2 next_pid=0 next_prio=120
          <idle>-0     [002] dnh.   677.993642: sched_wakeup: comm=kworker/2:0 pid=1280 prio=120 target_cpu=002
          <idle>-0     [002] d...   677.993653: sched_switch: prev_comm=swapper/2 prev_pid=0 prev_prio=120 prev_state=R ==> next_comm=kworker/2:0 next_pid=1280 next_prio=120
     kworker/2:0-1280  [002] d...   677.993678: sched_switch: prev_comm=kworker/2:0 prev_pid=1280 prev_prio=120 prev_state=D ==> next_comm=swapper/2 next_pid=0 next_prio=120
          <idle>-0     [002] dnh.   677.993723: sched_wakeup: comm=kworker/2:0 pid=1280 prio=120 target_cpu=002
          <idle>-0     [002] d...   677.993733: sched_switch: prev_comm=swapper/2 prev_pid=0 prev_prio=120 prev_state=R ==> next_comm=kworker/2:0 next_pid=1280 next_prio=120
     kworker/2:0-1280  [002] d...   677.993753: sched_switch: prev_comm=kworker/2:0 prev_pid=1280 prev_prio=120 prev_state=I ==> next_comm=swapper/2 next_pid=0 next_prio=120
          <idle>-0     [001] dnh.   678.016689: sched_wakeup: comm=rngd pid=361 prio=120 target_cpu=001
          <idle>-0     [001] d...   678.016702: sched_switch: prev_comm=swapper/1 prev_pid=0 prev_prio=120 prev_state=R ==> next_comm=rngd next_pid=361 next_prio=120
            rngd-361   [001] d...   678.016714: sched_switch: prev_comm=rngd prev_pid=361 prev_prio=120 prev_state=S ==> next_comm=swapper/1 next_pid=0 next_prio=120
          <idle>-0     [001] dnh.   678.053970: sched_wakeup: comm=rngd pid=361 prio=120 target_cpu=001
          <idle>-0     [001] dnh.   678.053982: sched_wakeup: comm=kworker/1:3 pid=431 prio=120 target_cpu=001
          <idle>-0     [000] dns.   678.053994: sched_wakeup: comm=InputThread pid=576 prio=120 target_cpu=000
          <idle>-0     [001] dnh.   678.053994: sched_wakeup: comm=thd pid=348 prio=120 target_cpu=001
          <idle>-0     [001] d...   678.054007: sched_switch: prev_comm=swapper/1 prev_pid=0 prev_prio=120 prev_state=R ==> next_comm=thd next_pid=348 next_prio=120
          <idle>-0     [000] d...   678.054029: sched_switch: prev_comm=swapper/0 prev_pid=0 prev_prio=120 prev_state=R ==> next_comm=InputThread next_pid=576 next_prio=120
             thd-348   [001] d...   678.054111: sched_switch: prev_comm=thd prev_pid=348 prev_prio=120 prev_state=S ==> next_comm=kworker/1:3 next_pid=431 next_prio=120
     kworker/1:3-431   [001] d...   678.054130: sched_switch: prev_comm=kworker/1:3 prev_pid=431 prev_prio=120 prev_state=I ==> next_comm=rngd next_pid=361 next_prio=120
            rngd-361   [001] d...   678.054220: sched_switch: prev_comm=rngd prev_pid=361 prev_prio=120 prev_state=S ==> next_comm=swapper/1 next_pid=0 next_prio=120
     InputThread-576   [000] d...   678.054253: sched_wakeup: comm=Xorg pid=502 prio=120 target_cpu=000
     InputThread-576   [000] d...   678.054286: sched_switch: prev_comm=InputThread prev_pid=576 prev_prio=120 prev_state=S ==> next_comm=Xorg next_pid=502 next_prio=120
          <idle>-0     [001] dnh.   678.054482: sched_wakeup: comm=lxterminal pid=847 prio=120 target_cpu=001
          <idle>-0     [001] d...   678.054495: sched_switch: prev_comm=swapper/1 prev_pid=0 prev_prio=120 prev_state=R ==> next_comm=lxterminal next_pid=847 next_prio=120
      lxterminal-847   [001] d...   678.054781: sched_switch: prev_comm=lxterminal prev_pid=847 prev_prio=120 prev_state=S ==> next_comm=swapper/1 next_pid=0 next_prio=120
            Xorg-502   [000] d...   678.054839: sched_switch: prev_comm=Xorg prev_pid=502 prev_prio=120 prev_state=S ==> next_comm=swapper/0 next_pid=0 next_prio=120
          <idle>-0     [001] dnh.   678.069985: sched_wakeup: comm=thd pid=348 prio=120 target_cpu=001
          <idle>-0     [000] dns.   678.069987: sched_wakeup: comm=InputThread pid=576 prio=120 target_cpu=000
          <idle>-0     [001] d...   678.070004: sched_switch: prev_comm=swapper/1 prev_pid=0 prev_prio=120 prev_state=R ==> next_comm=thd next_pid=348 next_prio=120
          <idle>-0     [000] d...   678.070024: sched_switch: prev_comm=swapper/0 prev_pid=0 prev_prio=120 prev_state=R ==> next_comm=InputThread next_pid=576 next_prio=120
             thd-348   [001] d...   678.070089: sched_switch: prev_comm=thd prev_pid=348 prev_prio=120 prev_state=S ==> next_comm=swapper/1 next_pid=0 next_prio=120
     InputThread-576   [000] d...   678.070170: sched_wakeup: comm=Xorg pid=502 prio=120 target_cpu=000
     InputThread-576   [000] d...   678.070194: sched_switch: prev_comm=InputThread prev_pid=576 prev_prio=120 prev_state=S ==> next_comm=Xorg next_pid=502 next_prio=120
          <idle>-0     [001] dnh.   678.070324: sched_wakeup: comm=lxterminal pid=847 prio=120 target_cpu=001
          <idle>-0     [001] d...   678.070335: sched_switch: prev_comm=swapper/1 prev_pid=0 prev_prio=120 prev_state=R ==> next_comm=lxterminal next_pid=847 next_prio=120
            Xorg-502   [000] d...   678.070602: sched_switch: prev_comm=Xorg prev_pid=502 prev_prio=120 prev_state=S ==> next_comm=swapper/0 next_pid=0 next_prio=120
      lxterminal-847   [001] d...   678.070604: sched_switch: prev_comm=lxterminal prev_pid=847 prev_prio=120 prev_state=S ==> next_comm=swapper/1 next_pid=0 next_prio=120
          <idle>-0     [001] dnh.   678.085971: sched_wakeup: comm=rngd pid=361 prio=120 target_cpu=001
          <idle>-0     [001] dnh.   678.085981: sched_wakeup: comm=thd pid=348 prio=120 target_cpu=001
          <idle>-0     [000] dns.   678.085985: sched_wakeup: comm=InputThread pid=576 prio=120 target_cpu=000
          <idle>-0     [001] d...   678.085997: sched_switch: prev_comm=swapper/1 prev_pid=0 prev_prio=120 prev_state=R ==> next_comm=rngd next_pid=361 next_prio=120
            rngd-361   [001] d...   678.086020: sched_switch: prev_comm=rngd prev_pid=361 prev_prio=120 prev_state=S ==> next_comm=thd next_pid=348 next_prio=120
          <idle>-0     [000] d...   678.086021: sched_switch: prev_comm=swapper/0 prev_pid=0 prev_prio=120 prev_state=R ==> next_comm=InputThread next_pid=576 next_prio=120
             thd-348   [001] d...   678.086149: sched_switch: prev_comm=thd prev_pid=348 prev_prio=120 prev_state=S ==> next_comm=swapper/1 next_pid=0 next_prio=120
     InputThread-576   [000] d...   678.086152: sched_wakeup: comm=Xorg pid=502 prio=120 target_cpu=000
     InputThread-576   [000] d...   678.086178: sched_switch: prev_comm=InputThread prev_pid=576 prev_prio=120 prev_state=S ==> next_comm=Xorg next_pid=502 next_prio=120
          <idle>-0     [001] dnh.   678.086318: sched_wakeup: comm=lxterminal pid=847 prio=120 target_cpu=001
          <idle>-0     [001] d...   678.086331: sched_switch: prev_comm=swapper/1 prev_pid=0 prev_prio=120 prev_state=R ==> next_comm=lxterminal next_pid=847 next_prio=120
            Xorg-502   [000] dn..   678.086353: sched_wakeup: comm=openbox pid=723 prio=120 target_cpu=000
            Xorg-502   [000] d...   678.086368: sched_switch: prev_comm=Xorg prev_pid=502 prev_prio=120 prev_state=R ==> next_comm=openbox next_pid=723 next_prio=120
         openbox-723   [000] d...   678.086512: sched_switch: prev_comm=openbox prev_pid=723 prev_prio=120 prev_state=S ==> next_comm=Xorg next_pid=502 next_prio=120
            Xorg-502   [000] dn..   678.086552: sched_wakeup: comm=openbox pid=723 prio=120 target_cpu=000
            Xorg-502   [000] d...   678.086563: sched_switch: prev_comm=Xorg prev_pid=502 prev_prio=120 prev_state=R ==> next_comm=openbox next_pid=723 next_prio=120
         openbox-723   [000] d...   678.086636: sched_switch: prev_comm=openbox prev_pid=723 prev_prio=120 prev_state=S ==> next_comm=Xorg next_pid=502 next_prio=120
            Xorg-502   [000] dn..   678.086724: sched_wakeup: comm=openbox pid=723 prio=120 target_cpu=000
            Xorg-502   [000] d...   678.086735: sched_switch: prev_comm=Xorg prev_pid=502 prev_prio=120 prev_state=R ==> next_comm=openbox next_pid=723 next_prio=120
      lxterminal-847   [001] d...   678.086812: sched_switch: prev_comm=lxterminal prev_pid=847 prev_prio=120 prev_state=S ==> next_comm=swapper/1 next_pid=0 next_prio=120
         openbox-723   [000] d...   678.086829: sched_switch: prev_comm=openbox prev_pid=723 prev_prio=120 prev_state=S ==> next_comm=Xorg next_pid=502 next_prio=120
            Xorg-502   [000] d...   678.087159: sched_switch: prev_comm=Xorg prev_pid=502 prev_prio=120 prev_state=S ==> next_comm=swapper/0 next_pid=0 next_prio=120
          <idle>-0     [001] dnh.   678.088702: sched_wakeup: comm=rngd pid=361 prio=120 target_cpu=001
          <idle>-0     [001] d...   678.088716: sched_switch: prev_comm=swapper/1 prev_pid=0 prev_prio=120 prev_state=R ==> next_comm=rngd next_pid=361 next_prio=120
            rngd-361   [001] d...   678.088736: sched_switch: prev_comm=rngd prev_pid=361 prev_prio=120 prev_state=S ==> next_comm=swapper/1 next_pid=0 next_prio=120
          <idle>-0     [000] dnh.   678.089395: sched_wakeup: comm=lxpanel pid=731 prio=120 target_cpu=000
          <idle>-0     [000] d...   678.089413: sched_switch: prev_comm=swapper/0 prev_pid=0 prev_prio=120 prev_state=R ==> next_comm=lxpanel next_pid=731 next_prio=120
         lxpanel-731   [000] d...   678.091368: sched_wakeup: comm=Xorg pid=502 prio=120 target_cpu=000
         lxpanel-731   [000] d...   678.091410: sched_switch: prev_comm=lxpanel prev_pid=731 prev_prio=120 prev_state=S ==> next_comm=Xorg next_pid=502 next_prio=120
            Xorg-502   [000] dn..   678.091545: sched_wakeup: comm=lxpanel pid=731 prio=120 target_cpu=000
            Xorg-502   [000] d...   678.091557: sched_switch: prev_comm=Xorg prev_pid=502 prev_prio=120 prev_state=R ==> next_comm=lxpanel next_pid=731 next_prio=120
         lxpanel-731   [000] d...   678.093082: sched_switch: prev_comm=lxpanel prev_pid=731 prev_prio=120 prev_state=S ==> next_comm=Xorg next_pid=502 next_prio=120
            Xorg-502   [000] dns.   678.093376: sched_wakeup: comm=kworker/0:1 pid=31 prio=120 target_cpu=000
            Xorg-502   [000] dns.   678.093456: sched_wakeup: comm=rcu_sched pid=10 prio=120 target_cpu=000
            Xorg-502   [000] d...   678.093471: sched_switch: prev_comm=Xorg prev_pid=502 prev_prio=120 prev_state=R ==> next_comm=kworker/0:1 next_pid=31 next_prio=120
          <idle>-0     [002] dnh.   678.093511: sched_wakeup: comm=kworker/2:0 pid=1280 prio=120 target_cpu=002
     kworker/0:1-31    [000] d...   678.093518: sched_switch: prev_comm=kworker/0:1 prev_pid=31 prev_prio=120 prev_state=I ==> next_comm=rcu_sched next_pid=10 next_prio=120
          <idle>-0     [002] d...   678.093531: sched_switch: prev_comm=swapper/2 prev_pid=0 prev_prio=120 prev_state=R ==> next_comm=kworker/2:0 next_pid=1280 next_prio=120
       rcu_sched-10    [000] d...   678.093542: sched_switch: prev_comm=rcu_sched prev_pid=10 prev_prio=120 prev_state=I ==> next_comm=Xorg next_pid=502 next_prio=120
     kworker/2:0-1280  [002] d...   678.093673: sched_switch: prev_comm=kworker/2:0 prev_pid=1280 prev_prio=120 prev_state=I ==> next_comm=swapper/2 next_pid=0 next_prio=120
            Xorg-502   [000] d...   678.093935: sched_switch: prev_comm=Xorg prev_pid=502 prev_prio=120 prev_state=S ==> next_comm=swapper/0 next_pid=0 next_prio=120
          <idle>-0     [001] dnh.   678.102007: sched_wakeup: comm=thd pid=348 prio=120 target_cpu=001
          <idle>-0     [000] dns.   678.102012: sched_wakeup: comm=InputThread pid=576 prio=120 target_cpu=000
          <idle>-0     [001] d...   678.102023: sched_switch: prev_comm=swapper/1 prev_pid=0 prev_prio=120 prev_state=R ==> next_comm=thd next_pid=348 next_prio=120
          <idle>-0     [000] d...   678.102053: sched_switch: prev_comm=swapper/0 prev_pid=0 prev_prio=120 prev_state=R ==> next_comm=InputThread next_pid=576 next_prio=120
             thd-348   [001] d...   678.102125: sched_switch: prev_comm=thd prev_pid=348 prev_prio=120 prev_state=S ==> next_comm=swapper/1 next_pid=0 next_prio=120
     InputThread-576   [000] d...   678.102251: sched_wakeup: comm=Xorg pid=502 prio=120 target_cpu=000
     InputThread-576   [000] d...   678.102283: sched_switch: prev_comm=InputThread prev_pid=576 prev_prio=120 prev_state=S ==> next_comm=Xorg next_pid=502 next_prio=120
            Xorg-502   [000] dn..   678.102463: sched_wakeup: comm=openbox pid=723 prio=120 target_cpu=000
            Xorg-502   [000] d...   678.102477: sched_switch: prev_comm=Xorg prev_pid=502 prev_prio=120 prev_state=R ==> next_comm=openbox next_pid=723 next_prio=120
         openbox-723   [000] d...   678.102657: sched_switch: prev_comm=openbox prev_pid=723 prev_prio=120 prev_state=S ==> next_comm=Xorg next_pid=502 next_prio=120
            Xorg-502   [000] d...   678.103016: sched_switch: prev_comm=Xorg prev_pid=502 prev_prio=120 prev_state=S ==> next_comm=swapper/0 next_pid=0 next_prio=120
          <idle>-0     [000] dns.   678.113319: sched_wakeup: comm=rcu_sched pid=10 prio=120 target_cpu=000
          <idle>-0     [000] d...   678.113357: sched_switch: prev_comm=swapper/0 prev_pid=0 prev_prio=120 prev_state=R ==> next_comm=rcu_sched next_pid=10 next_prio=120
       rcu_sched-10    [000] d...   678.113392: sched_switch: prev_comm=rcu_sched prev_pid=10 prev_prio=120 prev_state=I ==> next_comm=swapper/0 next_pid=0 next_prio=120
          <idle>-0     [001] dnh.   678.117975: sched_wakeup: comm=rngd pid=361 prio=120 target_cpu=001
          <idle>-0     [000] dns.   678.117991: sched_wakeup: comm=InputThread pid=576 prio=120 target_cpu=000
          <idle>-0     [001] dnh.   678.117992: sched_wakeup: comm=thd pid=348 prio=120 target_cpu=001
          <idle>-0     [001] d...   678.117999: sched_switch: prev_comm=swapper/1 prev_pid=0 prev_prio=120 prev_state=R ==> next_comm=rngd next_pid=361 next_prio=120
            rngd-361   [001] d...   678.118019: sched_switch: prev_comm=rngd prev_pid=361 prev_prio=120 prev_state=S ==> next_comm=thd next_pid=348 next_prio=120
          <idle>-0     [000] d...   678.118022: sched_switch: prev_comm=swapper/0 prev_pid=0 prev_prio=120 prev_state=R ==> next_comm=InputThread next_pid=576 next_prio=120
     InputThread-576   [000] d...   678.118165: sched_wakeup: comm=Xorg pid=502 prio=120 target_cpu=000
             thd-348   [001] d...   678.118208: sched_switch: prev_comm=thd prev_pid=348 prev_prio=120 prev_state=S ==> next_comm=Xorg next_pid=502 next_prio=120
     InputThread-576   [000] d...   678.118230: sched_switch: prev_comm=InputThread prev_pid=576 prev_prio=120 prev_state=S ==> next_comm=swapper/0 next_pid=0 next_prio=120
            Xorg-502   [001] d...   678.118380: sched_wakeup: comm=openbox pid=723 prio=120 target_cpu=001
          <idle>-0     [000] dnh.   678.118471: sched_wakeup: comm=lxpanel pid=731 prio=120 target_cpu=000
          <idle>-0     [000] d...   678.118480: sched_switch: prev_comm=swapper/0 prev_pid=0 prev_prio=120 prev_state=R ==> next_comm=lxpanel next_pid=731 next_prio=120
            Xorg-502   [001] d...   678.118764: sched_switch: prev_comm=Xorg prev_pid=502 prev_prio=120 prev_state=S ==> next_comm=openbox next_pid=723 next_prio=120
         openbox-723   [001] d...   678.119014: sched_switch: prev_comm=openbox prev_pid=723 prev_prio=120 prev_state=S ==> next_comm=swapper/1 next_pid=0 next_prio=120
          <idle>-0     [001] dnh.   678.120250: sched_wakeup: comm=Xorg pid=502 prio=120 target_cpu=001
         lxpanel-731   [000] d...   678.120264: sched_switch: prev_comm=lxpanel prev_pid=731 prev_prio=120 prev_state=S ==> next_comm=swapper/0 next_pid=0 next_prio=120
          <idle>-0     [001] d...   678.120267: sched_switch: prev_comm=swapper/1 prev_pid=0 prev_prio=120 prev_state=R ==> next_comm=Xorg next_pid=502 next_prio=120
            Xorg-502   [001] d...   678.120382: sched_wakeup: comm=lxpanel pid=731 prio=120 target_cpu=001
            Xorg-502   [001] d...   678.120426: sched_switch: prev_comm=Xorg prev_pid=502 prev_prio=120 prev_state=S ==> next_comm=lxpanel next_pid=731 next_prio=120
         lxpanel-731   [001] dns.   678.123380: sched_wakeup: comm=kworker/1:3 pid=431 prio=120 target_cpu=001
         lxpanel-731   [001] d...   678.123478: sched_switch: prev_comm=lxpanel prev_pid=731 prev_prio=120 prev_state=R ==> next_comm=kworker/1:3 next_pid=431 next_prio=120
     kworker/1:3-431   [001] d...   678.123513: sched_switch: prev_comm=kworker/1:3 prev_pid=431 prev_prio=120 prev_state=I ==> next_comm=lxpanel next_pid=731 next_prio=120
         lxpanel-731   [001] dn..   678.124825: sched_wakeup: comm=Xorg pid=502 prio=120 target_cpu=001
         lxpanel-731   [001] d...   678.124849: sched_switch: prev_comm=lxpanel prev_pid=731 prev_prio=120 prev_state=R ==> next_comm=Xorg next_pid=502 next_prio=120
            Xorg-502   [001] d...   678.127532: sched_switch: prev_comm=Xorg prev_pid=502 prev_prio=120 prev_state=S ==> next_comm=lxpanel next_pid=731 next_prio=120
         lxpanel-731   [001] d...   678.127723: sched_switch: prev_comm=lxpanel prev_pid=731 prev_prio=120 prev_state=S ==> next_comm=swapper/1 next_pid=0 next_prio=120
          <idle>-0     [000] dns.   678.133357: sched_wakeup: comm=rcu_sched pid=10 prio=120 target_cpu=000
          <idle>-0     [000] d...   678.133421: sched_switch: prev_comm=swapper/0 prev_pid=0 prev_prio=120 prev_state=R ==> next_comm=rcu_sched next_pid=10 next_prio=120
       rcu_sched-10    [000] d...   678.133452: sched_switch: prev_comm=rcu_sched prev_pid=10 prev_prio=120 prev_state=I ==> next_comm=swapper/0 next_pid=0 next_prio=120
          <idle>-0     [001] dnh.   678.134001: sched_wakeup: comm=rngd pid=361 prio=120 target_cpu=001
          <idle>-0     [000] dns.   678.134021: sched_wakeup: comm=InputThread pid=576 prio=120 target_cpu=000
          <idle>-0     [001] dnh.   678.134022: sched_wakeup: comm=thd pid=348 prio=120 target_cpu=001
          <idle>-0     [001] d...   678.134030: sched_switch: prev_comm=swapper/1 prev_pid=0 prev_prio=120 prev_state=R ==> next_comm=rngd next_pid=361 next_prio=120
            rngd-361   [001] d...   678.134060: sched_switch: prev_comm=rngd prev_pid=361 prev_prio=120 prev_state=S ==> next_comm=thd next_pid=348 next_prio=120
          <idle>-0     [000] d...   678.134068: sched_switch: prev_comm=swapper/0 prev_pid=0 prev_prio=120 prev_state=R ==> next_comm=InputThread next_pid=576 next_prio=120
             thd-348   [001] d...   678.134216: sched_switch: prev_comm=thd prev_pid=348 prev_prio=120 prev_state=S ==> next_comm=swapper/1 next_pid=0 next_prio=120
          <idle>-0     [001] dnh.   678.134289: sched_wakeup: comm=Xorg pid=502 prio=120 target_cpu=001
          <idle>-0     [001] d...   678.134302: sched_switch: prev_comm=swapper/1 prev_pid=0 prev_prio=120 prev_state=R ==> next_comm=Xorg next_pid=502 next_prio=120
     InputThread-576   [000] d...   678.134311: sched_switch: prev_comm=InputThread prev_pid=576 prev_prio=120 prev_state=S ==> next_comm=swapper/0 next_pid=0 next_prio=120
            Xorg-502   [001] d...   678.134481: sched_wakeup: comm=lxpanel pid=731 prio=120 target_cpu=001
            Xorg-502   [001] d...   678.134733: sched_switch: prev_comm=Xorg prev_pid=502 prev_prio=120 prev_state=S ==> next_comm=lxpanel next_pid=731 next_prio=120
         lxpanel-731   [001] dn..   678.135187: sched_wakeup: comm=Xorg pid=502 prio=120 target_cpu=001
